Component: ARM Compiler 6.14 Tool: armlink [5db06800]

==============================================================================

Memory Map of the image

  Image Entry point : 0x0000010d

  Load Region LR_IROM1 (Base: 0x00000000, Size: 0x00080df4, Max: 0x00100000, ABSOLUTE, COMPRESSED[0x000809c8])

    Execution Region ER_IROM1 (Base: 0x00000000, Size: 0x000807b8, Max: 0x00100000, ABSOLUTE)

    Base Addr    Size         Type   Attr      Idx    E Section Name        Object

    0x00000000   0x0000010c   Data   RO        21816    RESET               BUILD/TB_SENSE_12/ARMC6/mbed-os/targets/TARGET_Silicon_Labs/TARGET_EFM32/TARGET_EFR32MG12/device/TOOLCHAIN_ARM_STD/startup_efr32mg12p.o
    0x0000010c   0x00000008   Code   RO        24576  * !!!main             c:\ProgramData\Mbed Studio\mbed-studio-tools\ac6\bin\..\lib\armlib\c_w.l(__main.o)
    0x00000114   0x00000034   Code   RO        25197    !!!scatter          c:\ProgramData\Mbed Studio\mbed-studio-tools\ac6\bin\..\lib\armlib\c_w.l(__scatter.o)
    0x00000148   0x0000005a   Code   RO        25195    !!dczerorl2         c:\ProgramData\Mbed Studio\mbed-studio-tools\ac6\bin\..\lib\armlib\c_w.l(__dczerorl2.o)
    0x000001a2   0x00000002   PAD
    0x000001a4   0x0000001c   Code   RO        25199    !!handler_zi        c:\ProgramData\Mbed Studio\mbed-studio-tools\ac6\bin\..\lib\armlib\c_w.l(__scatter_zi.o)
    0x000001c0   0x00000000   Code   RO        24438    .ARM.Collect$$_printf_percent$$00000000  c:\ProgramData\Mbed Studio\mbed-studio-tools\ac6\bin\..\lib\armlib\c_w.l(_printf_percent.o)
    0x000001c0   0x00000006   Code   RO        24430    .ARM.Collect$$_printf_percent$$00000001  c:\ProgramData\Mbed Studio\mbed-studio-tools\ac6\bin\..\lib\armlib\c_w.l(_printf_n.o)
    0x000001c6   0x00000006   Code   RO        24432    .ARM.Collect$$_printf_percent$$00000002  c:\ProgramData\Mbed Studio\mbed-studio-tools\ac6\bin\..\lib\armlib\c_w.l(_printf_p.o)
    0x000001cc   0x00000006   Code   RO        24437    .ARM.Collect$$_printf_percent$$00000003  c:\ProgramData\Mbed Studio\mbed-studio-tools\ac6\bin\..\lib\armlib\c_w.l(_printf_f.o)
    0x000001d2   0x00000006   Code   RO        24758    .ARM.Collect$$_printf_percent$$00000004  c:\ProgramData\Mbed Studio\mbed-studio-tools\ac6\bin\..\lib\armlib\c_w.l(_printf_e.o)
    0x000001d8   0x00000006   Code   RO        24759    .ARM.Collect$$_printf_percent$$00000005  c:\ProgramData\Mbed Studio\mbed-studio-tools\ac6\bin\..\lib\armlib\c_w.l(_printf_g.o)
    0x000001de   0x00000006   Code   RO        24760    .ARM.Collect$$_printf_percent$$00000006  c:\ProgramData\Mbed Studio\mbed-studio-tools\ac6\bin\..\lib\armlib\c_w.l(_printf_a.o)
    0x000001e4   0x0000000a   Code   RO        24765    .ARM.Collect$$_printf_percent$$00000007  c:\ProgramData\Mbed Studio\mbed-studio-tools\ac6\bin\..\lib\armlib\c_w.l(_printf_ll.o)
    0x000001ee   0x00000006   Code   RO        24434    .ARM.Collect$$_printf_percent$$00000008  c:\ProgramData\Mbed Studio\mbed-studio-tools\ac6\bin\..\lib\armlib\c_w.l(_printf_i.o)
    0x000001f4   0x00000006   Code   RO        24435    .ARM.Collect$$_printf_percent$$00000009  c:\ProgramData\Mbed Studio\mbed-studio-tools\ac6\bin\..\lib\armlib\c_w.l(_printf_d.o)
    0x000001fa   0x00000006   Code   RO        24436    .ARM.Collect$$_printf_percent$$0000000A  c:\ProgramData\Mbed Studio\mbed-studio-tools\ac6\bin\..\lib\armlib\c_w.l(_printf_u.o)
    0x00000200   0x00000006   Code   RO        24433    .ARM.Collect$$_printf_percent$$0000000B  c:\ProgramData\Mbed Studio\mbed-studio-tools\ac6\bin\..\lib\armlib\c_w.l(_printf_o.o)
    0x00000206   0x00000006   Code   RO        24431    .ARM.Collect$$_printf_percent$$0000000C  c:\ProgramData\Mbed Studio\mbed-studio-tools\ac6\bin\..\lib\armlib\c_w.l(_printf_x.o)
    0x0000020c   0x00000006   Code   RO        24762    .ARM.Collect$$_printf_percent$$0000000D  c:\ProgramData\Mbed Studio\mbed-studio-tools\ac6\bin\..\lib\armlib\c_w.l(_printf_lli.o)
    0x00000212   0x00000006   Code   RO        24763    .ARM.Collect$$_printf_percent$$0000000E  c:\ProgramData\Mbed Studio\mbed-studio-tools\ac6\bin\..\lib\armlib\c_w.l(_printf_lld.o)
    0x00000218   0x00000006   Code   RO        24764    .ARM.Collect$$_printf_percent$$0000000F  c:\ProgramData\Mbed Studio\mbed-studio-tools\ac6\bin\..\lib\armlib\c_w.l(_printf_llu.o)
    0x0000021e   0x00000006   Code   RO        24768    .ARM.Collect$$_printf_percent$$00000010  c:\ProgramData\Mbed Studio\mbed-studio-tools\ac6\bin\..\lib\armlib\c_w.l(_printf_llo.o)
    0x00000224   0x00000006   Code   RO        24769    .ARM.Collect$$_printf_percent$$00000011  c:\ProgramData\Mbed Studio\mbed-studio-tools\ac6\bin\..\lib\armlib\c_w.l(_printf_llx.o)
    0x0000022a   0x0000000a   Code   RO        24766    .ARM.Collect$$_printf_percent$$00000012  c:\ProgramData\Mbed Studio\mbed-studio-tools\ac6\bin\..\lib\armlib\c_w.l(_printf_l.o)
[...]
    0x0007a92a   0x00000001   Data   RO        12552    .rodata.mle_active_configuration_dataset_ignore_tlvs  BUILD/TB_SENSE_12/ARMC6/mbed-os/features/nanostack/sal-stack-nanostack/source/6LoWPAN/Thread/thread_joiner_application.o
    0x0007a92b   0x00000009   Data   RO        12548    .rodata.mle_active_configuration_dataset_tlvs  BUILD/TB_SENSE_12/ARMC6/mbed-os/features/nanostack/sal-stack-nanostack/source/6LoWPAN/Thread/thread_joiner_application.o
    0x0007a934   0x00000001   Data   RO        12553    .rodata.mle_pending_configuration_dataset_ignore_tlvs  BUILD/TB_SENSE_12/ARMC6/mbed-os/features/nanostack/sal-stack-nanostack/source/6LoWPAN/Thread/thread_joiner_application.o
    0x0007a935   0x00000010   Data   RO        16721    .rodata.ns_in6addr_any  BUILD/TB_SENSE_12/ARMC6/mbed-os/features/nanostack/sal-stack-nanostack/source/libNET/src/socket_api.o
    0x0007a945   0x00000003   PAD
    0x0007a948   0x0000003c   Data   RO         9031    .rodata.oid_ecp_grp  BUILD/TB_SENSE_12/ARMC6/mbed-os/features/mbedtls/src/oid.o
    0x0007a984   0x00000080   Data   RO         9036    .rodata.oid_ext_key_usage  BUILD/TB_SENSE_12/ARMC6/mbed-os/features/mbedtls/src/oid.o
    0x0007aa04   0x00000064   Data   RO         9032    .rodata.oid_md_alg  BUILD/TB_SENSE_12/ARMC6/mbed-os/features/mbedtls/src/oid.o
    0x0007aa68   0x00000050   Data   RO         9030    .rodata.oid_pk_alg  BUILD/TB_SENSE_12/ARMC6/mbed-os/features/mbedtls/src/oid.o
    0x0007aab8   0x000000c8   Data   RO         9029    .rodata.oid_sig_alg  BUILD/TB_SENSE_12/ARMC6/mbed-os/features/mbedtls/src/oid.o
    0x0007ab80   0x0000008c   Data   RO         9035    .rodata.oid_x509_ext  BUILD/TB_SENSE_12/ARMC6/mbed-os/features/mbedtls/src/oid.o
    0x0007ac0c   0x00000190   Data   RO         9033    .rodata.oid_x520_attr_type  BUILD/TB_SENSE_12/ARMC6/mbed-os/features/mbedtls/src/oid.o
    0x0007ad9c   0x00000004   Data   RO        21365    .rodata.osRtxUserSVC  BUILD/TB_SENSE_12/ARMC6/mbed-os/rtos/source/TARGET_CORTEX/rtx5/RTX/Source/rtx_lib.o
    0x0007ada0   0x00000024   Data   RO        21360    .rodata.os_idle_thread_attr  BUILD/TB_SENSE_12/ARMC6/mbed-os/rtos/source/TARGET_CORTEX/rtx5/RTX/Source/rtx_lib.o
    0x0007adc4   0x00000018   Data   RO        21362    .rodata.os_timer_mq_attr  BUILD/TB_SENSE_12/ARMC6/mbed-os/rtos/source/TARGET_CORTEX/rtx5/RTX/Source/rtx_lib.o
    0x0007addc   0x00000024   Data   RO        21361    .rodata.os_timer_thread_attr  BUILD/TB_SENSE_12/ARMC6/mbed-os/rtos/source/TARGET_CORTEX/rtx5/RTX/Source/rtx_lib.o
    0x0007ae00   0x00000006   Data   RO        15054    .rodata.rfc7731_default_control_message_trickle_params  BUILD/TB_SENSE_12/ARMC6/mbed-os/features/nanostack/sal-stack-nanostack/source/MPL/mpl.o
    0x0007ae06   0x00000006   Data   RO        15053    .rodata.rfc7731_default_data_message_trickle_params  BUILD/TB_SENSE_12/ARMC6/mbed-os/features/nanostack/sal-stack-nanostack/source/MPL/mpl.o
    0x0007ae0c   0x00000020   Data   RO         8823    .rodata.secp256r1_b  BUILD/TB_SENSE_12/ARMC6/mbed-os/features/mbedtls/src/ecp_curves.o
    0x0007ae2c   0x00000020   Data   RO         8824    .rodata.secp256r1_gx  BUILD/TB_SENSE_12/ARMC6/mbed-os/features/mbedtls/src/ecp_curves.o
    0x0007ae4c   0x00000020   Data   RO         8825    .rodata.secp256r1_gy  BUILD/TB_SENSE_12/ARMC6/mbed-os/features/mbedtls/src/ecp_curves.o
    0x0007ae6c   0x00000020   Data   RO         8826    .rodata.secp256r1_n  BUILD/TB_SENSE_12/ARMC6/mbed-os/features/mbedtls/src/ecp_curves.o
    0x0007ae8c   0x00000020   Data   RO         8822    .rodata.secp256r1_p  BUILD/TB_SENSE_12/ARMC6/mbed-os/features/mbedtls/src/ecp_curves.o
    0x0007aeac   0x00000030   Data   RO         8828    .rodata.secp384r1_b  BUILD/TB_SENSE_12/ARMC6/mbed-os/features/mbedtls/src/ecp_curves.o
    0x0007aedc   0x00000030   Data   RO         8829    .rodata.secp384r1_gx  BUILD/TB_SENSE_12/ARMC6/mbed-os/features/mbedtls/src/ecp_curves.o
    0x0007af0c   0x00000030   Data   RO         8830    .rodata.secp384r1_gy  BUILD/TB_SENSE_12/ARMC6/mbed-os/features/mbedtls/src/ecp_curves.o
    0x0007af3c   0x00000030   Data   RO         8831    .rodata.secp384r1_n  BUILD/TB_SENSE_12/ARMC6/mbed-os/features/mbedtls/src/ecp_curves.o
    0x0007af6c   0x00000030   Data   RO         8827    .rodata.secp384r1_p  BUILD/TB_SENSE_12/ARMC6/mbed-os/features/mbedtls/src/ecp_curves.o
    0x0007af9c   0x00000040   Data   RO         9995    .rodata.sha_padding  BUILD/TB_SENSE_12/ARMC6/mbed-os/features/mbedtls/targets/TARGET_Silicon_Labs/crypto_sha.o
    0x0007afdc   0x0000000c   Data   RO        14014    .rodata.state_flag  BUILD/TB_SENSE_12/ARMC6/mbed-os/features/nanostack/sal-stack-nanostack/source/Common_Protocols/tcp.o
    0x0007afe8   0x000000a0   Data   RO           73    .rodata.str1.1      BUILD/TB_SENSE_12/ARMC6/cli_cmd.o
    0x0007b088   0x00000045   Data   RO         1427    .rodata.str1.1      BUILD/TB_SENSE_12/ARMC6/mbed-os/drivers/source/SPI.o
    0x0007b0cd   0x0000003e   Data   RO         2933    .rodata.str1.1      BUILD/TB_SENSE_12/ARMC6/mbed-os/events/source/mbed_shared_queues.o
    0x0007b10b   0x0000001f   Data   RO         5242    .rodata.str1.1      BUILD/TB_SENSE_12/ARMC6/mbed-os/features/frameworks/mbed-trace/source/mbed_trace.o
    0x0007b12a   0x000000b7   Data   RO         8527    .rodata.str1.1      BUILD/TB_SENSE_12/ARMC6/mbed-os/features/mbedtls/src/cipher_wrap.o
    0x0007b1e1   0x00000014   Data   RO         8803    .rodata.str1.1      BUILD/TB_SENSE_12/ARMC6/mbed-os/features/mbedtls/src/ecp.o
    0x0007b1f5   0x00000774   Data   RO         9034    .rodata.str1.1      BUILD/TB_SENSE_12/ARMC6/mbed-os/features/mbedtls/src/oid.o
    0x0007b969   0x0000000b   Data   RO         9088    .rodata.str1.1      BUILD/TB_SENSE_12/ARMC6/mbed-os/features/mbedtls/src/pk.o
    0x0007b974   0x0000000f   Data   RO         9153    .rodata.str1.1      BUILD/TB_SENSE_12/ARMC6/mbed-os/features/mbedtls/src/pk_wrap.o
    0x0007b983   0x00000036   Data   RO         9186    .rodata.str1.1      BUILD/TB_SENSE_12/ARMC6/mbed-os/features/mbedtls/src/pkparse.o
    0x0007b9b9   0x000003a0   Data   RO         9397    .rodata.str1.1      BUILD/TB_SENSE_12/ARMC6/mbed-os/features/mbedtls/src/ssl_ciphersuites.o
    0x0007bd59   0x0000103a   Data   RO         9404    .rodata.str1.1      BUILD/TB_SENSE_12/ARMC6/mbed-os/features/mbedtls/src/ssl_cli.o
    0x0007cd93   0x000012f8   Data   RO         9513    .rodata.str1.1      BUILD/TB_SENSE_12/ARMC6/mbed-os/features/mbedtls/src/ssl_msg.o
    0x0007e08b   0x00000ed0   Data   RO         9524    .rodata.str1.1      BUILD/TB_SENSE_12/ARMC6/mbed-os/features/mbedtls/src/ssl_srv.o
    0x0007ef5b   0x000003aa   Data   RO         9793    .rodata.str1.1      BUILD/TB_SENSE_12/ARMC6/mbed-os/features/mbedtls/src/ssl_tls.o
    0x0007f305   0x00000325   Data   RO         9910    .rodata.str1.1      BUILD/TB_SENSE_12/ARMC6/mbed-os/features/mbedtls/src/x509_crt.o
    0x0007f62a   0x0000004d   Data   RO        10492    .rodata.str1.1      BUILD/TB_SENSE_12/ARMC6/mbed-os/features/nanostack/mbed-mesh-api/source/NanostackMemoryManager.o
    0x0007f677   0x000000bb   Data   RO        10844    .rodata.str1.1      BUILD/TB_SENSE_12/ARMC6/mbed-os/features/nanostack/mbed-mesh-api/source/thread_tasklet.o
    0x0007f732   0x00000068   Data   RO        10929    .rodata.str1.1      BUILD/TB_SENSE_12/ARMC6/mbed-os/features/nanostack/nanostack-hal-mbed-cmsis-rtos/arm_hal_interrupt.o
    0x0007f79a   0x0000004d   Data   RO        10953    .rodata.str1.1      BUILD/TB_SENSE_12/ARMC6/mbed-os/features/nanostack/nanostack-hal-mbed-cmsis-rtos/arm_hal_timer.o
    0x0007f7e7   0x00000062   Data   RO        10974    .rodata.str1.1      BUILD/TB_SENSE_12/ARMC6/mbed-os/features/nanostack/nanostack-hal-mbed-cmsis-rtos/ns_event_loop.o
    0x0007f849   0x00000067   Data   RO        10992    .rodata.str1.1      BUILD/TB_SENSE_12/ARMC6/mbed-os/features/nanostack/nanostack-hal-mbed-cmsis-rtos/ns_event_loop_mutex.o
    0x0007f8b0   0x00000049   Data   RO        11000    .rodata.str1.1      BUILD/TB_SENSE_12/ARMC6/mbed-os/features/nanostack/nanostack-hal-mbed-cmsis-rtos/ns_hal_init.o
    0x0007f8f9   0x00000165   Data   RO        11120    .rodata.str1.1      BUILD/TB_SENSE_12/ARMC6/mbed-os/features/nanostack/nanostack-interface/Nanostack.o
    0x0007fa5e   0x00000014   Data   RO        11690    .rodata.str1.1      BUILD/TB_SENSE_12/ARMC6/mbed-os/features/nanostack/sal-stack-nanostack/source/6LoWPAN/Thread/thread_bbr_api.o
    0x0007fa72   0x00000014   Data   RO        12016    .rodata.str1.1      BUILD/TB_SENSE_12/ARMC6/mbed-os/features/nanostack/sal-stack-nanostack/source/6LoWPAN/Thread/thread_ccm.o
    0x0007fa86   0x0000000f   Data   RO        12309    .rodata.str1.1      BUILD/TB_SENSE_12/ARMC6/mbed-os/features/nanostack/sal-stack-nanostack/source/6LoWPAN/Thread/thread_diagnostic.o
    0x0007fa95   0x0000002d   Data   RO        12620    .rodata.str1.1      BUILD/TB_SENSE_12/ARMC6/mbed-os/features/nanostack/sal-stack-nanostack/source/6LoWPAN/Thread/thread_leader_service.o
    0x0007fac2   0x0000001b   Data   RO        12907    .rodata.str1.1      BUILD/TB_SENSE_12/ARMC6/mbed-os/features/nanostack/sal-stack-nanostack/source/6LoWPAN/Thread/thread_management_server.o
    0x0007fadd   0x00000019   Data   RO        13279    .rodata.str1.1      BUILD/TB_SENSE_12/ARMC6/mbed-os/features/nanostack/sal-stack-nanostack/source/6LoWPAN/Thread/thread_nvm_store.o
    0x0007faf6   0x0000000a   Data   RO        13311    .rodata.str1.1      BUILD/TB_SENSE_12/ARMC6/mbed-os/features/nanostack/sal-stack-nanostack/source/6LoWPAN/Thread/thread_resolution_client.o
    0x0007fb00   0x00000005   Data   RO        13322    .rodata.str1.1      BUILD/TB_SENSE_12/ARMC6/mbed-os/features/nanostack/sal-stack-nanostack/source/6LoWPAN/Thread/thread_resolution_server.o
    0x0007fb05   0x00000012   Data   RO        14211    .rodata.str1.1      BUILD/TB_SENSE_12/ARMC6/mbed-os/features/nanostack/sal-stack-nanostack/source/Core/ns_monitor.o
    0x0007fb17   0x00000023   Data   RO        16994    .rodata.str1.1      BUILD/TB_SENSE_12/ARMC6/mbed-os/features/netsocket/InternetSocket.o
    0x0007fb3a   0x0000004e   Data   RO        20240    .rodata.str1.1      BUILD/TB_SENSE_12/ARMC6/mbed-os/platform/source/SysTimer.o
    0x0007fb88   0x000000c8   Data   RO        20400    .rodata.str1.1      BUILD/TB_SENSE_12/ARMC6/mbed-os/platform/source/TARGET_CORTEX_M/mbed_fault_handler.o
    0x0007fc50   0x00000159   Data   RO        20583    .rodata.str1.1      BUILD/TB_SENSE_12/ARMC6/mbed-os/platform/source/mbed_error.o
    0x0007fda9   0x00000063   Data   RO        20849    .rodata.str1.1      BUILD/TB_SENSE_12/ARMC6/mbed-os/platform/source/mbed_retarget.o
    0x0007fe0c   0x00000012   Data   RO        21024    .rodata.str1.1      BUILD/TB_SENSE_12/ARMC6/mbed-os/rtos/source/Mutex.o
    0x0007fe1e   0x00000019   Data   RO        21061    .rodata.str1.1      BUILD/TB_SENSE_12/ARMC6/mbed-os/rtos/source/Semaphore.o
    0x0007fe37   0x00000138   Data   RO        21141    .rodata.str1.1      BUILD/TB_SENSE_12/ARMC6/mbed-os/rtos/source/TARGET_CORTEX/mbed_rtx_handlers.o
    0x0007ff6f   0x00000036   Data   RO        21170    .rodata.str1.1      BUILD/TB_SENSE_12/ARMC6/mbed-os/rtos/source/TARGET_CORTEX/mbed_rtx_idle.o
    0x0007ffa5   0x00000013   Data   RO        21366    .rodata.str1.1      BUILD/TB_SENSE_12/ARMC6/mbed-os/rtos/source/TARGET_CORTEX/rtx5/RTX/Source/rtx_lib.o
    0x0007ffb8   0x00000025   Data   RO        21743    .rodata.str1.1      BUILD/TB_SENSE_12/ARMC6/mbed-os/rtos/source/ThisThread.o
    0x0007ffdd   0x0000001b   Data   RO        21802    .rodata.str1.1      BUILD/TB_SENSE_12/ARMC6/mbed-os/rtos/source/Thread.o
    0x0007fff8   0x0000004d   Data   RO        22585    .rodata.str1.1      BUILD/TB_SENSE_12/ARMC6/mbed-os/targets/TARGET_Silicon_Labs/TARGET_EFM32/gpio_api.o
    0x00080045   0x00000042   Data   RO        22606    .rodata.str1.1      BUILD/TB_SENSE_12/ARMC6/mbed-os/targets/TARGET_Silicon_Labs/TARGET_EFM32/gpio_irq_api.o
    0x00080087   0x00000061   Data   RO        22662    .rodata.str1.1      BUILD/TB_SENSE_12/ARMC6/mbed-os/targets/TARGET_Silicon_Labs/TARGET_EFM32/i2c_api.o
    0x000800e8   0x00000093   Data   RO        22906    .rodata.str1.1      BUILD/TB_SENSE_12/ARMC6/mbed-os/targets/TARGET_Silicon_Labs/TARGET_EFM32/serial_api.o
    0x0008017b   0x0000000e   Data   RO        23136    .rodata.str1.1      BUILD/TB_SENSE_12/ARMC6/temp_humidity_sensor.o
    0x00080189   0x00000100   Data   RO        23169    .rodata.str1.1      BUILD/TB_SENSE_12/ARMC6/vmn_coap_client.o
    0x00080289   0x0000003e   Data   RO        23211    .rodata.str1.1      BUILD/TB_SENSE_12/ARMC6/vmn_coap_server.o
    0x000802c7   0x00000001   PAD
    0x000802c8   0x0000000b   Data   RO        21353    .rodata.str1.4      BUILD/TB_SENSE_12/ARMC6/mbed-os/rtos/source/TARGET_CORTEX/rtx5/RTX/Source/rtx_kernel.o
    0x000802d3   0x00000001   PAD
    0x000802d4   0x00000340   Data   RO         9394    .rodata.str4.4      BUILD/TB_SENSE_12/ARMC6/mbed-os/features/mbedtls/src/ssl_ciphersuites.o
    0x00080614   0x00000006   Data   RO        11893    .rodata.thread_mpl_control_trickle_params  BUILD/TB_SENSE_12/ARMC6/mbed-os/features/nanostack/sal-stack-nanostack/source/6LoWPAN/Thread/thread_bootstrap.o
    0x0008061a   0x00000006   Data   RO        11894    .rodata.thread_mpl_data_trickle_params  BUILD/TB_SENSE_12/ARMC6/mbed-os/features/nanostack/sal-stack-nanostack/source/6LoWPAN/Thread/thread_bootstrap.o
    0x00080620   0x00000008   Data   RO        19963    .rodata.us_data     BUILD/TB_SENSE_12/ARMC6/mbed-os/hal/mbed_us_ticker_api.o
    0x00080628   0x00000024   Data   RO        19966    .rodata.us_interface  BUILD/TB_SENSE_12/ARMC6/mbed-os/hal/mbed_us_ticker_api.o
    0x0008064c   0x00000008   Data   RO        23062    .rodata.us_ticker_get_info.info  BUILD/TB_SENSE_12/ARMC6/mbed-os/targets/TARGET_Silicon_Labs/TARGET_EFM32/us_ticker.o
    0x00080654   0x00000020   Data   RO        25194    Region$$Table       anon$$obj.o
    0x00080674   0x00000110   Data   RO        24813    locale$$data        c:\ProgramData\Mbed Studio\mbed-studio-tools\ac6\bin\..\lib\armlib\c_w.l(lc_ctype_c.o)
    0x00080784   0x0000001c   Data   RO        25012    locale$$data        c:\ProgramData\Mbed Studio\mbed-studio-tools\ac6\bin\..\lib\armlib\c_w.l(lc_numeric_c.o)
    0x000807a0   0x00000004   Data   RO           75    .init_array         BUILD/TB_SENSE_12/ARMC6/cli_cmd.o
    0x000807a4   0x00000004   Data   RO           93    .init_array         BUILD/TB_SENSE_12/ARMC6/main.o
    0x000807a8   0x00000004   Data   RO        23110    .init_array         BUILD/TB_SENSE_12/ARMC6/mesh_led_control_example.o
    0x000807ac   0x00000004   Data   RO        23137    .init_array         BUILD/TB_SENSE_12/ARMC6/temp_humidity_sensor.o
    0x000807b0   0x00000004   Data   RO        23170    .init_array         BUILD/TB_SENSE_12/ARMC6/vmn_coap_client.o
    0x000807b4   0x00000004   Data   RO        23213    .init_array         BUILD/TB_SENSE_12/ARMC6/vmn_coap_server.o
    0x000807b8   0x00000000   Data   RO        24579    .init_array         c:\ProgramData\Mbed Studio\mbed-studio-tools\ac6\bin\..\lib\armlib\c_w.l(init_aeabi.o)


    Execution Region RW_IRAM1 (Base: 0x20000110, Size: 0x00006268, Max: 0x0003faf0, ABSOLUTE, COMPRESSED[0x00000210])

    Base Addr    Size         Type   Attr      Idx    E Section Name        Object

    0x20000110   0x00000008   Data   RW        23219    .data               ./mbed-os/targets/TARGET_Silicon_Labs/TARGET_SL_RAIL/efr32-rf-driver/rail/TARGET_EFR32_12/librail_efr32xg12_release.ar(rail_singleprotocol.o)
    0x20000118   0x0000000c   Data   RW        23273    .data               ./mbed-os/targets/TARGET_Silicon_Labs/TARGET_SL_RAIL/efr32-rf-driver/rail/TARGET_EFR32_12/librail_efr32xg12_release.ar(rail_rf.o)
    0x20000124   0x00000004   PAD
    0x20000128   0x0000002c   Data   RW        23496    .data               ./mbed-os/targets/TARGET_Silicon_Labs/TARGET_SL_RAIL/efr32-rf-driver/rail/TARGET_EFR32_12/librail_efr32xg12_release.ar(rail_rf_hal.o)
    0x20000154   0x00000014   Data   RW        23497    .data               ./mbed-os/targets/TARGET_Silicon_Labs/TARGET_SL_RAIL/efr32-rf-driver/rail/TARGET_EFR32_12/librail_efr32xg12_release.ar(rail_rf_hal.o)
    0x20000168   0x00000008   Data   RW        23499    .data               ./mbed-os/targets/TARGET_Silicon_Labs/TARGET_SL_RAIL/efr32-rf-driver/rail/TARGET_EFR32_12/librail_efr32xg12_release.ar(rail_rf_hal.o)
    0x20000170   0x00000008   Data   RW        23714    .data               ./mbed-os/targets/TARGET_Silicon_Labs/TARGET_SL_RAIL/efr32-rf-driver/rail/TARGET_EFR32_12/librail_efr32xg12_release.ar(rail_assert.o)
    0x20000178   0x00000010   Data   RW        23835    .data               ./mbed-os/targets/TARGET_Silicon_Labs/TARGET_SL_RAIL/efr32-rf-driver/rail/TARGET_EFR32_12/librail_efr32xg12_release.ar(pa.o)
    0x20000188   0x00000004   Data   RW        24021    .data               ./mbed-os/targets/TARGET_Silicon_Labs/TARGET_SL_RAIL/efr32-rf-driver/rail/TARGET_EFR32_12/librail_efr32xg12_release.ar(rfsense.o)
    0x2000018c   0x00000014   Data   RW        24058    .data               ./mbed-os/targets/TARGET_Silicon_Labs/TARGET_SL_RAIL/efr32-rf-driver/rail/TARGET_EFR32_12/librail_efr32xg12_release.ar(synth.o)
    0x200001a0   0x00000006   Data   RW        24125    .data               ./mbed-os/targets/TARGET_Silicon_Labs/TARGET_SL_RAIL/efr32-rf-driver/rail/TARGET_EFR32_12/librail_efr32xg12_release.ar(rf_rand.o)
    0x200001a6   0x00000002   PAD
    0x200001a8   0x00000004   Data   RW        24217    .data               ./mbed-os/targets/TARGET_Silicon_Labs/TARGET_SL_RAIL/efr32-rf-driver/rail/TARGET_EFR32_12/librail_efr32xg12_release.ar(ieee802154_efr32xg12_configurator_out.o)
    0x200001ac   0x00000004   Data   RW        24493    .data               c:\ProgramData\Mbed Studio\mbed-studio-tools\ac6\bin\..\lib\armlib\c_w.l(stdio_streams.o)
    0x200001b0   0x00000004   Data   RW        24494    .data               c:\ProgramData\Mbed Studio\mbed-studio-tools\ac6\bin\..\lib\armlib\c_w.l(stdio_streams.o)
    0x200001b4   0x00000004   Data   RW        24495    .data               c:\ProgramData\Mbed Studio\mbed-studio-tools\ac6\bin\..\lib\armlib\c_w.l(stdio_streams.o)
    0x200001b8   0x00000004   Data   RW        24800    .data               c:\ProgramData\Mbed Studio\mbed-studio-tools\ac6\bin\..\lib\armlib\c_w.l(streamlock.o)
    0x200001bc   0x00000004   Data   RW        13284    .data.DEVICE_CONF_FILE  BUILD/TB_SENSE_12/ARMC6/mbed-os/features/nanostack/sal-stack-nanostack/source/6LoWPAN/Thread/thread_nvm_store.o
    0x200001c0   0x00000004   Data   RW        13280    .data.FAST_DATA_FILE  BUILD/TB_SENSE_12/ARMC6/mbed-os/features/nanostack/sal-stack-nanostack/source/6LoWPAN/Thread/thread_nvm_store.o
    0x200001c4   0x00000004   Data   RW        13282    .data.LEADER_INFO_FILE  BUILD/TB_SENSE_12/ARMC6/mbed-os/features/nanostack/sal-stack-nanostack/source/6LoWPAN/Thread/thread_nvm_store.o
    0x200001c8   0x00000004   Data   RW        13281    .data.LINK_INFO_FILE  BUILD/TB_SENSE_12/ARMC6/mbed-os/features/nanostack/sal-stack-nanostack/source/6LoWPAN/Thread/thread_nvm_store.o
    0x200001cc   0x00000004   Data   RW        21842    .data.SystemHFXOClock  BUILD/TB_SENSE_12/ARMC6/mbed-os/targets/TARGET_Silicon_Labs/TARGET_EFM32/TARGET_EFR32MG12/device/system_efr32mg12p.o
    0x200001d0   0x00000004   Data   RW        21840    .data.SystemHfrcoFreq  BUILD/TB_SENSE_12/ARMC6/mbed-os/targets/TARGET_Silicon_Labs/TARGET_EFM32/TARGET_EFR32MG12/device/system_efr32mg12p.o
    0x200001d4   0x00000004   Data   RW        13283    .data.THREAD_NVM_ACTIVE_CONF_FILE  BUILD/TB_SENSE_12/ARMC6/mbed-os/features/nanostack/sal-stack-nanostack/source/6LoWPAN/Thread/thread_nvm_store.o
    0x200001d8   0x00000004   Data   RW        13285    .data.THREAD_NVM_PENDING_CONF_FILE  BUILD/TB_SENSE_12/ARMC6/mbed-os/features/nanostack/sal-stack-nanostack/source/6LoWPAN/Thread/thread_nvm_store.o
    0x200001dc   0x00000004   Data   RW        20892    .data._ZL10_rtc_write  BUILD/TB_SENSE_12/ARMC6/mbed-os/platform/source/mbed_rtc_time.o
    0x200001e0   0x00000055   Data   RW        17629    .data._ZL11dns_servers  BUILD/TB_SENSE_12/ARMC6/mbed-os/features/netsocket/nsapi_dns.o
    0x20000235   0x00000003   PAD
    0x20000238   0x00000040   Data   RW        20854    .data._ZL11filehandles  BUILD/TB_SENSE_12/ARMC6/mbed-os/platform/source/mbed_retarget.o
    0x20000278   0x00000004   Data   RW        17625    .data._ZL13dns_unique_id  BUILD/TB_SENSE_12/ARMC6/mbed-os/features/netsocket/nsapi_dns.o
    0x2000027c   0x00000004   Data   RW        20893    .data._ZL14_rtc_isenabled  BUILD/TB_SENSE_12/ARMC6/mbed-os/platform/source/mbed_rtc_time.o
    0x20000280   0x00000002   Data   RW        17624    .data._ZL14dns_message_id  BUILD/TB_SENSE_12/ARMC6/mbed-os/features/netsocket/nsapi_dns.o
    0x20000282   0x00000002   PAD
    0x20000284   0x00000004   Data   RW        21171    .data._ZL14idle_hook_fptr  BUILD/TB_SENSE_12/ARMC6/mbed-os/rtos/source/TARGET_CORTEX/mbed_rtx_idle.o
    0x20000288   0x00000001   Data   RW        16773    .data._ZL18rf_radio_driver_id  BUILD/TB_SENSE_12/ARMC6/mbed-os/features/nanostack/targets/TARGET_Silicon_Labs/TARGET_SL_RAIL/NanostackRfPhyEfr32.o
    0x20000289   0x00000001   Data   RW        16767    .data._ZL7channel   BUILD/TB_SENSE_12/ARMC6/mbed-os/features/nanostack/targets/TARGET_Silicon_Labs/TARGET_SL_RAIL/NanostackRfPhyEfr32.o
    0x2000028a   0x00000002   PAD
    0x2000028c   0x00000124   Data   RW        16765    .data._ZL7railCfg   BUILD/TB_SENSE_12/ARMC6/mbed-os/features/nanostack/targets/TARGET_Silicon_Labs/TARGET_SL_RAIL/NanostackRfPhyEfr32.o
    0x200003b0   0x00000004   Data   RW        20891    .data._ZL9_rtc_init  BUILD/TB_SENSE_12/ARMC6/mbed-os/platform/source/mbed_rtc_time.o
    0x200003b4   0x00000004   Data   RW        20894    .data._ZL9_rtc_read  BUILD/TB_SENSE_12/ARMC6/mbed-os/platform/source/mbed_rtc_time.o
    0x200003b8   0x00000008   Data   RW        17065    .data._ZZL29get_interface_event_list_headvE10event_list  BUILD/TB_SENSE_12/ARMC6/mbed-os/features/netsocket/NetworkInterface.o
    0x200003c0   0x00000008   Data   RW        14189    .data.addr_notifications  BUILD/TB_SENSE_12/ARMC6/mbed-os/features/nanostack/sal-stack-nanostack/source/Core/ns_address_internal.o
    0x200003c8   0x00000008   Data   RW        14188    .data.addr_policy_table  BUILD/TB_SENSE_12/ARMC6/mbed-os/features/nanostack/sal-stack-nanostack/source/Core/ns_address_internal.o
    0x200003d0   0x00000004   Data   RW        14170    .data.addr_preferences_default  BUILD/TB_SENSE_12/ARMC6/mbed-os/features/nanostack/sal-stack-nanostack/source/Core/ns_address_internal.o
    0x200003d4   0x00000008   Data   RW        11177    .data.arm_core_tasklet_list  BUILD/TB_SENSE_12/ARMC6/mbed-os/features/nanostack/sal-stack-nanostack-eventloop/source/event.o
    0x200003dc   0x00000008   Data   RW        14866    .data.arm_device_driver_list  BUILD/TB_SENSE_12/ARMC6/mbed-os/features/nanostack/sal-stack-nanostack/source/MAC/rf_driver_storage.o
    0x200003e4   0x00000004   Data   RW        22016    .data.auxHfrcoFreq  BUILD/TB_SENSE_12/ARMC6/mbed-os/targets/TARGET_Silicon_Labs/TARGET_EFM32/emlib/src/em_cmu.o
    0x200003e8   0x00000008   Data   RW        11691    .data.bbr_instance_list  BUILD/TB_SENSE_12/ARMC6/mbed-os/features/nanostack/sal-stack-nanostack/source/6LoWPAN/Thread/thread_bbr_api.o
    0x200003f0   0x00000008   Data   RW        11958    .data.border_router_instance_list  BUILD/TB_SENSE_12/ARMC6/mbed-os/features/nanostack/sal-stack-nanostack/source/6LoWPAN/Thread/thread_border_router_api.o
    0x200003f8   0x0000000e   Data   RW        13286    .data.cached_link_info  BUILD/TB_SENSE_12/ARMC6/mbed-os/features/nanostack/sal-stack-nanostack/source/6LoWPAN/Thread/thread_nvm_store.o
    0x20000406   0x00000002   PAD
    0x20000408   0x00000008   Data   RW        12014    .data.ccm_instance_list  BUILD/TB_SENSE_12/ARMC6/mbed-os/features/nanostack/sal-stack-nanostack/source/6LoWPAN/Thread/thread_ccm.o
    0x20000410   0x00000002   Data   RW           58    .data.channel       BUILD/TB_SENSE_12/ARMC6/cli_cmd.o
    0x20000412   0x00000009   Data   RW           60    .data.channel_mask  BUILD/TB_SENSE_12/ARMC6/cli_cmd.o
    0x2000041b   0x00000001   Data   RW        23206    .data.coapVersion   BUILD/TB_SENSE_12/ARMC6/vmn_coap_server.o
    0x2000041c   0x00000004   Data   RW        10214    .data.coap_ticks    BUILD/TB_SENSE_12/ARMC6/mbed-os/features/nanostack/coap-service/source/coap_service_api.o
    0x20000420   0x00000001   Data   RW        23164    .data.coap_version  BUILD/TB_SENSE_12/ARMC6/vmn_coap_client.o
    0x20000421   0x00000003   PAD
    0x20000424   0x00000004   Data   RW        12648    .data.data_response_ptr  BUILD/TB_SENSE_12/ARMC6/mbed-os/features/nanostack/sal-stack-nanostack/source/6LoWPAN/Thread/thread_lowpower_api.o
    0x20000428   0x00000002   Data   RW        16222    .data.destination_cache_config.0  BUILD/TB_SENSE_12/ARMC6/mbed-os/features/nanostack/sal-stack-nanostack/source/ipv6_stack/ipv6_routing_table.o
    0x2000042a   0x00000002   Data   RW        16223    .data.destination_cache_config.1  BUILD/TB_SENSE_12/ARMC6/mbed-os/features/nanostack/sal-stack-nanostack/source/ipv6_stack/ipv6_routing_table.o
    0x2000042c   0x00000002   Data   RW        16224    .data.destination_cache_config.2  BUILD/TB_SENSE_12/ARMC6/mbed-os/features/nanostack/sal-stack-nanostack/source/ipv6_stack/ipv6_routing_table.o
    0x2000042e   0x00000002   Data   RW        16225    .data.destination_cache_config.3  BUILD/TB_SENSE_12/ARMC6/mbed-os/features/nanostack/sal-stack-nanostack/source/ipv6_stack/ipv6_routing_table.o
    0x20000430   0x00000008   Data   RW        14385    .data.dhcp_client_list  BUILD/TB_SENSE_12/ARMC6/mbed-os/features/nanostack/sal-stack-nanostack/source/DHCPv6_client/dhcpv6_client_service.o
    0x20000438   0x00000008   Data   RW        16377    .data.dhcpv6_client_nonTemporal_list  BUILD/TB_SENSE_12/ARMC6/mbed-os/features/nanostack/sal-stack-nanostack/source/libDHCPv6/libDHCPv6.o
    0x20000440   0x00000008   Data   RW        16406    .data.dhcpv6_gua_server_list  BUILD/TB_SENSE_12/ARMC6/mbed-os/features/nanostack/sal-stack-nanostack/source/libDHCPv6/libDHCPv6_server.o
    0x20000448   0x00000004   Data   RW         8832    .data.ecp_mpi_set1.one  BUILD/TB_SENSE_12/ARMC6/mbed-os/features/mbedtls/src/ecp_curves.o
    0x2000044c   0x00000001   Data   RW        15379    .data.etx_info.13   BUILD/TB_SENSE_12/ARMC6/mbed-os/features/nanostack/sal-stack-nanostack/source/Service_Libs/etx/etx.o
    0x2000044d   0x00000003   PAD
    0x20000450   0x00000004   Data   RW        15371    .data.etx_info.5    BUILD/TB_SENSE_12/ARMC6/mbed-os/features/nanostack/sal-stack-nanostack/source/Service_Libs/etx/etx.o
    0x20000454   0x00000002   Data   RW        15373    .data.etx_info.7    BUILD/TB_SENSE_12/ARMC6/mbed-os/features/nanostack/sal-stack-nanostack/source/Service_Libs/etx/etx.o
    0x20000456   0x00000002   PAD
    0x20000458   0x00000008   Data   RW        11178    .data.event_queue_active  BUILD/TB_SENSE_12/ARMC6/mbed-os/features/nanostack/sal-stack-nanostack-eventloop/source/event.o
    0x20000460   0x00000008   Data   RW           54    .data.extpanid      BUILD/TB_SENSE_12/ARMC6/cli_cmd.o
    0x20000468   0x00000008   Data   RW        13925    .data.frag_list     BUILD/TB_SENSE_12/ARMC6/mbed-os/features/nanostack/sal-stack-nanostack/source/Common_Protocols/ipv6_fragmentation.o
    0x20000470   0x00000008   Data   RW        13647    .data.fragmenter_interface_list  BUILD/TB_SENSE_12/ARMC6/mbed-os/features/nanostack/sal-stack-nanostack/source/6LoWPAN/adaptation_interface.o
    0x20000478   0x00000008   Data   RW        11179    .data.free_event_entry  BUILD/TB_SENSE_12/ARMC6/mbed-os/features/nanostack/sal-stack-nanostack-eventloop/source/event.o
    0x20000480   0x00000001   Data   RW           70    .data.getcmd_count  BUILD/TB_SENSE_12/ARMC6/cli_cmd.o
    0x20000481   0x00000001   Data   RW           65    .data.id            BUILD/TB_SENSE_12/ARMC6/cli_cmd.o
    0x20000482   0x00000002   PAD
    0x20000484   0x00000008   Data   RW        10213    .data.instance_list  BUILD/TB_SENSE_12/ARMC6/mbed-os/features/nanostack/coap-service/source/coap_service_api.o
    0x2000048c   0x00000008   Data   RW        12310    .data.instance_list  BUILD/TB_SENSE_12/ARMC6/mbed-os/features/nanostack/sal-stack-nanostack/source/6LoWPAN/Thread/thread_diagnostic.o
    0x20000494   0x00000008   Data   RW        12555    .data.instance_list  BUILD/TB_SENSE_12/ARMC6/mbed-os/features/nanostack/sal-stack-nanostack/source/6LoWPAN/Thread/thread_joiner_application.o
    0x2000049c   0x00000008   Data   RW        12733    .data.instance_list  BUILD/TB_SENSE_12/ARMC6/mbed-os/features/nanostack/sal-stack-nanostack/source/6LoWPAN/Thread/thread_management_client.o
    0x200004a4   0x00000008   Data   RW        12908    .data.instance_list  BUILD/TB_SENSE_12/ARMC6/mbed-os/features/nanostack/sal-stack-nanostack/source/6LoWPAN/Thread/thread_management_server.o
    0x200004ac   0x00000008   Data   RW        13310    .data.instance_list  BUILD/TB_SENSE_12/ARMC6/mbed-os/features/nanostack/sal-stack-nanostack/source/6LoWPAN/Thread/thread_resolution_client.o
    0x200004b4   0x00000008   Data   RW        13321    .data.instance_list  BUILD/TB_SENSE_12/ARMC6/mbed-os/features/nanostack/sal-stack-nanostack/source/6LoWPAN/Thread/thread_resolution_server.o
    0x200004bc   0x00000008   Data   RW        14442    .data.instance_list  BUILD/TB_SENSE_12/ARMC6/mbed-os/features/nanostack/sal-stack-nanostack/source/MAC/IEEE802_15_4/mac_filter.o
    0x200004c4   0x00000008   Data   RW        16214    .data.ipv6_destination_cache  BUILD/TB_SENSE_12/ARMC6/mbed-os/features/nanostack/sal-stack-nanostack/source/ipv6_stack/ipv6_routing_table.o
    0x200004cc   0x00000001   Data   RW        13911    .data.ipv6_flow_auto_label  BUILD/TB_SENSE_12/ARMC6/mbed-os/features/nanostack/sal-stack-nanostack/source/Common_Protocols/ipv6_flow.o
    0x200004cd   0x00000001   PAD
    0x200004ce   0x00000002   Data   RW        13924    .data.ipv6_frag_mru  BUILD/TB_SENSE_12/ARMC6/mbed-os/features/nanostack/sal-stack-nanostack/source/Common_Protocols/ipv6_fragmentation.o
    0x200004d0   0x00000008   Data   RW        16218    .data.ipv6_routing_table  BUILD/TB_SENSE_12/ARMC6/mbed-os/features/nanostack/sal-stack-nanostack/source/ipv6_stack/ipv6_routing_table.o
    0x200004d8   0x00000004   Data   RW        19888    .data.irq_handler   BUILD/TB_SENSE_12/ARMC6/mbed-os/hal/mbed_lp_ticker_api.o
    0x200004dc   0x00000004   Data   RW        19964    .data.irq_handler   BUILD/TB_SENSE_12/ARMC6/mbed-os/hal/mbed_us_ticker_api.o
    0x200004e0   0x00000001   Data   RW        14303    .data.last_allocated_socket  BUILD/TB_SENSE_12/ARMC6/mbed-os/features/nanostack/sal-stack-nanostack/source/Core/ns_socket.o
    0x200004e1   0x00000003   PAD
    0x200004e4   0x00000008   Data   RW        12619    .data.leader_service_instance_list  BUILD/TB_SENSE_12/ARMC6/mbed-os/features/nanostack/sal-stack-nanostack/source/6LoWPAN/Thread/thread_leader_service.o
    0x200004ec   0x00000040   Data   RW         5241    .data.m_trace       BUILD/TB_SENSE_12/ARMC6/mbed-os/features/frameworks/mbed-trace/source/mbed_trace.o
    0x2000052c   0x00000001   Data   RW        11437    .data.mac_data_poll_tasklet  BUILD/TB_SENSE_12/ARMC6/mbed-os/features/nanostack/sal-stack-nanostack/source/6LoWPAN/MAC/mac_data_poll.o
    0x2000052d   0x00000003   PAD
    0x20000530   0x00000008   Data   RW        11579    .data.mac_pairwise_info  BUILD/TB_SENSE_12/ARMC6/mbed-os/features/nanostack/sal-stack-nanostack/source/6LoWPAN/MAC/mac_pairwise_key.o
    0x20000538   0x00000018   Data   RW        14839    .data.mac_store     BUILD/TB_SENSE_12/ARMC6/mbed-os/features/nanostack/sal-stack-nanostack/source/MAC/ethernet/ethernet_mac_api.o
    0x20000550   0x00000001   Data   RW        14591    .data.mac_tasklet_event_handler  BUILD/TB_SENSE_12/ARMC6/mbed-os/features/nanostack/sal-stack-nanostack/source/MAC/IEEE802_15_4/mac_mcps_sap.o
    0x20000551   0x00000010   Data   RW           55    .data.masterkey     BUILD/TB_SENSE_12/ARMC6/cli_cmd.o
    0x20000561   0x00000001   Data   RW        10065    .data.max_handshakes  BUILD/TB_SENSE_12/ARMC6/mbed-os/features/nanostack/coap-service/source/coap_connection_handler.o
    0x20000562   0x00000001   Data   RW        10066    .data.max_sessions  BUILD/TB_SENSE_12/ARMC6/mbed-os/features/nanostack/coap-service/source/coap_connection_handler.o
    0x20000563   0x00000008   Data   RW           59    .data.meshprefix    BUILD/TB_SENSE_12/ARMC6/cli_cmd.o
    0x2000056b   0x00000001   PAD
    0x2000056c   0x00000008   Data   RW        15055    .data.mpl_domains   BUILD/TB_SENSE_12/ARMC6/mbed-os/features/nanostack/sal-stack-nanostack/source/MPL/mpl.o
    0x20000574   0x00000002   Data   RW        16226    .data.neighbour_cache_config.0  BUILD/TB_SENSE_12/ARMC6/mbed-os/features/nanostack/sal-stack-nanostack/source/ipv6_stack/ipv6_routing_table.o
    0x20000576   0x00000002   Data   RW        16227    .data.neighbour_cache_config.1  BUILD/TB_SENSE_12/ARMC6/mbed-os/features/nanostack/sal-stack-nanostack/source/ipv6_stack/ipv6_routing_table.o
    0x20000578   0x00000002   Data   RW        16228    .data.neighbour_cache_config.2  BUILD/TB_SENSE_12/ARMC6/mbed-os/features/nanostack/sal-stack-nanostack/source/ipv6_stack/ipv6_routing_table.o
    0x2000057a   0x00000002   Data   RW        16229    .data.neighbour_cache_config.3  BUILD/TB_SENSE_12/ARMC6/mbed-os/features/nanostack/sal-stack-nanostack/source/ipv6_stack/ipv6_routing_table.o
    0x2000057c   0x00000008   Data   RW        11211    .data.ns_timer_list  BUILD/TB_SENSE_12/ARMC6/mbed-os/features/nanostack/sal-stack-nanostack-eventloop/source/ns_timer.o
    0x20000584   0x000000a4   Data   RW        21354    .data.os            BUILD/TB_SENSE_12/ARMC6/mbed-os/rtos/source/TARGET_CORTEX/rtx5/RTX/Source/rtx_kernel.o
    0x20000628   0x00000002   Data   RW           56    .data.panid         BUILD/TB_SENSE_12/ARMC6/cli_cmd.o
    0x2000062a   0x00000002   PAD
    0x2000062c   0x0000001c   Data   RW        15137    .data.protocol_core_cb.event  BUILD/TB_SENSE_12/ARMC6/mbed-os/features/nanostack/sal-stack-nanostack/source/NWK_INTERFACE/protocol_core.o
    0x20000648   0x00000002   Data   RW        15136    .data.protocol_core_seconds_timer  BUILD/TB_SENSE_12/ARMC6/mbed-os/features/nanostack/sal-stack-nanostack/source/NWK_INTERFACE/protocol_core.o
    0x2000064a   0x00000002   PAD
    0x2000064c   0x00000008   Data   RW        15132    .data.protocol_interface_info_list  BUILD/TB_SENSE_12/ARMC6/mbed-os/features/nanostack/sal-stack-nanostack/source/NWK_INTERFACE/protocol_core.o
    0x20000654   0x00000001   Data   RW        15134    .data.protocol_root_tasklet_ID  BUILD/TB_SENSE_12/ARMC6/mbed-os/features/nanostack/sal-stack-nanostack/source/NWK_INTERFACE/protocol_core.o
    0x20000655   0x00000001   Data   RW        15180    .data.protocol_timer_id  BUILD/TB_SENSE_12/ARMC6/mbed-os/features/nanostack/sal-stack-nanostack/source/NWK_INTERFACE/protocol_timer.o
    0x20000656   0x00000002   PAD
    0x20000658   0x0000001c   Data   RW        15184    .data.protocol_timer_interrupt.event  BUILD/TB_SENSE_12/ARMC6/mbed-os/features/nanostack/sal-stack-nanostack/source/NWK_INTERFACE/protocol_timer.o
    0x20000674   0x00000010   Data   RW           61    .data.psk           BUILD/TB_SENSE_12/ARMC6/cli_cmd.o
    0x20000684   0x00000008   Data   RW        11342    .data.reassembly_interface_list  BUILD/TB_SENSE_12/ARMC6/mbed-os/features/nanostack/sal-stack-nanostack/source/6LoWPAN/Fragmentation/cipv6_fragmenter.o
    0x2000068c   0x00000008   Data   RW        10111    .data.request_list  BUILD/TB_SENSE_12/ARMC6/mbed-os/features/nanostack/coap-service/source/coap_message_handler.o
    0x20000694   0x00000001   Data   RW        23168    .data.requested_hum_scaling  BUILD/TB_SENSE_12/ARMC6/vmn_coap_client.o
    0x20000695   0x00000001   Data   RW        23167    .data.requested_temp_scaling  BUILD/TB_SENSE_12/ARMC6/vmn_coap_client.o
    0x20000696   0x00000002   PAD
    0x20000698   0x00000008   Data   RW        10067    .data.secure_session_list  BUILD/TB_SENSE_12/ARMC6/mbed-os/features/nanostack/coap-service/source/coap_connection_handler.o
    0x200006a0   0x00000001   Data   RW           62    .data.securitypolicy  BUILD/TB_SENSE_12/ARMC6/cli_cmd.o
    0x200006a1   0x00000001   Data   RW        14299    .data.socket_event_handler  BUILD/TB_SENSE_12/ARMC6/mbed-os/features/nanostack/sal-stack-nanostack/source/Core/ns_socket.o
    0x200006a2   0x00000002   PAD
    0x200006a4   0x00000008   Data   RW        10068    .data.socket_list   BUILD/TB_SENSE_12/ARMC6/mbed-os/features/nanostack/coap-service/source/coap_connection_handler.o
    0x200006ac   0x00000008   Data   RW        14297    .data.socket_list   BUILD/TB_SENSE_12/ARMC6/mbed-os/features/nanostack/sal-stack-nanostack/source/Core/ns_socket.o
    0x200006b4   0x00000014   Data   RW         9798    .data.ssl_preset_default_hashes  BUILD/TB_SENSE_12/ARMC6/mbed-os/features/mbedtls/src/ssl_tls.o
    0x200006c8   0x0000000c   Data   RW         9795    .data.ssl_preset_suiteb_ciphersuites  BUILD/TB_SENSE_12/ARMC6/mbed-os/features/mbedtls/src/ssl_tls.o
    0x200006d4   0x00000003   Data   RW         9797    .data.ssl_preset_suiteb_curves  BUILD/TB_SENSE_12/ARMC6/mbed-os/features/mbedtls/src/ssl_tls.o
    0x200006d7   0x00000001   PAD
    0x200006d8   0x0000000c   Data   RW         9796    .data.ssl_preset_suiteb_hashes  BUILD/TB_SENSE_12/ARMC6/mbed-os/features/mbedtls/src/ssl_tls.o
    0x200006e4   0x00000001   Data   RW        11622    .data.support_mesh_multicast  BUILD/TB_SENSE_12/ARMC6/mbed-os/features/nanostack/sal-stack-nanostack/source/6LoWPAN/Mesh/mesh.o
    0x200006e5   0x00000003   PAD
    0x200006e8   0x00000008   Data   RW        11249    .data.system_timer_free  BUILD/TB_SENSE_12/ARMC6/mbed-os/features/nanostack/sal-stack-nanostack-eventloop/source/system_timer.o
    0x200006f0   0x00000008   Data   RW        11252    .data.system_timer_list  BUILD/TB_SENSE_12/ARMC6/mbed-os/features/nanostack/sal-stack-nanostack-eventloop/source/system_timer.o
    0x200006f8   0x00000001   Data   RW        10212    .data.tasklet_id    BUILD/TB_SENSE_12/ARMC6/mbed-os/features/nanostack/coap-service/source/coap_service_api.o
    0x200006f9   0x00000003   PAD
    0x200006fc   0x00000004   Data   RW        12825    .data.thread_delay_timer_default  BUILD/TB_SENSE_12/ARMC6/mbed-os/features/nanostack/sal-stack-nanostack/source/6LoWPAN/Thread/thread_management_if.o
    0x20000700   0x00000001   Data   RW        12352    .data.thread_discover_tasklet_id  BUILD/TB_SENSE_12/ARMC6/mbed-os/features/nanostack/sal-stack-nanostack/source/6LoWPAN/Thread/thread_discovery.o
    0x20000701   0x00000003   PAD
    0x20000704   0x00000008   Data   RW        12351    .data.thread_discovery_class_list  BUILD/TB_SENSE_12/ARMC6/mbed-os/features/nanostack/sal-stack-nanostack/source/6LoWPAN/Thread/thread_discovery.o
    0x2000070c   0x00000002   Data   RW        12827    .data.thread_joiner_port  BUILD/TB_SENSE_12/ARMC6/mbed-os/features/nanostack/sal-stack-nanostack/source/6LoWPAN/Thread/thread_management_if.o
    0x2000070e   0x00000006   Data   RW        12829    .data.thread_key_get.key_seed  BUILD/TB_SENSE_12/ARMC6/mbed-os/features/nanostack/sal-stack-nanostack/source/6LoWPAN/Thread/thread_management_if.o
    0x20000714   0x00000008   Data   RW        12649    .data.thread_lowpower_data_metrics_instance_list  BUILD/TB_SENSE_12/ARMC6/mbed-os/features/nanostack/sal-stack-nanostack/source/6LoWPAN/Thread/thread_lowpower_api.o
    0x2000071c   0x00000001   Data   RW        12828    .data.thread_max_mcast_addr  BUILD/TB_SENSE_12/ARMC6/mbed-os/features/nanostack/sal-stack-nanostack/source/6LoWPAN/Thread/thread_management_if.o
    0x2000071d   0x00000001   PAD
    0x2000071e   0x00000006   Data   RW        13493    .data.thread_mle_advert_trickle_params  BUILD/TB_SENSE_12/ARMC6/mbed-os/features/nanostack/sal-stack-nanostack/source/6LoWPAN/Thread/thread_routing.o
    0x20000724   0x00000008   Data   RW        13220    .data.thread_network_dynamic_data_info  BUILD/TB_SENSE_12/ARMC6/mbed-os/features/nanostack/sal-stack-nanostack/source/6LoWPAN/Thread/thread_network_synch.o
    0x2000072c   0x00000004   Data   RW        12826    .data.thread_router_selection_jitter  BUILD/TB_SENSE_12/ARMC6/mbed-os/features/nanostack/sal-stack-nanostack/source/6LoWPAN/Thread/thread_management_if.o
    0x20000730   0x00000018   Data   RW        13494    .data.thread_routing_mesh_callbacks  BUILD/TB_SENSE_12/ARMC6/mbed-os/features/nanostack/sal-stack-nanostack/source/6LoWPAN/Thread/thread_routing.o
    0x20000748   0x00000001   Data   RW        12280    .data.thread_version  BUILD/TB_SENSE_12/ARMC6/mbed-os/features/nanostack/sal-stack-nanostack/source/6LoWPAN/Thread/thread_common.o
    0x20000749   0x00000001   Data   RW        11254    .data.tick_timer_id  BUILD/TB_SENSE_12/ARMC6/mbed-os/features/nanostack/sal-stack-nanostack-eventloop/source/system_timer.o
    0x2000074a   0x00000001   Data   RW        11193    .data.timeout_tasklet_id  BUILD/TB_SENSE_12/ARMC6/mbed-os/features/nanostack/sal-stack-nanostack-eventloop/source/ns_timeout.o
    0x2000074b   0x00000001   Data   RW        23212    .data.var           BUILD/TB_SENSE_12/ARMC6/vmn_coap_server.o
    0x2000074c   0x00000001   Zero   RW        23216    .bss                ./mbed-os/targets/TARGET_Silicon_Labs/TARGET_SL_RAIL/efr32-rf-driver/rail/TARGET_EFR32_12/librail_efr32xg12_release.ar(rail_singleprotocol.o)
    0x2000074d   0x00000003   PAD
    0x20000750   0x0000001c   Zero   RW        23217    .bss                ./mbed-os/targets/TARGET_Silicon_Labs/TARGET_SL_RAIL/efr32-rf-driver/rail/TARGET_EFR32_12/librail_efr32xg12_release.ar(rail_singleprotocol.o)
    0x2000076c   0x00000010   Zero   RW        23481    .bss                ./mbed-os/targets/TARGET_Silicon_Labs/TARGET_SL_RAIL/efr32-rf-driver/rail/TARGET_EFR32_12/librail_efr32xg12_release.ar(pa_conversions_efr32.o)
    0x2000077c   0x00000008   Zero   RW        23498    .bss                ./mbed-os/targets/TARGET_Silicon_Labs/TARGET_SL_RAIL/efr32-rf-driver/rail/TARGET_EFR32_12/librail_efr32xg12_release.ar(rail_rf_hal.o)
    0x20000784   0x0000000c   Zero   RW        23734    .bss                ./mbed-os/targets/TARGET_Silicon_Labs/TARGET_SL_RAIL/efr32-rf-driver/rail/TARGET_EFR32_12/librail_efr32xg12_release.ar(tmrdrv.o)
    0x20000790   0x0000024c   Zero   RW        23767    .bss                ./mbed-os/targets/TARGET_Silicon_Labs/TARGET_SL_RAIL/efr32-rf-driver/rail/TARGET_EFR32_12/librail_efr32xg12_release.ar(bufc.o)
    0x200009dc   0x00000015   Zero   RW        23795    .bss                ./mbed-os/targets/TARGET_Silicon_Labs/TARGET_SL_RAIL/efr32-rf-driver/rail/TARGET_EFR32_12/librail_efr32xg12_release.ar(ir_cal.o)
    0x200009f1   0x00000001   Zero   RW        23875    .bss                ./mbed-os/targets/TARGET_Silicon_Labs/TARGET_SL_RAIL/efr32-rf-driver/rail/TARGET_EFR32_12/librail_efr32xg12_release.ar(protimer.o)
    0x200009f2   0x00000006   PAD
    0x200009f8   0x00000018   Zero   RW        23876    .bss                ./mbed-os/targets/TARGET_Silicon_Labs/TARGET_SL_RAIL/efr32-rf-driver/rail/TARGET_EFR32_12/librail_efr32xg12_release.ar(protimer.o)
    0x20000a10   0x00000010   Zero   RW        23877    .bss                ./mbed-os/targets/TARGET_Silicon_Labs/TARGET_SL_RAIL/efr32-rf-driver/rail/TARGET_EFR32_12/librail_efr32xg12_release.ar(protimer.o)
    0x20000a20   0x00000018   Zero   RW        23925    .bss                ./mbed-os/targets/TARGET_Silicon_Labs/TARGET_SL_RAIL/efr32-rf-driver/rail/TARGET_EFR32_12/librail_efr32xg12_release.ar(pti.o)
    0x20000a38   0x00000030   Zero   RW        24005    .bss                ./mbed-os/targets/TARGET_Silicon_Labs/TARGET_SL_RAIL/efr32-rf-driver/rail/TARGET_EFR32_12/librail_efr32xg12_release.ar(rf_test.o)
    0x20000a68   0x0000000c   Zero   RW        24022    .bss                ./mbed-os/targets/TARGET_Silicon_Labs/TARGET_SL_RAIL/efr32-rf-driver/rail/TARGET_EFR32_12/librail_efr32xg12_release.ar(rfsense.o)
    0x20000a74   0x0000000c   Zero   RW        24039    .bss                ./mbed-os/targets/TARGET_Silicon_Labs/TARGET_SL_RAIL/efr32-rf-driver/rail/TARGET_EFR32_12/librail_efr32xg12_release.ar(rtccsync.o)
    0x20000a80   0x00000004   Zero   RW        24094    .bss                ./mbed-os/targets/TARGET_Silicon_Labs/TARGET_SL_RAIL/efr32-rf-driver/rail/TARGET_EFR32_12/librail_efr32xg12_release.ar(timings.o)
    0x20000a84   0x00000004   PAD
    0x20000a88   0x00000014   Zero   RW        24139    .bss                ./mbed-os/targets/TARGET_Silicon_Labs/TARGET_SL_RAIL/efr32-rf-driver/rail/TARGET_EFR32_12/librail_efr32xg12_release.ar(generic_phy.o)
    0x20000a9c   0x00000001   Zero   RW        24140    .bss                ./mbed-os/targets/TARGET_Silicon_Labs/TARGET_SL_RAIL/efr32-rf-driver/rail/TARGET_EFR32_12/librail_efr32xg12_release.ar(generic_phy.o)
    0x20000a9d   0x00000003   PAD
    0x20000aa0   0x00000054   Zero   RW        24490    .bss                c:\ProgramData\Mbed Studio\mbed-studio-tools\ac6\bin\..\lib\armlib\c_w.l(stdio_streams.o)
    0x20000af4   0x00000054   Zero   RW        24491    .bss                c:\ProgramData\Mbed Studio\mbed-studio-tools\ac6\bin\..\lib\armlib\c_w.l(stdio_streams.o)
    0x20000b48   0x00000054   Zero   RW        24492    .bss                c:\ProgramData\Mbed Studio\mbed-studio-tools\ac6\bin\..\lib\armlib\c_w.l(stdio_streams.o)
    0x20000b9c   0x00000060   Zero   RW        24694    .bss                c:\ProgramData\Mbed Studio\mbed-studio-tools\ac6\bin\..\lib\armlib\c_w.l(libspace.o)
    0x20000bfc   0x00000010   Zero   RW           57    .bss.Network_name   BUILD/TB_SENSE_12/ARMC6/cli_cmd.o
    0x20000c0c   0x00000001   Zero   RW        23133    .bss.RH_percentage  BUILD/TB_SENSE_12/ARMC6/temp_humidity_sensor.o
    0x20000c0d   0x00000001   Zero   RW           68    .bss.Receive_buff_length  BUILD/TB_SENSE_12/ARMC6/cli_cmd.o
    0x20000c0e   0x00000100   Zero   RW           67    .bss.Rx_buff        BUILD/TB_SENSE_12/ARMC6/cli_cmd.o
    0x20000d0e   0x00000002   PAD
    0x20000d10   0x00000004   Zero   RW        21841    .bss.SystemCoreClock  BUILD/TB_SENSE_12/ARMC6/mbed-os/targets/TARGET_Silicon_Labs/TARGET_EFM32/TARGET_EFR32MG12/device/system_efr32mg12p.o
    0x20000d14   0x00000001   Zero   RW        23134    .bss.Temp_centigrade  BUILD/TB_SENSE_12/ARMC6/temp_humidity_sensor.o
    0x20000d15   0x00000003   PAD
    0x20000d18   0x00000004   Zero   RW        20857    .bss._ZGVZL15default_consolevE7console  BUILD/TB_SENSE_12/ARMC6/mbed-os/platform/source/mbed_retarget.o
    0x20000d1c   0x00000004   Zero   RW        10615    .bss._ZGVZN13MeshInterface27get_target_default_instanceEvE9interface  BUILD/TB_SENSE_12/ARMC6/mbed-os/features/nanostack/mbed-mesh-api/source/ThreadInterface.o
    0x20000d20   0x00000004   Zero   RW        16763    .bss._ZGVZN14NanostackRfPhy20get_default_instanceEvE6rf_phy  BUILD/TB_SENSE_12/ARMC6/mbed-os/features/nanostack/targets/TARGET_Silicon_Labs/TARGET_SL_RAIL/NanostackRfPhyEfr32.o
    0x20000d24   0x00000004   Zero   RW         2947    .bss._ZGVZN4mbed33do_shared_event_queue_with_threadIL12osPriority_t40ELj256ELj1024EEEPN6events10EventQueueEPKcE5queue  BUILD/TB_SENSE_12/ARMC6/mbed-os/events/source/mbed_shared_queues.o
    0x20000d28   0x00000004   Zero   RW         2950    .bss._ZGVZN4mbed33do_shared_event_queue_with_threadIL12osPriority_t40ELj256ELj1024EEEPN6events10EventQueueEPKcE6thread  BUILD/TB_SENSE_12/ARMC6/mbed-os/events/source/mbed_shared_queues.o
    0x20000d2c   0x00000004   Zero   RW        11124    .bss._ZGVZN9Nanostack12get_instanceEvE9nanostack  BUILD/TB_SENSE_12/ARMC6/mbed-os/features/nanostack/nanostack-interface/Nanostack.o
    0x20000d30   0x00000004   Zero   RW        10395    .bss._ZL10single_phy  BUILD/TB_SENSE_12/ARMC6/mbed-os/features/nanostack/mbed-mesh-api/source/NanostackEMACInterface.o
    0x20000d34   0x00000004   Zero   RW        10543    .bss._ZL10single_phy  BUILD/TB_SENSE_12/ARMC6/mbed-os/features/nanostack/mbed-mesh-api/source/NanostackPPPInterface.o
    0x20000d38   0x00000040   Zero   RW        11122    .bss._ZL10socket_tbl  BUILD/TB_SENSE_12/ARMC6/mbed-os/features/nanostack/nanostack-interface/Nanostack.o
    0x20000d78   0x00000008   Zero   RW        16761    .bss._ZL11MAC_address  BUILD/TB_SENSE_12/ARMC6/mbed-os/features/nanostack/targets/TARGET_Silicon_Labs/TARGET_SL_RAIL/NanostackRfPhyEfr32.o
    0x20000d80   0x00000014   Zero   RW        17623    .bss._ZL11dns_call_in  BUILD/TB_SENSE_12/ARMC6/mbed-os/features/netsocket/nsapi_dns.o
    0x20000d94   0x00000004   Zero   RW        16766    .bss._ZL11gRailHandle  BUILD/TB_SENSE_12/ARMC6/mbed-os/features/nanostack/targets/TARGET_Silicon_Labs/TARGET_SL_RAIL/NanostackRfPhyEfr32.o
    0x20000d98   0x00000001   Zero   RW        16764    .bss._ZL11radio_state  BUILD/TB_SENSE_12/ARMC6/mbed-os/features/nanostack/targets/TARGET_Silicon_Labs/TARGET_SL_RAIL/NanostackRfPhyEfr32.o
    0x20000d99   0x00000001   Zero   RW        16782    .bss._ZL12data_pending  BUILD/TB_SENSE_12/ARMC6/mbed-os/features/nanostack/targets/TARGET_Silicon_Labs/TARGET_SL_RAIL/NanostackRfPhyEfr32.o
    0x20000d9a   0x00000002   PAD
    0x20000d9c   0x00000004   Zero   RW        16777    .bss._ZL12rf_thread_id  BUILD/TB_SENSE_12/ARMC6/mbed-os/features/nanostack/targets/TARGET_Silicon_Labs/TARGET_SL_RAIL/NanostackRfPhyEfr32.o
    0x20000da0   0x0000004c   Zero   RW        16771    .bss._ZL13device_driver  BUILD/TB_SENSE_12/ARMC6/mbed-os/features/nanostack/targets/TARGET_Silicon_Labs/TARGET_SL_RAIL/NanostackRfPhyEfr32.o
    0x20000dec   0x00000004   Zero   RW        16774    .bss._ZL13rx_queue_head  BUILD/TB_SENSE_12/ARMC6/mbed-os/features/nanostack/targets/TARGET_Silicon_Labs/TARGET_SL_RAIL/NanostackRfPhyEfr32.o
    0x20000df0   0x00000004   Zero   RW        16775    .bss._ZL13rx_queue_tail  BUILD/TB_SENSE_12/ARMC6/mbed-os/features/nanostack/targets/TARGET_Silicon_Labs/TARGET_SL_RAIL/NanostackRfPhyEfr32.o
    0x20000df4   0x00000001   Zero   RW        16786    .bss._ZL13sleep_blocked  BUILD/TB_SENSE_12/ARMC6/mbed-os/features/nanostack/targets/TARGET_Silicon_Labs/TARGET_SL_RAIL/NanostackRfPhyEfr32.o
    0x20000df5   0x00000010   Zero   RW        20846    .bss._ZL13stdio_in_prev  BUILD/TB_SENSE_12/ARMC6/mbed-os/platform/source/mbed_retarget.o
    0x20000e05   0x00000003   PAD
    0x20000e08   0x00000024   Zero   RW           88    .bss._ZL14SerialOutMutex  BUILD/TB_SENSE_12/ARMC6/main.o
    0x20000e2c   0x00000010   Zero   RW        20847    .bss._ZL14stdio_out_prev  BUILD/TB_SENSE_12/ARMC6/mbed-os/platform/source/mbed_retarget.o
    0x20000e3c   0x00000028   Zero   RW        17630    .bss._ZL15dns_cache_mutex  BUILD/TB_SENSE_12/ARMC6/mbed-os/features/netsocket/nsapi_dns.o
    0x20000e64   0x00000014   Zero   RW        17627    .bss._ZL15dns_query_queue  BUILD/TB_SENSE_12/ARMC6/mbed-os/features/netsocket/nsapi_dns.o
    0x20000e78   0x00000001   Zero   RW        16778    .bss._ZL15waiting_for_ack  BUILD/TB_SENSE_12/ARMC6/mbed-os/features/nanostack/targets/TARGET_Silicon_Labs/TARGET_SL_RAIL/NanostackRfPhyEfr32.o
    0x20000e79   0x00000003   PAD
    0x20000e7c   0x00000004   Zero   RW        10956    .bss._ZL16arm_hal_callback  BUILD/TB_SENSE_12/ARMC6/mbed-os/features/nanostack/nanostack-hal-mbed-cmsis-rtos/arm_hal_timer.o
    0x20000e80   0x00000028   Zero   RW        20843    .bss._ZL16filehandle_mutex  BUILD/TB_SENSE_12/ARMC6/mbed-os/platform/source/mbed_retarget.o
    0x20000ea8   0x00000001   Zero   RW        16788    .bss._ZL17current_tx_handle  BUILD/TB_SENSE_12/ARMC6/mbed-os/features/nanostack/targets/TARGET_Silicon_Labs/TARGET_SL_RAIL/NanostackRfPhyEfr32.o
    0x20000ea9   0x00000001   Zero   RW        17628    .bss._ZL17dns_timer_running  BUILD/TB_SENSE_12/ARMC6/mbed-os/features/netsocket/nsapi_dns.o
    0x20000eaa   0x00000001   Zero   RW        16779    .bss._ZL19current_tx_sequence  BUILD/TB_SENSE_12/ARMC6/mbed-os/features/nanostack/targets/TARGET_Silicon_Labs/TARGET_SL_RAIL/NanostackRfPhyEfr32.o
    0x20000eab   0x00000001   Zero   RW        16780    .bss._ZL20last_ack_pending_bit  BUILD/TB_SENSE_12/ARMC6/mbed-os/features/nanostack/targets/TARGET_Silicon_Labs/TARGET_SL_RAIL/NanostackRfPhyEfr32.o
    0x20000eac   0x00000004   Zero   RW        16760    .bss._ZL2rf         BUILD/TB_SENSE_12/ARMC6/mbed-os/features/nanostack/targets/TARGET_Silicon_Labs/TARGET_SL_RAIL/NanostackRfPhyEfr32.o
    0x20000eb0   0x00000004   Zero   RW        10957    .bss._ZL3due        BUILD/TB_SENSE_12/ARMC6/mbed-os/features/nanostack/nanostack-hal-mbed-cmsis-rtos/arm_hal_timer.o
    0x20000eb4   0x00000004   PAD
    0x20000eb8   0x00000028   Zero   RW        10954    .bss._ZL5timer      BUILD/TB_SENSE_12/ARMC6/mbed-os/features/nanostack/nanostack-hal-mbed-cmsis-rtos/arm_hal_timer.o
    0x20000ee0   0x00000028   Zero   RW        20890    .bss._ZL6_mutex     BUILD/TB_SENSE_12/ARMC6/mbed-os/platform/source/mbed_rtc_time.o
    0x20000f08   0x00000004   Zero   RW        10952    .bss._ZL6equeue     BUILD/TB_SENSE_12/ARMC6/mbed-os/features/nanostack/nanostack-hal-mbed-cmsis-rtos/arm_hal_timer.o
    0x20000f0c   0x00000100   Zero   RW        16769    .bss._ZL6txFifo     BUILD/TB_SENSE_12/ARMC6/mbed-os/features/nanostack/targets/TARGET_Silicon_Labs/TARGET_SL_RAIL/NanostackRfPhyEfr32.o
    0x2000100c   0x00000004   Zero   RW        16783    .bss._ZL7last_tx    BUILD/TB_SENSE_12/ARMC6/mbed-os/features/nanostack/targets/TARGET_Silicon_Labs/TARGET_SL_RAIL/NanostackRfPhyEfr32.o
    0x20001010   0x00000048   Zero   RW        10955    .bss._ZL7timeout    BUILD/TB_SENSE_12/ARMC6/mbed-os/features/nanostack/nanostack-hal-mbed-cmsis-rtos/arm_hal_timer.o
    0x20001058   0x00000004   Zero   RW        10221    .bss._ZL8_handler   BUILD/TB_SENSE_12/ARMC6/mbed-os/features/nanostack/mbed-mesh-api/source/CallbackHandler.o
    0x2000105c   0x00000410   Zero   RW        16781    .bss._ZL8rx_queue   BUILD/TB_SENSE_12/ARMC6/mbed-os/features/nanostack/targets/TARGET_Silicon_Labs/TARGET_SL_RAIL/NanostackRfPhyEfr32.o
    0x2000146c   0x0000000c   Zero   RW        17631    .bss._ZL9dns_cache  BUILD/TB_SENSE_12/ARMC6/mbed-os/features/netsocket/nsapi_dns.o
    0x20001478   0x00000028   Zero   RW        17626    .bss._ZL9dns_mutex  BUILD/TB_SENSE_12/ARMC6/mbed-os/features/netsocket/nsapi_dns.o
    0x200014a0   0x00000004   Zero   RW        20053    .bss._ZN10CThunkBase17_cthunk_free_realE  BUILD/TB_SENSE_12/ARMC6/mbed-os/platform/source/CThunkBase.o
    0x200014a4   0x00000028   Zero   RW         1113    .bss._ZN4mbed3I2C6_mutexE  BUILD/TB_SENSE_12/ARMC6/mbed-os/drivers/source/I2C.o
    0x200014cc   0x00000004   Zero   RW         1112    .bss._ZN4mbed3I2C6_ownerE  BUILD/TB_SENSE_12/ARMC6/mbed-os/drivers/source/I2C.o
    0x200014d0   0x00000004   Zero   RW        20138    .bss._ZN4mbed8FileBase5_headE  BUILD/TB_SENSE_12/ARMC6/mbed-os/platform/source/FileBase.o
    0x200014d4   0x00000028   Zero   RW        20139    .bss._ZN4mbed8FileBase6_mutexE  BUILD/TB_SENSE_12/ARMC6/mbed-os/platform/source/FileBase.o
    0x200014fc   0x00000004   Zero   RW        20140    .bss._ZN4mbed8FileBase8_defaultE  BUILD/TB_SENSE_12/ARMC6/mbed-os/platform/source/FileBase.o
    0x20001500   0x00000038   Zero   RW        20646    .bss._ZN4mbed8internal12_GLOBAL__N_113os_timer_dataE  BUILD/TB_SENSE_12/ARMC6/mbed-os/platform/source/mbed_os_timer.o
    0x20001538   0x00000004   Zero   RW        20645    .bss._ZN4mbed8internal8os_timerE  BUILD/TB_SENSE_12/ARMC6/mbed-os/platform/source/mbed_os_timer.o
    0x2000153c   0x00000004   Zero   RW        20856    .bss._ZZL15default_consolevE7console  BUILD/TB_SENSE_12/ARMC6/mbed-os/platform/source/mbed_retarget.o
    0x20001540   0x00000001   Zero   RW        10613    .bss._ZZN13MeshInterface27get_target_default_instanceEvE6inited  BUILD/TB_SENSE_12/ARMC6/mbed-os/features/nanostack/mbed-mesh-api/source/ThreadInterface.o
    0x20001541   0x00000003   PAD
    0x20001544   0x00000054   Zero   RW        10614    .bss._ZZN13MeshInterface27get_target_default_instanceEvE9interface  BUILD/TB_SENSE_12/ARMC6/mbed-os/features/nanostack/mbed-mesh-api/source/ThreadInterface.o
    0x20001598   0x00000004   Zero   RW        16762    .bss._ZZN14NanostackRfPhy20get_default_instanceEvE6rf_phy  BUILD/TB_SENSE_12/ARMC6/mbed-os/features/nanostack/targets/TARGET_Silicon_Labs/TARGET_SL_RAIL/NanostackRfPhyEfr32.o
    0x2000159c   0x00000004   PAD
    0x200015a0   0x00000100   Zero   RW         2945    .bss._ZZN4mbed33do_shared_event_queue_with_threadIL12osPriority_t40ELj256ELj1024EEEPN6events10EventQueueEPKcE12queue_buffer  BUILD/TB_SENSE_12/ARMC6/mbed-os/events/source/mbed_shared_queues.o
    0x200016a0   0x0000005c   Zero   RW         2946    .bss._ZZN4mbed33do_shared_event_queue_with_threadIL12osPriority_t40ELj256ELj1024EEEPN6events10EventQueueEPKcE5queue  BUILD/TB_SENSE_12/ARMC6/mbed-os/events/source/mbed_shared_queues.o
    0x200016fc   0x00000004   PAD
    0x20001700   0x00000400   Zero   RW         2948    .bss._ZZN4mbed33do_shared_event_queue_with_threadIL12osPriority_t40ELj256ELj1024EEEPN6events10EventQueueEPKcE5stack  BUILD/TB_SENSE_12/ARMC6/mbed-os/events/source/mbed_shared_queues.o
    0x20001b00   0x000000c0   Zero   RW         2949    .bss._ZZN4mbed33do_shared_event_queue_with_threadIL12osPriority_t40ELj256ELj1024EEEPN6events10EventQueueEPKcE6thread  BUILD/TB_SENSE_12/ARMC6/mbed-os/events/source/mbed_shared_queues.o
    0x20001bc0   0x00000004   Zero   RW        20998    .bss._ZZN4rtos6Kernel12get_ms_countEvE6tick_h  BUILD/TB_SENSE_12/ARMC6/mbed-os/rtos/source/Kernel.o
    0x20001bc4   0x00000004   Zero   RW        20999    .bss._ZZN4rtos6Kernel12get_ms_countEvE6tick_l  BUILD/TB_SENSE_12/ARMC6/mbed-os/rtos/source/Kernel.o
    0x20001bc8   0x00000034   Zero   RW        11123    .bss._ZZN9Nanostack12get_instanceEvE9nanostack  BUILD/TB_SENSE_12/ARMC6/mbed-os/features/nanostack/nanostack-interface/Nanostack.o
    0x20001bfc   0x00000004   Zero   RW        10544    .bss._ZZN9Nanostack17add_ppp_interfaceER3PPPbPPNS_12PPPInterfaceEE9interface  BUILD/TB_SENSE_12/ARMC6/mbed-os/features/nanostack/mbed-mesh-api/source/NanostackPPPInterface.o
    0x20001c00   0x00001000   Zero   RW        21104    .bss._main_stack    BUILD/TB_SENSE_12/ARMC6/mbed-os/rtos/source/TARGET_CORTEX/mbed_rtos_rtx.o
    0x20002c00   0x00000024   Zero   RW        21105    .bss._main_thread_attr  BUILD/TB_SENSE_12/ARMC6/mbed-os/rtos/source/TARGET_CORTEX/mbed_rtos_rtx.o
    0x20002c24   0x00000020   Zero   RW        21079    .bss._static_mutexes  BUILD/TB_SENSE_12/ARMC6/mbed-os/rtos/source/TARGET_CORTEX/TOOLCHAIN_ARM_STD/mbed_boot_arm_std.o
    0x20002c44   0x000000e0   Zero   RW        21080    .bss._static_mutexes_mem  BUILD/TB_SENSE_12/ARMC6/mbed-os/rtos/source/TARGET_CORTEX/TOOLCHAIN_ARM_STD/mbed_boot_arm_std.o
    0x20002d24   0x00000001   Zero   RW        19965    .bss._us_ticker_initialized  BUILD/TB_SENSE_12/ARMC6/mbed-os/hal/mbed_us_ticker_api.o
    0x20002d25   0x00000003   PAD
    0x20002d28   0x00000004   Zero   RW         8805    .bss.add_count      BUILD/TB_SENSE_12/ARMC6/mbed-os/features/mbedtls/src/ecp.o
    0x20002d2c   0x00000004   Zero   RW        14192    .bss.addr_iid_secret_key  BUILD/TB_SENSE_12/ARMC6/mbed-os/features/nanostack/sal-stack-nanostack/source/Core/ns_address_internal.o
    0x20002d30   0x00000001   Zero   RW        14193    .bss.addr_iid_secret_key_len  BUILD/TB_SENSE_12/ARMC6/mbed-os/features/nanostack/sal-stack-nanostack/source/Core/ns_address_internal.o
    0x20002d31   0x00000003   PAD
    0x20002d34   0x00000004   Zero   RW        14194    .bss.addr_initial_iid  BUILD/TB_SENSE_12/ARMC6/mbed-os/features/nanostack/sal-stack-nanostack/source/Core/ns_address_internal.o
    0x20002d38   0x00000004   Zero   RW        11896    .bss.addr_notificastion_timer  BUILD/TB_SENSE_12/ARMC6/mbed-os/features/nanostack/sal-stack-nanostack/source/6LoWPAN/Thread/thread_bootstrap.o
    0x20002d3c   0x00000001   Zero   RW        11623    .bss.always_add_mesh_header_as_originator  BUILD/TB_SENSE_12/ARMC6/mbed-os/features/nanostack/sal-stack-nanostack/source/6LoWPAN/Mesh/mesh.o
    0x20002d3d   0x00000003   PAD
    0x20002d40   0x00000004   Zero   RW        10785    .bss.app_stack_heap  BUILD/TB_SENSE_12/ARMC6/mbed-os/features/nanostack/mbed-mesh-api/source/mesh_system.o
    0x20002d44   0x00000004   Zero   RW        15325    .bss.blacklist_data  BUILD/TB_SENSE_12/ARMC6/mbed-os/features/nanostack/sal-stack-nanostack/source/Service_Libs/blacklist/blacklist.o
    0x20002d48   0x00000004   Zero   RW        14055    .bss.buffer_count   BUILD/TB_SENSE_12/ARMC6/mbed-os/features/nanostack/sal-stack-nanostack/source/Core/buffer_dyn.o
    0x20002d4c   0x0000000c   Zero   RW        13287    .bss.cached_fast_data  BUILD/TB_SENSE_12/ARMC6/mbed-os/features/nanostack/sal-stack-nanostack/source/6LoWPAN/Thread/thread_nvm_store.o
    0x20002d58   0x00000040   Zero   RW        22607    .bss.channel_ids    BUILD/TB_SENSE_12/ARMC6/mbed-os/targets/TARGET_Silicon_Labs/TARGET_EFM32/gpio_irq_api.o
    0x20002d98   0x00000008   Zero   RW        22608    .bss.channel_ports  BUILD/TB_SENSE_12/ARMC6/mbed-os/targets/TARGET_Silicon_Labs/TARGET_EFM32/gpio_irq_api.o
    0x20002da0   0x00000004   Zero   RW        23205    .bss.coapHandle     BUILD/TB_SENSE_12/ARMC6/vmn_coap_server.o
    0x20002da4   0x00000090   Zero   RW        23162    .bss.coap_client_udpsock  BUILD/TB_SENSE_12/ARMC6/vmn_coap_client.o
    0x20002e34   0x00000004   Zero   RW           74    .bss.coap_server_ipaddr  BUILD/TB_SENSE_12/ARMC6/cli_cmd.o
    0x20002e38   0x00000004   Zero   RW        10211    .bss.coap_service_handle  BUILD/TB_SENSE_12/ARMC6/mbed-os/features/nanostack/coap-service/source/coap_service_api.o
    0x20002e3c   0x0000005c   Zero   RW        23166    .bss.coapclient_eventqueue  BUILD/TB_SENSE_12/ARMC6/vmn_coap_client.o
    0x20002e98   0x000000c0   Zero   RW           91    .bss.coapclient_thread  BUILD/TB_SENSE_12/ARMC6/main.o
    0x20002f58   0x00000004   Zero   RW        23163    .bss.coaphandle     BUILD/TB_SENSE_12/ARMC6/vmn_coap_client.o
    0x20002f5c   0x0000005c   Zero   RW        23203    .bss.coapserver_eventqueue  BUILD/TB_SENSE_12/ARMC6/vmn_coap_server.o
    0x20002fb8   0x00000002   Zero   RW        23208    .bss.coapserver_eventqueue_handle  BUILD/TB_SENSE_12/ARMC6/vmn_coap_server.o
    0x20002fba   0x00000002   PAD
    0x20002fbc   0x000000c0   Zero   RW           89    .bss.coapserver_thread  BUILD/TB_SENSE_12/ARMC6/main.o
    0x2000307c   0x00000050   Zero   RW        15263    .bss.context_list   BUILD/TB_SENSE_12/ARMC6/mbed-os/features/nanostack/sal-stack-nanostack/source/Service_Libs/CCM_lib/mbedOS/aes_mbedtls_adapter.o
    0x200030cc   0x00000001   Zero   RW        19854    .bss.critical_interrupts_enabled  BUILD/TB_SENSE_12/ARMC6/mbed-os/hal/mbed_critical_section_api.o
    0x200030cd   0x00000003   PAD
    0x200030d0   0x0000001c   Zero   RW        10931    .bss.critical_mutex  BUILD/TB_SENSE_12/ARMC6/mbed-os/features/nanostack/nanostack-hal-mbed-cmsis-rtos/arm_hal_interrupt.o
    0x200030ec   0x00000004   Zero   RW        10928    .bss.critical_mutex_id  BUILD/TB_SENSE_12/ARMC6/mbed-os/features/nanostack/nanostack-hal-mbed-cmsis-rtos/arm_hal_interrupt.o
    0x200030f0   0x00000004   Zero   RW        20534    .bss.critical_section_reentrancy_counter  BUILD/TB_SENSE_12/ARMC6/mbed-os/platform/source/mbed_critical.o
    0x200030f4   0x00000001   Zero   RW        11176    .bss.curr_tasklet   BUILD/TB_SENSE_12/ARMC6/mbed-os/features/nanostack/sal-stack-nanostack-eventloop/source/event.o
    0x200030f5   0x00000003   PAD
    0x200030f8   0x00000030   Zero   RW        12647    .bss.data_response  BUILD/TB_SENSE_12/ARMC6/mbed-os/features/nanostack/sal-stack-nanostack/source/6LoWPAN/Thread/thread_lowpower_api.o
    0x20003128   0x00000004   Zero   RW         8806    .bss.dbl_count      BUILD/TB_SENSE_12/ARMC6/mbed-os/features/mbedtls/src/ecp.o
    0x2000312c   0x00000002   Zero   RW        16215    .bss.dcache_gc_timer  BUILD/TB_SENSE_12/ARMC6/mbed-os/features/nanostack/sal-stack-nanostack/source/ipv6_stack/ipv6_routing_table.o
    0x2000312e   0x00000002   Zero   RW        22207    .bss.dcdcEm01LoadCurrent_mA  BUILD/TB_SENSE_12/ARMC6/mbed-os/targets/TARGET_Silicon_Labs/TARGET_EFM32/emlib/src/em_emu.o
    0x20003130   0x00000002   Zero   RW        22211    .bss.dcdcMaxCurrent_mA  BUILD/TB_SENSE_12/ARMC6/mbed-os/targets/TARGET_Silicon_Labs/TARGET_EFM32/emlib/src/em_emu.o
    0x20003132   0x00000002   Zero   RW        22212    .bss.dcdcReverseCurrentControl  BUILD/TB_SENSE_12/ARMC6/mbed-os/targets/TARGET_Silicon_Labs/TARGET_EFM32/emlib/src/em_emu.o
    0x20003134   0x00000004   Zero   RW         8633    .bss.debug_threshold  BUILD/TB_SENSE_12/ARMC6/mbed-os/features/mbedtls/src/debug.o
    0x20003138   0x00000002   Zero   RW        20673    .bss.deep_sleep_lock  BUILD/TB_SENSE_12/ARMC6/mbed-os/platform/source/mbed_power_mgmt.o
    0x2000313a   0x00000002   PAD
    0x2000313c   0x00000004   Zero   RW         5389    .bss.default_book   BUILD/TB_SENSE_12/ARMC6/mbed-os/features/frameworks/nanostack-libservice/source/nsdynmemLIB/nsdynmemLIB.o
    0x20003140   0x00000040   Zero   RW        10845    .bss.device_configuration  BUILD/TB_SENSE_12/ARMC6/mbed-os/features/nanostack/mbed-mesh-api/source/thread_tasklet.o
    0x20003180   0x00000004   Zero   RW        16279    .bss.dhcp_service   BUILD/TB_SENSE_12/ARMC6/mbed-os/features/nanostack/sal-stack-nanostack/source/libDHCPv6/dhcp_service_api.o
    0x20003184   0x00000004   Zero   RW        14358    .bss.dhcp_timer_storage  BUILD/TB_SENSE_12/ARMC6/mbed-os/features/nanostack/sal-stack-nanostack/source/DHCPv6_Server/DHCPv6_Server_service.o
    0x20003188   0x00000001   Zero   RW        16280    .bss.dhcpv6_socket_timeout_timer_active  BUILD/TB_SENSE_12/ARMC6/mbed-os/features/nanostack/sal-stack-nanostack/source/libDHCPv6/dhcp_service_api.o
    0x20003189   0x00000003   Zero   RW         8802    .bss.ecp_supported_grp_id  BUILD/TB_SENSE_12/ARMC6/mbed-os/features/mbedtls/src/ecp.o
    0x2000318c   0x00000004   Zero   RW        22208    .bss.emState.cmuStatus  BUILD/TB_SENSE_12/ARMC6/mbed-os/targets/TARGET_Silicon_Labs/TARGET_EFM32/emlib/src/em_emu.o
    0x20003190   0x00000001   Zero   RW        22209    .bss.emState.hfClock  BUILD/TB_SENSE_12/ARMC6/mbed-os/targets/TARGET_Silicon_Labs/TARGET_EFM32/emlib/src/em_emu.o
    0x20003191   0x00000001   Zero   RW        22210    .bss.emState.vScaleStatus  BUILD/TB_SENSE_12/ARMC6/mbed-os/targets/TARGET_Silicon_Labs/TARGET_EFM32/emlib/src/em_emu.o
    0x20003192   0x00000001   Zero   RW        11895    .bss.enabled        BUILD/TB_SENSE_12/ARMC6/mbed-os/features/nanostack/sal-stack-nanostack/source/6LoWPAN/Thread/thread_bootstrap.o
    0x20003193   0x00000005   PAD
    0x20003198   0x00000008   Zero   RW        23131    .bss.env_en         BUILD/TB_SENSE_12/ARMC6/temp_humidity_sensor.o
    0x200031a0   0x00000004   Zero   RW        20580    .bss.error_count    BUILD/TB_SENSE_12/ARMC6/mbed-os/platform/source/mbed_error.o
    0x200031a4   0x00000004   Zero   RW        20581    .bss.error_hook     BUILD/TB_SENSE_12/ARMC6/mbed-os/platform/source/mbed_error.o
    0x200031a8   0x00000004   Zero   RW        10773    .bss.eth_mac_api    BUILD/TB_SENSE_12/ARMC6/mbed-os/features/nanostack/mbed-mesh-api/source/ethernet_tasklet.o
    0x200031ac   0x00000004   Zero   RW        15366    .bss.etx_info.0     BUILD/TB_SENSE_12/ARMC6/mbed-os/features/nanostack/sal-stack-nanostack/source/Service_Libs/etx/etx.o
    0x200031b0   0x00000004   Zero   RW        15367    .bss.etx_info.1     BUILD/TB_SENSE_12/ARMC6/mbed-os/features/nanostack/sal-stack-nanostack/source/Service_Libs/etx/etx.o
    0x200031b4   0x00000001   Zero   RW        15376    .bss.etx_info.10    BUILD/TB_SENSE_12/ARMC6/mbed-os/features/nanostack/sal-stack-nanostack/source/Service_Libs/etx/etx.o
    0x200031b5   0x00000003   PAD
    0x200031b8   0x00000001   Zero   RW        15377    .bss.etx_info.11    BUILD/TB_SENSE_12/ARMC6/mbed-os/features/nanostack/sal-stack-nanostack/source/Service_Libs/etx/etx.o
    0x200031b9   0x00000003   PAD
    0x200031bc   0x00000001   Zero   RW        15378    .bss.etx_info.12    BUILD/TB_SENSE_12/ARMC6/mbed-os/features/nanostack/sal-stack-nanostack/source/Service_Libs/etx/etx.o
    0x200031bd   0x00000003   PAD
    0x200031c0   0x00000004   Zero   RW        15368    .bss.etx_info.2     BUILD/TB_SENSE_12/ARMC6/mbed-os/features/nanostack/sal-stack-nanostack/source/Service_Libs/etx/etx.o
    0x200031c4   0x00000004   Zero   RW        15369    .bss.etx_info.3     BUILD/TB_SENSE_12/ARMC6/mbed-os/features/nanostack/sal-stack-nanostack/source/Service_Libs/etx/etx.o
    0x200031c8   0x00000004   Zero   RW        15370    .bss.etx_info.4     BUILD/TB_SENSE_12/ARMC6/mbed-os/features/nanostack/sal-stack-nanostack/source/Service_Libs/etx/etx.o
    0x200031cc   0x00000002   Zero   RW        15372    .bss.etx_info.6     BUILD/TB_SENSE_12/ARMC6/mbed-os/features/nanostack/sal-stack-nanostack/source/Service_Libs/etx/etx.o
    0x200031ce   0x00000002   PAD
    0x200031d0   0x00000001   Zero   RW        15374    .bss.etx_info.8     BUILD/TB_SENSE_12/ARMC6/mbed-os/features/nanostack/sal-stack-nanostack/source/Service_Libs/etx/etx.o
    0x200031d1   0x00000003   PAD
    0x200031d4   0x00000001   Zero   RW        15375    .bss.etx_info.9     BUILD/TB_SENSE_12/ARMC6/mbed-os/features/nanostack/sal-stack-nanostack/source/Service_Libs/etx/etx.o
    0x200031d5   0x00000003   PAD
    0x200031d8   0x0000001c   Zero   RW        10993    .bss.event_mutex    BUILD/TB_SENSE_12/ARMC6/mbed-os/features/nanostack/nanostack-hal-mbed-cmsis-rtos/ns_event_loop_mutex.o
    0x200031f4   0x00000004   Zero   RW        10988    .bss.event_mutex_id  BUILD/TB_SENSE_12/ARMC6/mbed-os/features/nanostack/nanostack-hal-mbed-cmsis-rtos/ns_event_loop_mutex.o
    0x200031f8   0x00000004   Zero   RW        10990    .bss.event_mutex_owner_id  BUILD/TB_SENSE_12/ARMC6/mbed-os/features/nanostack/nanostack-hal-mbed-cmsis-rtos/ns_event_loop_mutex.o
    0x200031fc   0x00000004   Zero   RW        10972    .bss.event_thread_id  BUILD/TB_SENSE_12/ARMC6/mbed-os/features/nanostack/nanostack-hal-mbed-cmsis-rtos/ns_event_loop.o
    0x20003200   0x00001800   Zero   RW        10976    .bss.event_thread_stk  BUILD/TB_SENSE_12/ARMC6/mbed-os/features/nanostack/nanostack-hal-mbed-cmsis-rtos/ns_event_loop.o
    0x20004a00   0x00000044   Zero   RW        10975    .bss.event_thread_tcb  BUILD/TB_SENSE_12/ARMC6/mbed-os/features/nanostack/nanostack-hal-mbed-cmsis-rtos/ns_event_loop.o
    0x20004a44   0x00000004   PAD
    0x20004a48   0x00000040   Zero   RW        19890    .bss.events         BUILD/TB_SENSE_12/ARMC6/mbed-os/hal/mbed_lp_ticker_api.o
    0x20004a88   0x00000040   Zero   RW        19967    .bss.events         BUILD/TB_SENSE_12/ARMC6/mbed-os/hal/mbed_us_ticker_api.o
    0x20004ac8   0x00000054   Zero   RW        20398    .bss.fault_context  BUILD/TB_SENSE_12/ARMC6/mbed-os/platform/source/TARGET_CORTEX_M/mbed_fault_handler.o
    0x20004b1c   0x00000004   Zero   RW        16089    .bss.file_close_cb  BUILD/TB_SENSE_12/ARMC6/mbed-os/features/nanostack/sal-stack-nanostack/source/Service_Libs/utils/ns_file_system.o
    0x20004b20   0x00000004   Zero   RW        16088    .bss.file_open_cb   BUILD/TB_SENSE_12/ARMC6/mbed-os/features/nanostack/sal-stack-nanostack/source/Service_Libs/utils/ns_file_system.o
    0x20004b24   0x00000004   Zero   RW        16092    .bss.file_read_cb   BUILD/TB_SENSE_12/ARMC6/mbed-os/features/nanostack/sal-stack-nanostack/source/Service_Libs/utils/ns_file_system.o
    0x20004b28   0x00000004   Zero   RW        16087    .bss.file_system_root  BUILD/TB_SENSE_12/ARMC6/mbed-os/features/nanostack/sal-stack-nanostack/source/Service_Libs/utils/ns_file_system.o
    0x20004b2c   0x00000004   Zero   RW        16091    .bss.file_write_cb  BUILD/TB_SENSE_12/ARMC6/mbed-os/features/nanostack/sal-stack-nanostack/source/Service_Libs/utils/ns_file_system.o
    0x20004b30   0x00000034   Zero   RW        20579    .bss.first_error_ctx  BUILD/TB_SENSE_12/ARMC6/mbed-os/platform/source/mbed_error.o
    0x20004b64   0x00000001   Zero   RW           66    .bss.flag           BUILD/TB_SENSE_12/ARMC6/cli_cmd.o
    0x20004b65   0x00000003   PAD
    0x20004b68   0x00000001   Zero   RW        10146    .bss.get_random.initialised  BUILD/TB_SENSE_12/ARMC6/mbed-os/features/nanostack/coap-service/source/coap_security_handler.o
    0x20004b69   0x00000003   PAD
    0x20004b6c   0x00000001   Zero   RW        22671    .bss.gpio_clock_inited  BUILD/TB_SENSE_12/ARMC6/mbed-os/targets/TARGET_Silicon_Labs/TARGET_EFM32/pinmap.o
    0x20004b6d   0x00000001   Zero   RW        20582    .bss.halt_in_progress  BUILD/TB_SENSE_12/ARMC6/mbed-os/platform/source/mbed_error.o
    0x20004b6e   0x00000002   PAD
    0x20004b70   0x0000006c   Zero   RW        15286    .bss.hmac_sha_ctx   BUILD/TB_SENSE_12/ARMC6/mbed-os/features/nanostack/sal-stack-nanostack/source/Service_Libs/SHA256_Lib/shalib.o
    0x20004bdc   0x0000007c   Zero   RW        23132    .bss.i2c            BUILD/TB_SENSE_12/ARMC6/temp_humidity_sensor.o
    0x20004c58   0x00000010   Zero   RW        23207    .bss.ipaddress_buffer  BUILD/TB_SENSE_12/ARMC6/vmn_coap_server.o
    0x20004c68   0x00000010   Zero   RW        23165    .bss.ipdestbuffer   BUILD/TB_SENSE_12/ARMC6/vmn_coap_client.o
    0x20004c78   0x0000005c   Zero   RW        13902    .bss.ipv6_exthdr_provider  BUILD/TB_SENSE_12/ARMC6/mbed-os/features/nanostack/sal-stack-nanostack/source/Common_Protocols/ipv6.o
    0x20004cd4   0x0000005c   Zero   RW        16217    .bss.ipv6_route_next_hop_computation  BUILD/TB_SENSE_12/ARMC6/mbed-os/features/nanostack/sal-stack-nanostack/source/ipv6_stack/ipv6_routing_table.o
    0x20004d30   0x0000005c   Zero   RW        16216    .bss.ipv6_route_predicate  BUILD/TB_SENSE_12/ARMC6/mbed-os/features/nanostack/sal-stack-nanostack/source/ipv6_stack/ipv6_routing_table.o
    0x20004d8c   0x00000017   Zero   RW        16219    .bss.ipv6_route_source_invalidated  BUILD/TB_SENSE_12/ARMC6/mbed-os/features/nanostack/sal-stack-nanostack/source/ipv6_stack/ipv6_routing_table.o
    0x20004da3   0x00000001   PAD
    0x20004da4   0x00000004   Zero   RW        22609    .bss.irq_handler    BUILD/TB_SENSE_12/ARMC6/mbed-os/targets/TARGET_Silicon_Labs/TARGET_EFM32/gpio_irq_api.o
    0x20004da8   0x00000004   Zero   RW        22908    .bss.irq_handler    BUILD/TB_SENSE_12/ARMC6/mbed-os/targets/TARGET_Silicon_Labs/TARGET_EFM32/serial_api.o
    0x20004dac   0x00000001   Zero   RW        23043    .bss.is_trng_enabled  BUILD/TB_SENSE_12/ARMC6/mbed-os/targets/TARGET_Silicon_Labs/TARGET_EFM32/trng/trng_api.o
    0x20004dad   0x00000003   PAD
    0x20004db0   0x00000004   Zero   RW           72    .bss.j              BUILD/TB_SENSE_12/ARMC6/cli_cmd.o
    0x20004db4   0x00000034   Zero   RW        20578    .bss.last_error_ctx  BUILD/TB_SENSE_12/ARMC6/mbed-os/platform/source/mbed_error.o
    0x20004de8   0x00000040   Zero   RW        21894    .bss.ldmaCallback   BUILD/TB_SENSE_12/ARMC6/mbed-os/targets/TARGET_Silicon_Labs/TARGET_EFM32/dma_api.o
    0x20004e28   0x00000008   Zero   RW        23098    .bss.led_1          BUILD/TB_SENSE_12/ARMC6/mesh_led_control_example.o
    0x20004e30   0x00000004   Zero   RW           64    .bss.link           BUILD/TB_SENSE_12/ARMC6/cli_cmd.o
    0x20004e34   0x00000004   Zero   RW           63    .bss.linkcopy       BUILD/TB_SENSE_12/ARMC6/cli_cmd.o
    0x20004e38   0x00000001   Zero   RW        22779    .bss.lptick_inited  BUILD/TB_SENSE_12/ARMC6/mbed-os/targets/TARGET_Silicon_Labs/TARGET_EFM32/rtcc.o
    0x20004e39   0x00000003   PAD
    0x20004e3c   0x00000004   Zero   RW        22777    .bss.lptick_offset  BUILD/TB_SENSE_12/ARMC6/mbed-os/targets/TARGET_Silicon_Labs/TARGET_EFM32/rtcc.o
    0x20004e40   0x00000004   Zero   RW        10846    .bss.mac_api        BUILD/TB_SENSE_12/ARMC6/mbed-os/features/nanostack/mbed-mesh-api/source/thread_tasklet.o
    0x20004e44   0x00000004   Zero   RW        14811    .bss.mac_store.0    BUILD/TB_SENSE_12/ARMC6/mbed-os/features/nanostack/sal-stack-nanostack/source/MAC/IEEE802_15_4/sw_mac.o
    0x20004e48   0x00000004   Zero   RW        14812    .bss.mac_store.1    BUILD/TB_SENSE_12/ARMC6/mbed-os/features/nanostack/sal-stack-nanostack/source/MAC/IEEE802_15_4/sw_mac.o
    0x20004e4c   0x00000004   Zero   RW        14813    .bss.mac_store.2    BUILD/TB_SENSE_12/ARMC6/mbed-os/features/nanostack/sal-stack-nanostack/source/MAC/IEEE802_15_4/sw_mac.o
    0x20004e50   0x00000004   Zero   RW        14814    .bss.mac_store.3    BUILD/TB_SENSE_12/ARMC6/mbed-os/features/nanostack/sal-stack-nanostack/source/MAC/IEEE802_15_4/sw_mac.o
    0x20004e54   0x00000001   Zero   RW        20577    .bss.mbed_error_in_progress  BUILD/TB_SENSE_12/ARMC6/mbed-os/platform/source/mbed_error.o
    0x20004e55   0x00000003   PAD
    0x20004e58   0x00000004   Zero   RW        20842    .bss.mbed_heap_size  BUILD/TB_SENSE_12/ARMC6/mbed-os/platform/source/mbed_retarget.o
    0x20004e5c   0x00000004   Zero   RW        20841    .bss.mbed_heap_start  BUILD/TB_SENSE_12/ARMC6/mbed-os/platform/source/mbed_retarget.o
    0x20004e60   0x00000004   Zero   RW        21095    .bss.mbed_stack_isr_size  BUILD/TB_SENSE_12/ARMC6/mbed-os/rtos/source/TARGET_CORTEX/mbed_boot.o
    0x20004e64   0x00000004   Zero   RW        21094    .bss.mbed_stack_isr_start  BUILD/TB_SENSE_12/ARMC6/mbed-os/rtos/source/TARGET_CORTEX/mbed_boot.o
    0x20004e68   0x00000001   Zero   RW         8801    .bss.mbedtls_ecp_grp_id_list.init_done  BUILD/TB_SENSE_12/ARMC6/mbed-os/features/mbedtls/src/ecp.o
    0x20004e69   0x00000003   PAD
    0x20004e6c   0x00000028   Zero   RW         7982    .bss.mbedtls_mutex  BUILD/TB_SENSE_12/ARMC6/mbed-os/features/mbedtls/platform/src/mbed_trng.o
    0x20004e94   0x00000004   Zero   RW           53    .bss.mesh           BUILD/TB_SENSE_12/ARMC6/cli_cmd.o
    0x20004e98   0x00000001   Zero   RW        11624    .bss.mesh_bc0_sequence  BUILD/TB_SENSE_12/ARMC6/mbed-os/features/nanostack/sal-stack-nanostack/source/6LoWPAN/Mesh/mesh.o
    0x20004e99   0x00000001   Zero   RW        10784    .bss.mesh_initialized  BUILD/TB_SENSE_12/ARMC6/mbed-os/features/nanostack/mbed-mesh-api/source/mesh_system.o
    0x20004e9a   0x00000002   Zero   RW         5194    .bss.message_id     BUILD/TB_SENSE_12/ARMC6/mbed-os/features/frameworks/mbed-coap/source/sn_coap_protocol.o
    0x20004e9c   0x00000001   Zero   RW        13962    .bss.mld_querier    BUILD/TB_SENSE_12/ARMC6/mbed-os/features/nanostack/sal-stack-nanostack/source/Common_Protocols/mld.o
    0x20004e9d   0x00000001   Zero   RW        13963    .bss.mld_slow_timer.query_timer  BUILD/TB_SENSE_12/ARMC6/mbed-os/features/nanostack/sal-stack-nanostack/source/Common_Protocols/mld.o
    0x20004e9e   0x00000002   PAD
    0x20004ea0   0x00000004   Zero   RW        15920    .bss.mle_service    BUILD/TB_SENSE_12/ARMC6/mbed-os/features/nanostack/sal-stack-nanostack/source/Service_Libs/mle_service/mle_service.o
    0x20004ea4   0x00000004   Zero   RW        11897    .bss.mlr_timer      BUILD/TB_SENSE_12/ARMC6/mbed-os/features/nanostack/sal-stack-nanostack/source/6LoWPAN/Thread/thread_bootstrap.o
    0x20004ea8   0x00000001   Zero   RW        15056    .bss.mpl_initted    BUILD/TB_SENSE_12/ARMC6/mbed-os/features/nanostack/sal-stack-nanostack/source/MPL/mpl.o
    0x20004ea9   0x00000001   Zero   RW        15058    .bss.mpl_timer_running  BUILD/TB_SENSE_12/ARMC6/mbed-os/features/nanostack/sal-stack-nanostack/source/MPL/mpl.o
    0x20004eaa   0x00000002   Zero   RW        15059    .bss.mpl_total_buffered  BUILD/TB_SENSE_12/ARMC6/mbed-os/features/nanostack/sal-stack-nanostack/source/MPL/mpl.o
    0x20004eac   0x00000004   Zero   RW         8807    .bss.mul_count      BUILD/TB_SENSE_12/ARMC6/mbed-os/features/mbedtls/src/ecp.o
    0x20004eb0   0x00000034   Zero   RW        23099    .bss.my_button      BUILD/TB_SENSE_12/ARMC6/mesh_led_control_example.o
    0x20004ee4   0x00000001   Zero   RW        14212    .bss.ns_dyn_mem_rate_limiting_threshold_percentage  BUILD/TB_SENSE_12/ARMC6/mbed-os/features/nanostack/sal-stack-nanostack/source/Core/ns_monitor.o
    0x20004ee5   0x00000001   Zero   RW        10999    .bss.ns_hal_init.initted  BUILD/TB_SENSE_12/ARMC6/mbed-os/features/nanostack/nanostack-hal-mbed-cmsis-rtos/ns_hal_init.o
    0x20004ee6   0x00000002   PAD
    0x20004ee8   0x00000004   Zero   RW        14210    .bss.ns_monitor_ptr  BUILD/TB_SENSE_12/ARMC6/mbed-os/features/nanostack/sal-stack-nanostack/source/Core/ns_monitor.o
    0x20004eec   0x00000001   Zero   RW        11210    .bss.ns_timer_initialized  BUILD/TB_SENSE_12/ARMC6/mbed-os/features/nanostack/sal-stack-nanostack-eventloop/source/ns_timer.o
    0x20004eed   0x00000001   Zero   RW        11212    .bss.ns_timer_state  BUILD/TB_SENSE_12/ARMC6/mbed-os/features/nanostack/sal-stack-nanostack-eventloop/source/ns_timer.o
    0x20004eee   0x00000002   PAD
    0x20004ef0   0x00000004   Zero   RW        15163    .bss.nwk_stats_ptr  BUILD/TB_SENSE_12/ARMC6/mbed-os/features/nanostack/sal-stack-nanostack/source/NWK_INTERFACE/protocol_stats.o
    0x20004ef4   0x00000004   PAD
    0x20004ef8   0x00000008   Zero   RW        16722    .bss.opt_temp       BUILD/TB_SENSE_12/ARMC6/mbed-os/features/nanostack/sal-stack-nanostack/source/libNET/src/socket_api.o
    0x20004f00   0x00000040   Zero   RW        21359    .bss.os             BUILD/TB_SENSE_12/ARMC6/mbed-os/rtos/source/TARGET_CORTEX/rtx5/RTX/Source/rtx_lib.o
    0x20004f40   0x000001f0   Zero   RW        21078    .bss.os.libspace    BUILD/TB_SENSE_12/ARMC6/mbed-os/rtos/source/TARGET_CORTEX/TOOLCHAIN_ARM_STD/mbed_boot_arm_std.o
    0x20005130   0x00000034   Zero   RW        21369    .bss.os.msgqueue.cb  BUILD/TB_SENSE_12/ARMC6/mbed-os/rtos/source/TARGET_CORTEX/rtx5/RTX/Source/rtx_lib.o
    0x20005164   0x00000050   Zero   RW        21370    .bss.os.msgqueue.mem  BUILD/TB_SENSE_12/ARMC6/mbed-os/rtos/source/TARGET_CORTEX/rtx5/RTX/Source/rtx_lib.o
    0x200051b4   0x00000044   Zero   RW        16789    .bss.os.thread.cb   BUILD/TB_SENSE_12/ARMC6/mbed-os/features/nanostack/targets/TARGET_Silicon_Labs/TARGET_SL_RAIL/NanostackRfPhyEfr32.o
    0x200051f8   0x00000044   Zero   RW        21106    .bss.os.thread.cb   BUILD/TB_SENSE_12/ARMC6/mbed-os/rtos/source/TARGET_CORTEX/mbed_rtos_rtx.o
    0x2000523c   0x00000088   Zero   RW        21367    .bss.os.thread.cb   BUILD/TB_SENSE_12/ARMC6/mbed-os/rtos/source/TARGET_CORTEX/rtx5/RTX/Source/rtx_lib.o
    0x200052c4   0x00000004   PAD
    0x200052c8   0x00000400   Zero   RW        16790    .bss.os.thread.stack  BUILD/TB_SENSE_12/ARMC6/mbed-os/features/nanostack/targets/TARGET_Silicon_Labs/TARGET_SL_RAIL/NanostackRfPhyEfr32.o
    0x200056c8   0x00000500   Zero   RW        21368    .bss.os.thread.stack  BUILD/TB_SENSE_12/ARMC6/mbed-os/rtos/source/TARGET_CORTEX/rtx5/RTX/Source/rtx_lib.o
    0x20005bc8   0x00000001   Zero   RW        21081    .bss.os_kernel_is_active.os_kernel_active  BUILD/TB_SENSE_12/ARMC6/mbed-os/rtos/source/TARGET_CORTEX/TOOLCHAIN_ARM_STD/mbed_boot_arm_std.o
    0x20005bc9   0x00000007   PAD
    0x20005bd0   0x00000008   Zero   RW        23100    .bss.output         BUILD/TB_SENSE_12/ARMC6/mesh_led_control_example.o
    0x20005bd8   0x00000004   Zero   RW        10989    .bss.owner_count    BUILD/TB_SENSE_12/ARMC6/mbed-os/features/nanostack/nanostack-hal-mbed-cmsis-rtos/ns_event_loop_mutex.o
    0x20005bdc   0x000000e8   Zero   RW           52    .bss.pc             BUILD/TB_SENSE_12/ARMC6/cli_cmd.o
    0x20005cc4   0x00000002   Zero   RW        14298    .bss.port_counter   BUILD/TB_SENSE_12/ARMC6/mbed-os/features/nanostack/sal-stack-nanostack/source/Core/ns_socket.o
    0x20005cc6   0x00000002   Zero   RW        23209    .bss.portnumber     BUILD/TB_SENSE_12/ARMC6/vmn_coap_server.o
    0x20005cc8   0x00000001   Zero   RW        15133    .bss.power_save_state  BUILD/TB_SENSE_12/ARMC6/mbed-os/features/nanostack/sal-stack-nanostack/source/NWK_INTERFACE/protocol_core.o
    0x20005cc9   0x00000003   PAD
    0x20005ccc   0x00000014   Zero   RW        15285    .bss.prf_sec        BUILD/TB_SENSE_12/ARMC6/mbed-os/features/nanostack/sal-stack-nanostack/source/Service_Libs/SHA256_Lib/shalib.o
    0x20005ce0   0x0000000a   Zero   RW        11315    .bss.protocol_6lowpan_map_ip_to_link_addr.ll_addr  BUILD/TB_SENSE_12/ARMC6/mbed-os/features/nanostack/sal-stack-nanostack/source/6LoWPAN/Bootstraps/Generic/protocol_6lowpan.o
    0x20005cea   0x00000002   PAD
    0x20005cec   0x00000004   Zero   RW        15138    .bss.protocol_core_buffers_in_event_queue  BUILD/TB_SENSE_12/ARMC6/mbed-os/features/nanostack/sal-stack-nanostack/source/NWK_INTERFACE/protocol_core.o
    0x20005cf0   0x00000004   Zero   RW        15135    .bss.protocol_core_monotonic_time  BUILD/TB_SENSE_12/ARMC6/mbed-os/features/nanostack/sal-stack-nanostack/source/NWK_INTERFACE/protocol_core.o
    0x20005cf4   0x00000001   Zero   RW        15140    .bss.protocol_core_timer_info.0  BUILD/TB_SENSE_12/ARMC6/mbed-os/features/nanostack/sal-stack-nanostack/source/NWK_INTERFACE/protocol_core.o
    0x20005cf5   0x00000001   PAD
    0x20005cf6   0x00000001   Zero   RW        15141    .bss.protocol_core_timer_info.1  BUILD/TB_SENSE_12/ARMC6/mbed-os/features/nanostack/sal-stack-nanostack/source/NWK_INTERFACE/protocol_core.o
    0x20005cf7   0x00000001   PAD
    0x20005cf8   0x00000001   Zero   RW        15142    .bss.protocol_core_timer_info.2  BUILD/TB_SENSE_12/ARMC6/mbed-os/features/nanostack/sal-stack-nanostack/source/NWK_INTERFACE/protocol_core.o
    0x20005cf9   0x00000001   Zero   RW        15181    .bss.protocol_tick_handle_busy  BUILD/TB_SENSE_12/ARMC6/mbed-os/features/nanostack/sal-stack-nanostack/source/NWK_INTERFACE/protocol_timer.o
    0x20005cfa   0x00000002   Zero   RW        15183    .bss.protocol_tick_update  BUILD/TB_SENSE_12/ARMC6/mbed-os/features/nanostack/sal-stack-nanostack/source/NWK_INTERFACE/protocol_timer.o
    0x20005cfc   0x0000003c   Zero   RW        15182    .bss.protocol_timer  BUILD/TB_SENSE_12/ARMC6/mbed-os/features/nanostack/sal-stack-nanostack/source/NWK_INTERFACE/protocol_timer.o
    0x20005d38   0x0000005c   Zero   RW        23103    .bss.queue          BUILD/TB_SENSE_12/ARMC6/mesh_led_control_example.o
    0x20005d94   0x0000005c   Zero   RW        23135    .bss.sensor_eventqueue  BUILD/TB_SENSE_12/ARMC6/temp_humidity_sensor.o
    0x20005df0   0x00000014   Zero   RW        22909    .bss.serial_irq_ids  BUILD/TB_SENSE_12/ARMC6/mbed-os/targets/TARGET_Silicon_Labs/TARGET_EFM32/serial_api.o
    0x20005e04   0x00000010   Zero   RW        21102    .bss.singleton_mutex_attr  BUILD/TB_SENSE_12/ARMC6/mbed-os/rtos/source/TARGET_CORTEX/mbed_rtos_rtx.o
    0x20005e14   0x00000004   Zero   RW        21107    .bss.singleton_mutex_id  BUILD/TB_SENSE_12/ARMC6/mbed-os/rtos/source/TARGET_CORTEX/mbed_rtos_rtx.o
    0x20005e18   0x0000001c   Zero   RW        21103    .bss.singleton_mutex_obj  BUILD/TB_SENSE_12/ARMC6/mbed-os/rtos/source/TARGET_CORTEX/mbed_rtos_rtx.o
    0x20005e34   0x00000018   Zero   RW           71    .bss.sockAddr       BUILD/TB_SENSE_12/ARMC6/cli_cmd.o
    0x20005e4c   0x0000000c   Zero   RW        14301    .bss.socket_buffer_cb_run.socket_cb_buffer  BUILD/TB_SENSE_12/ARMC6/mbed-os/features/nanostack/sal-stack-nanostack/source/Core/ns_socket.o
    0x20005e58   0x0000000c   Zero   RW        14304    .bss.socket_cb_event_run.socket_cb_event_buffer  BUILD/TB_SENSE_12/ARMC6/mbed-os/features/nanostack/sal-stack-nanostack/source/Core/ns_socket.o
    0x20005e64   0x00000008   Zero   RW        14305    .bss.socket_cb_event_run.socket_cb_event_stucture  BUILD/TB_SENSE_12/ARMC6/mbed-os/features/nanostack/sal-stack-nanostack/source/Core/ns_socket.o
    0x20005e6c   0x00000008   Zero   RW        14302    .bss.socket_cb_run.socket_cb_structure  BUILD/TB_SENSE_12/ARMC6/mbed-os/features/nanostack/sal-stack-nanostack/source/Core/ns_socket.o
    0x20005e74   0x00000040   Zero   RW        14300    .bss.socket_instance  BUILD/TB_SENSE_12/ARMC6/mbed-os/features/nanostack/sal-stack-nanostack/source/Core/ns_socket.o
    0x20005eb4   0x00000008   Zero   RW        15963    .bss.srv_buf_list   BUILD/TB_SENSE_12/ARMC6/mbed-os/features/nanostack/sal-stack-nanostack/source/Service_Libs/mle_service/mle_service_buffer.o
    0x20005ebc   0x00000008   Zero   RW        15980    .bss.srv_framecounter_instance_list  BUILD/TB_SENSE_12/ARMC6/mbed-os/features/nanostack/sal-stack-nanostack/source/Service_Libs/mle_service/mle_service_frame_counter_table.o
    0x20005ec4   0x00000008   Zero   RW        15993    .bss.srv_interface_list  BUILD/TB_SENSE_12/ARMC6/mbed-os/features/nanostack/sal-stack-nanostack/source/Service_Libs/mle_service/mle_service_interface.o
    0x20005ecc   0x00000008   Zero   RW        16024    .bss.srv_security_instance_list  BUILD/TB_SENSE_12/ARMC6/mbed-os/features/nanostack/sal-stack-nanostack/source/Service_Libs/mle_service/mle_service_security.o
    0x20005ed4   0x00000118   Zero   RW        11180    .bss.startup_event_pool  BUILD/TB_SENSE_12/ARMC6/mbed-os/features/nanostack/sal-stack-nanostack-eventloop/source/event.o
    0x20005fec   0x000000d8   Zero   RW        11250    .bss.startup_sys_timer_pool  BUILD/TB_SENSE_12/ARMC6/mbed-os/features/nanostack/sal-stack-nanostack-eventloop/source/system_timer.o
    0x200060c4   0x00000004   PAD
    0x200060c8   0x00000008   Zero   RW         5106    .bss.state.0        BUILD/TB_SENSE_12/ARMC6/mbed-os/features/frameworks/mbed-client-randlib/source/randLIB.o
    0x200060d0   0x00000008   Zero   RW         5107    .bss.state.1        BUILD/TB_SENSE_12/ARMC6/mbed-os/features/frameworks/mbed-client-randlib/source/randLIB.o
    0x200060d8   0x00000001   Zero   RW        19853    .bss.state_saved    BUILD/TB_SENSE_12/ARMC6/mbed-os/hal/mbed_critical_section_api.o
    0x200060d9   0x00000003   PAD
    0x200060dc   0x00000060   Zero   RW        22907    .bss.stdio_uart     BUILD/TB_SENSE_12/ARMC6/mbed-os/targets/TARGET_Silicon_Labs/TARGET_EFM32/serial_api.o
    0x2000613c   0x00000004   Zero   RW        22905    .bss.stdio_uart_inited  BUILD/TB_SENSE_12/ARMC6/mbed-os/targets/TARGET_Silicon_Labs/TARGET_EFM32/serial_api.o
    0x20006140   0x0000006c   Zero   RW         9395    .bss.supported_ciphersuites  BUILD/TB_SENSE_12/ARMC6/mbed-os/features/mbedtls/src/ssl_ciphersuites.o
    0x200061ac   0x00000001   Zero   RW         9393    .bss.supported_init  BUILD/TB_SENSE_12/ARMC6/mbed-os/features/mbedtls/src/ssl_ciphersuites.o
    0x200061ad   0x00000001   Zero   RW        10930    .bss.sys_irq_disable_counter  BUILD/TB_SENSE_12/ARMC6/mbed-os/features/nanostack/nanostack-hal-mbed-cmsis-rtos/arm_hal_interrupt.o
    0x200061ae   0x00000002   PAD
    0x200061b0   0x00000004   Zero   RW        10772    .bss.tasklet_data_ptr  BUILD/TB_SENSE_12/ARMC6/mbed-os/features/nanostack/mbed-mesh-api/source/ethernet_tasklet.o
    0x200061b4   0x00000004   Zero   RW        14013    .bss.tcp_generate_isn.fudge  BUILD/TB_SENSE_12/ARMC6/mbed-os/features/nanostack/sal-stack-nanostack/source/Common_Protocols/tcp.o
    0x200061b8   0x00000011   Zero   RW        14012    .bss.tcp_generate_isn.secret  BUILD/TB_SENSE_12/ARMC6/mbed-os/features/nanostack/sal-stack-nanostack/source/Common_Protocols/tcp.o
    0x200061c9   0x00000001   PAD
    0x200061ca   0x00000002   Zero   RW        14010    .bss.tcp_session_count  BUILD/TB_SENSE_12/ARMC6/mbed-os/features/nanostack/sal-stack-nanostack/source/Common_Protocols/tcp.o
    0x200061cc   0x000000c0   Zero   RW           90    .bss.temp_hum_sensor_thread  BUILD/TB_SENSE_12/ARMC6/main.o
    0x2000628c   0x00000004   Zero   RW        21140    .bss.terminate_hook  BUILD/TB_SENSE_12/ARMC6/mbed-os/rtos/source/TARGET_CORTEX/mbed_rtx_handlers.o
    0x20006290   0x00000004   Zero   RW        12830    .bss.thread_key_get.temp32_buf  BUILD/TB_SENSE_12/ARMC6/mbed-os/features/nanostack/sal-stack-nanostack/source/6LoWPAN/Thread/thread_management_if.o
    0x20006294   0x00000004   Zero   RW        10843    .bss.thread_tasklet_data_ptr  BUILD/TB_SENSE_12/ARMC6/mbed-os/features/nanostack/mbed-mesh-api/source/thread_tasklet.o
    0x20006298   0x00000004   Zero   RW        11253    .bss.tick_timer_callback  BUILD/TB_SENSE_12/ARMC6/mbed-os/features/nanostack/sal-stack-nanostack-eventloop/source/system_timer.o
    0x2000629c   0x00000004   PAD
    0x200062a0   0x00000040   Zero   RW        23104    .bss.ticker         BUILD/TB_SENSE_12/ARMC6/mesh_led_control_example.o
    0x200062e0   0x00000004   Zero   RW        11251    .bss.timer_sys_ticks  BUILD/TB_SENSE_12/ARMC6/mbed-os/features/nanostack/sal-stack-nanostack-eventloop/source/system_timer.o
    0x200062e4   0x00000090   Zero   RW        23204    .bss.udpsock        BUILD/TB_SENSE_12/ARMC6/vmn_coap_server.o
    0x20006374   0x00000001   Zero   RW        23063    .bss.us_ticker_inited  BUILD/TB_SENSE_12/ARMC6/mbed-os/targets/TARGET_Silicon_Labs/TARGET_EFM32/us_ticker.o
    0x20006375   0x00000001   Zero   RW        22213    .bss.vScaleEM01Config.0  BUILD/TB_SENSE_12/ARMC6/mbed-os/targets/TARGET_Silicon_Labs/TARGET_EFM32/emlib/src/em_emu.o


    Execution Region ARM_LIB_STACK (Base: 0x2003fc00, Size: 0x00000400, Max: 0x00000400, ABSOLUTE)

    Base Addr    Size         Type   Attr      Idx    E Section Name        Object

    0x2003fc00   0x00000400   Zero   RW            1    ARM_LIB_STACK.bss   anon$$obj.o


==============================================================================

Image component sizes


      Code (inc. data)   RO Data    RW Data    ZI Data      Debug   

    436222      11532      34900       1424      23420     142908   Object Totals
         0          0         32          0       1024          0   (incl. Generated)
       958          0         30         48        138          0   (incl. Padding)
     48918       3264       6224        172       1200      90003   Library Totals
        48          0        248          6         16          0   (incl. Padding)

==============================================================================


      Code (inc. data)   RO Data    RW Data    ZI Data      Debug   

    485140      14796      41124       1596      24620     157319   Grand Totals
    485140      14796      41124        528      24620     157319   ELF Image Totals (compressed)
    485140      14796      41124        528          0          0   ROM Totals

==============================================================================

    Total RO  Size (Code + RO Data)               526264 ( 513.93kB)
    Total RW  Size (RW Data + ZI Data)             26216 (  25.60kB)
    Total ROM Size (Code + RO Data + RW Data)     526792 ( 514.45kB)

==============================================================================

