Component: ARM Compiler 6.14 Tool: armlink [5db06800]

==============================================================================

Memory Map of the image

  Image Entry point : 0x0000010d

  Load Region LR_IROM1 (Base: 0x00000000, Size: 0x0008464c, Max: 0x00100000, ABSOLUTE, COMPRESSED[0x00084200])

    Execution Region ER_IROM1 (Base: 0x00000000, Size: 0x00083f98, Max: 0x00100000, ABSOLUTE)

    Base Addr    Size         Type   Attr      Idx    E Section Name        Object

    0x00000000   0x0000010c   Data   RO        22138    RESET               BUILD/VORTEX_MAIN_BOARD/ARMC6/mbed-os/targets/TARGET_Silicon_Labs/TARGET_EFM32/TARGET_EFR32MG12/device/TOOLCHAIN_ARM_STD/startup_efr32mg12p.o
    0x0000010c   0x00000008   Code   RO        24806  * !!!main             c:\ProgramData\Mbed Studio\mbed-studio-tools\ac6\bin\..\lib\armlib\c_w.l(__main.o)
    0x00000114   0x00000034   Code   RO        25437    !!!scatter          c:\ProgramData\Mbed Studio\mbed-studio-tools\ac6\bin\..\lib\armlib\c_w.l(__scatter.o)
    0x00000148   0x0000005a   Code   RO        25435    !!dczerorl2         c:\ProgramData\Mbed Studio\mbed-studio-tools\ac6\bin\..\lib\armlib\c_w.l(__dczerorl2.o)
    0x000001a2   0x00000002   PAD
    0x000001a4   0x0000001c   Code   RO        25439    !!handler_zi        c:\ProgramData\Mbed Studio\mbed-studio-tools\ac6\bin\..\lib\armlib\c_w.l(__scatter_zi.o)
    0x000001c0   0x00000000   Code   RO        24664    .ARM.Collect$$_printf_percent$$00000000  c:\ProgramData\Mbed Studio\mbed-studio-tools\ac6\bin\..\lib\armlib\c_w.l(_printf_percent.o)
    0x000001c0   0x00000006   Code   RO        24656    .ARM.Collect$$_printf_percent$$00000001  c:\ProgramData\Mbed Studio\mbed-studio-tools\ac6\bin\..\lib\armlib\c_w.l(_printf_n.o)
    0x000001c6   0x00000006   Code   RO        24658    .ARM.Collect$$_printf_percent$$00000002  c:\ProgramData\Mbed Studio\mbed-studio-tools\ac6\bin\..\lib\armlib\c_w.l(_printf_p.o)
    0x000001cc   0x00000006   Code   RO        24663    .ARM.Collect$$_printf_percent$$00000003  c:\ProgramData\Mbed Studio\mbed-studio-tools\ac6\bin\..\lib\armlib\c_w.l(_printf_f.o)
    0x000001d2   0x00000006   Code   RO        24990    .ARM.Collect$$_printf_percent$$00000004  c:\ProgramData\Mbed Studio\mbed-studio-tools\ac6\bin\..\lib\armlib\c_w.l(_printf_e.o)
    0x000001d8   0x00000006   Code   RO        24991    .ARM.Collect$$_printf_percent$$00000005  c:\ProgramData\Mbed Studio\mbed-studio-tools\ac6\bin\..\lib\armlib\c_w.l(_printf_g.o)
    0x000001de   0x00000006   Code   RO        24992    .ARM.Collect$$_printf_percent$$00000006  c:\ProgramData\Mbed Studio\mbed-studio-tools\ac6\bin\..\lib\armlib\c_w.l(_printf_a.o)
    0x000001e4   0x0000000a   Code   RO        24997    .ARM.Collect$$_printf_percent$$00000007  c:\ProgramData\Mbed Studio\mbed-studio-tools\ac6\bin\..\lib\armlib\c_w.l(_printf_ll.o)
    0x000001ee   0x00000006   Code   RO        24660    .ARM.Collect$$_printf_percent$$00000008  c:\ProgramData\Mbed Studio\mbed-studio-tools\ac6\bin\..\lib\armlib\c_w.l(_printf_i.o)
    0x000001f4   0x00000006   Code   RO        24661    .ARM.Collect$$_printf_percent$$00000009  c:\ProgramData\Mbed Studio\mbed-studio-tools\ac6\bin\..\lib\armlib\c_w.l(_printf_d.o)
    0x000001fa   0x00000006   Code   RO        24662    .ARM.Collect$$_printf_percent$$0000000A  c:\ProgramData\Mbed Studio\mbed-studio-tools\ac6\bin\..\lib\armlib\c_w.l(_printf_u.o)
    0x00000200   0x00000006   Code   RO        24659    .ARM.Collect$$_printf_percent$$0000000B  c:\ProgramData\Mbed Studio\mbed-studio-tools\ac6\bin\..\lib\armlib\c_w.l(_printf_o.o)
    0x00000206   0x00000006   Code   RO        24657    .ARM.Collect$$_printf_percent$$0000000C  c:\ProgramData\Mbed Studio\mbed-studio-tools\ac6\bin\..\lib\armlib\c_w.l(_printf_x.o)
    0x0000020c   0x00000006   Code   RO        24994    .ARM.Collect$$_printf_percent$$0000000D  c:\ProgramData\Mbed Studio\mbed-studio-tools\ac6\bin\..\lib\armlib\c_w.l(_printf_lli.o)
    0x00000212   0x00000006   Code   RO        24995    .ARM.Collect$$_printf_percent$$0000000E  c:\ProgramData\Mbed Studio\mbed-studio-tools\ac6\bin\..\lib\armlib\c_w.l(_printf_lld.o)
    0x00000218   0x00000006   Code   RO        24996    .ARM.Collect$$_printf_percent$$0000000F  c:\ProgramData\Mbed Studio\mbed-studio-tools\ac6\bin\..\lib\armlib\c_w.l(_printf_llu.o)
    0x0000021e   0x00000006   Code   RO        25000    .ARM.Collect$$_printf_percent$$00000010  c:\ProgramData\Mbed Studio\mbed-studio-tools\ac6\bin\..\lib\armlib\c_w.l(_printf_llo.o)
    0x00000224   0x00000006   Code   RO        25001    .ARM.Collect$$_printf_percent$$00000011  c:\ProgramData\Mbed Studio\mbed-studio-tools\ac6\bin\..\lib\armlib\c_w.l(_printf_llx.o)
    0x0000022a   0x0000000a   Code   RO        24998    .ARM.Collect$$_printf_percent$$00000012  c:\ProgramData\Mbed Studio\mbed-studio-tools\ac6\bin\..\lib\armlib\c_w.l(_printf_l.o)
[...]
    0x0008376f   0x00000042   Data   RO        22928    .rodata.str1.1      BUILD/VORTEX_MAIN_BOARD/ARMC6/mbed-os/targets/TARGET_Silicon_Labs/TARGET_EFM32/gpio_irq_api.o
    0x000837b1   0x00000061   Data   RO        22984    .rodata.str1.1      BUILD/VORTEX_MAIN_BOARD/ARMC6/mbed-os/targets/TARGET_Silicon_Labs/TARGET_EFM32/i2c_api.o
    0x00083812   0x00000093   Data   RO        23228    .rodata.str1.1      BUILD/VORTEX_MAIN_BOARD/ARMC6/mbed-os/targets/TARGET_Silicon_Labs/TARGET_EFM32/serial_api.o
    0x000838a5   0x0000006d   Data   RO        23341    .rodata.str1.1      BUILD/VORTEX_MAIN_BOARD/ARMC6/mbed-os/targets/TARGET_Silicon_Labs/TARGET_EFM32/spi_api.o
    0x00083912   0x00000002   PAD
    0x00083914   0x0000000b   Data   RO        21675    .rodata.str1.4      BUILD/VORTEX_MAIN_BOARD/ARMC6/mbed-os/rtos/source/TARGET_CORTEX/rtx5/RTX/Source/rtx_kernel.o
    0x0008391f   0x00000001   PAD
    0x00083920   0x00000340   Data   RO         9718    .rodata.str4.4      BUILD/VORTEX_MAIN_BOARD/ARMC6/mbed-os/features/mbedtls/src/ssl_ciphersuites.o
    0x00083c60   0x00000006   Data   RO        12211    .rodata.thread_mpl_control_trickle_params  BUILD/VORTEX_MAIN_BOARD/ARMC6/mbed-os/features/nanostack/sal-stack-nanostack/source/6LoWPAN/Thread/thread_bootstrap.o
    0x00083c66   0x00000006   Data   RO        12212    .rodata.thread_mpl_data_trickle_params  BUILD/VORTEX_MAIN_BOARD/ARMC6/mbed-os/features/nanostack/sal-stack-nanostack/source/6LoWPAN/Thread/thread_bootstrap.o
    0x00083c6c   0x00000008   Data   RO        20285    .rodata.us_data     BUILD/VORTEX_MAIN_BOARD/ARMC6/mbed-os/hal/mbed_us_ticker_api.o
    0x00083c74   0x00000024   Data   RO        20288    .rodata.us_interface  BUILD/VORTEX_MAIN_BOARD/ARMC6/mbed-os/hal/mbed_us_ticker_api.o
    0x00083c98   0x00000008   Data   RO        23384    .rodata.us_ticker_get_info.info  BUILD/VORTEX_MAIN_BOARD/ARMC6/mbed-os/targets/TARGET_Silicon_Labs/TARGET_EFM32/us_ticker.o
    0x00083ca0   0x00000020   Data   RO        25434    Region$$Table       anon$$obj.o
    0x00083cc0   0x00000110   Data   RO        25045    locale$$data        c:\ProgramData\Mbed Studio\mbed-studio-tools\ac6\bin\..\lib\armlib\c_w.l(lc_ctype_c.o)
    0x00083dd0   0x00000180   Data   RO        25048    locale$$data        c:\ProgramData\Mbed Studio\mbed-studio-tools\ac6\bin\..\lib\armlib\c_w.l(lc_time_c.o)
    0x00083f50   0x0000001c   Data   RO        25250    locale$$data        c:\ProgramData\Mbed Studio\mbed-studio-tools\ac6\bin\..\lib\armlib\c_w.l(lc_numeric_c.o)
    0x00083f6c   0x00000004   Data   RO           69    .init_array         BUILD/VORTEX_MAIN_BOARD/ARMC6/VORTEX_AQM/cli_cmd.o
    0x00083f70   0x00000004   Data   RO           81    .init_array         BUILD/VORTEX_MAIN_BOARD/ARMC6/VORTEX_AQM/fan_control.o
    0x00083f74   0x00000004   Data   RO           99    .init_array         BUILD/VORTEX_MAIN_BOARD/ARMC6/VORTEX_AQM/gas_sensor.o
    0x00083f78   0x00000004   Data   RO          187    .init_array         BUILD/VORTEX_MAIN_BOARD/ARMC6/VORTEX_AQM/mx25r8035f.o
    0x00083f7c   0x00000004   Data   RO          204    .init_array         BUILD/VORTEX_MAIN_BOARD/ARMC6/VORTEX_AQM/pm_sensor_sds011.o
    0x00083f80   0x00000004   Data   RO          224    .init_array         BUILD/VORTEX_MAIN_BOARD/ARMC6/VORTEX_AQM/solenoid.o
    0x00083f84   0x00000004   Data   RO          249    .init_array         BUILD/VORTEX_MAIN_BOARD/ARMC6/VORTEX_AQM/temp_humidity_sensor.o
    0x00083f88   0x00000004   Data   RO          287    .init_array         BUILD/VORTEX_MAIN_BOARD/ARMC6/VORTEX_AQM/vmn_coap_client.o
    0x00083f8c   0x00000004   Data   RO          377    .init_array         BUILD/VORTEX_MAIN_BOARD/ARMC6/VORTEX_AQM/vmn_coap_server.o
    0x00083f90   0x00000004   Data   RO          421    .init_array         BUILD/VORTEX_MAIN_BOARD/ARMC6/main.o
    0x00083f94   0x00000004   Data   RO        23431    .init_array         BUILD/VORTEX_MAIN_BOARD/ARMC6/mesh_led_control_example.o
    0x00083f98   0x00000000   Data   RO        24809    .init_array         c:\ProgramData\Mbed Studio\mbed-studio-tools\ac6\bin\..\lib\armlib\c_w.l(init_aeabi.o)


    Execution Region RW_IRAM1 (Base: 0x20000110, Size: 0x00006f34, Max: 0x0003faf0, ABSOLUTE, COMPRESSED[0x00000268])

    Base Addr    Size         Type   Attr      Idx    E Section Name        Object

    0x20000110   0x00000008   Data   RW        23445    .data               ./mbed-os/targets/TARGET_Silicon_Labs/TARGET_SL_RAIL/efr32-rf-driver/rail/TARGET_EFR32_12/librail_efr32xg12_release.ar(rail_singleprotocol.o)
    0x20000118   0x0000000c   Data   RW        23499    .data               ./mbed-os/targets/TARGET_Silicon_Labs/TARGET_SL_RAIL/efr32-rf-driver/rail/TARGET_EFR32_12/librail_efr32xg12_release.ar(rail_rf.o)
    0x20000124   0x00000004   PAD
    0x20000128   0x0000002c   Data   RW        23722    .data               ./mbed-os/targets/TARGET_Silicon_Labs/TARGET_SL_RAIL/efr32-rf-driver/rail/TARGET_EFR32_12/librail_efr32xg12_release.ar(rail_rf_hal.o)
    0x20000154   0x00000014   Data   RW        23723    .data               ./mbed-os/targets/TARGET_Silicon_Labs/TARGET_SL_RAIL/efr32-rf-driver/rail/TARGET_EFR32_12/librail_efr32xg12_release.ar(rail_rf_hal.o)
    0x20000168   0x00000008   Data   RW        23725    .data               ./mbed-os/targets/TARGET_Silicon_Labs/TARGET_SL_RAIL/efr32-rf-driver/rail/TARGET_EFR32_12/librail_efr32xg12_release.ar(rail_rf_hal.o)
    0x20000170   0x00000008   Data   RW        23940    .data               ./mbed-os/targets/TARGET_Silicon_Labs/TARGET_SL_RAIL/efr32-rf-driver/rail/TARGET_EFR32_12/librail_efr32xg12_release.ar(rail_assert.o)
    0x20000178   0x00000010   Data   RW        24061    .data               ./mbed-os/targets/TARGET_Silicon_Labs/TARGET_SL_RAIL/efr32-rf-driver/rail/TARGET_EFR32_12/librail_efr32xg12_release.ar(pa.o)
    0x20000188   0x00000004   Data   RW        24247    .data               ./mbed-os/targets/TARGET_Silicon_Labs/TARGET_SL_RAIL/efr32-rf-driver/rail/TARGET_EFR32_12/librail_efr32xg12_release.ar(rfsense.o)
    0x2000018c   0x00000014   Data   RW        24284    .data               ./mbed-os/targets/TARGET_Silicon_Labs/TARGET_SL_RAIL/efr32-rf-driver/rail/TARGET_EFR32_12/librail_efr32xg12_release.ar(synth.o)
    0x200001a0   0x00000006   Data   RW        24351    .data               ./mbed-os/targets/TARGET_Silicon_Labs/TARGET_SL_RAIL/efr32-rf-driver/rail/TARGET_EFR32_12/librail_efr32xg12_release.ar(rf_rand.o)
    0x200001a6   0x00000002   PAD
    0x200001a8   0x00000004   Data   RW        24443    .data               ./mbed-os/targets/TARGET_Silicon_Labs/TARGET_SL_RAIL/efr32-rf-driver/rail/TARGET_EFR32_12/librail_efr32xg12_release.ar(ieee802154_efr32xg12_configurator_out.o)
    0x200001ac   0x00000004   Data   RW        24719    .data               c:\ProgramData\Mbed Studio\mbed-studio-tools\ac6\bin\..\lib\armlib\c_w.l(stdio_streams.o)
    0x200001b0   0x00000004   Data   RW        24720    .data               c:\ProgramData\Mbed Studio\mbed-studio-tools\ac6\bin\..\lib\armlib\c_w.l(stdio_streams.o)
    0x200001b4   0x00000004   Data   RW        24721    .data               c:\ProgramData\Mbed Studio\mbed-studio-tools\ac6\bin\..\lib\armlib\c_w.l(stdio_streams.o)
    0x200001b8   0x00000004   Data   RW        25032    .data               c:\ProgramData\Mbed Studio\mbed-studio-tools\ac6\bin\..\lib\armlib\c_w.l(streamlock.o)
    0x200001bc   0x00000004   Data   RW        13606    .data.DEVICE_CONF_FILE  BUILD/VORTEX_MAIN_BOARD/ARMC6/mbed-os/features/nanostack/sal-stack-nanostack/source/6LoWPAN/Thread/thread_nvm_store.o
    0x200001c0   0x00000004   Data   RW        13602    .data.FAST_DATA_FILE  BUILD/VORTEX_MAIN_BOARD/ARMC6/mbed-os/features/nanostack/sal-stack-nanostack/source/6LoWPAN/Thread/thread_nvm_store.o
    0x200001c4   0x00000004   Data   RW        13604    .data.LEADER_INFO_FILE  BUILD/VORTEX_MAIN_BOARD/ARMC6/mbed-os/features/nanostack/sal-stack-nanostack/source/6LoWPAN/Thread/thread_nvm_store.o
    0x200001c8   0x00000004   Data   RW        13603    .data.LINK_INFO_FILE  BUILD/VORTEX_MAIN_BOARD/ARMC6/mbed-os/features/nanostack/sal-stack-nanostack/source/6LoWPAN/Thread/thread_nvm_store.o
    0x200001cc   0x00000004   Data   RW        22164    .data.SystemHFXOClock  BUILD/VORTEX_MAIN_BOARD/ARMC6/mbed-os/targets/TARGET_Silicon_Labs/TARGET_EFM32/TARGET_EFR32MG12/device/system_efr32mg12p.o
    0x200001d0   0x00000004   Data   RW        22162    .data.SystemHfrcoFreq  BUILD/VORTEX_MAIN_BOARD/ARMC6/mbed-os/targets/TARGET_Silicon_Labs/TARGET_EFM32/TARGET_EFR32MG12/device/system_efr32mg12p.o
    0x200001d4   0x00000004   Data   RW        13605    .data.THREAD_NVM_ACTIVE_CONF_FILE  BUILD/VORTEX_MAIN_BOARD/ARMC6/mbed-os/features/nanostack/sal-stack-nanostack/source/6LoWPAN/Thread/thread_nvm_store.o
    0x200001d8   0x00000004   Data   RW        13607    .data.THREAD_NVM_PENDING_CONF_FILE  BUILD/VORTEX_MAIN_BOARD/ARMC6/mbed-os/features/nanostack/sal-stack-nanostack/source/6LoWPAN/Thread/thread_nvm_store.o
    0x200001dc   0x00000004   Data   RW        21214    .data._ZL10_rtc_write  BUILD/VORTEX_MAIN_BOARD/ARMC6/mbed-os/platform/source/mbed_rtc_time.o
    0x200001e0   0x00000002   Data   RW          420    .data._ZL10fan_fullon  BUILD/VORTEX_MAIN_BOARD/ARMC6/main.o
    0x200001e2   0x00000006   PAD
    0x200001e8   0x00000008   Data   RW          128    .data._ZL10meshprefix  BUILD/VORTEX_MAIN_BOARD/ARMC6/VORTEX_AQM/mesh_config.o
    0x200001f0   0x00000055   Data   RW        17951    .data._ZL11dns_servers  BUILD/VORTEX_MAIN_BOARD/ARMC6/mbed-os/features/netsocket/nsapi_dns.o
    0x20000245   0x00000002   Data   RW          413    .data._ZL11fan_fulloff  BUILD/VORTEX_MAIN_BOARD/ARMC6/main.o
    0x20000247   0x00000001   PAD
    0x20000248   0x00000040   Data   RW        21176    .data._ZL11filehandles  BUILD/VORTEX_MAIN_BOARD/ARMC6/mbed-os/platform/source/mbed_retarget.o
    0x20000288   0x00000010   Data   RW          122    .data._ZL12Network_name  BUILD/VORTEX_MAIN_BOARD/ARMC6/VORTEX_AQM/mesh_config.o
    0x20000298   0x00000009   Data   RW          125    .data._ZL12channel_mask  BUILD/VORTEX_MAIN_BOARD/ARMC6/VORTEX_AQM/mesh_config.o
    0x200002a1   0x00000002   Data   RW          203    .data._ZL12mcp23_IODIRB  BUILD/VORTEX_MAIN_BOARD/ARMC6/VORTEX_AQM/pm_sensor_sds011.o
    0x200002a3   0x00000002   Data   RW          417    .data._ZL12pm_sensor_on  BUILD/VORTEX_MAIN_BOARD/ARMC6/main.o
    0x200002a5   0x00000003   PAD
    0x200002a8   0x00000004   Data   RW        17947    .data._ZL13dns_unique_id  BUILD/VORTEX_MAIN_BOARD/ARMC6/mbed-os/features/netsocket/nsapi_dns.o
    0x200002ac   0x00000002   Data   RW          418    .data._ZL13pm_sensor_off  BUILD/VORTEX_MAIN_BOARD/ARMC6/main.o
    0x200002ae   0x00000002   PAD
    0x200002b0   0x00000004   Data   RW        21215    .data._ZL14_rtc_isenabled  BUILD/VORTEX_MAIN_BOARD/ARMC6/mbed-os/platform/source/mbed_rtc_time.o
    0x200002b4   0x00000002   Data   RW        17946    .data._ZL14dns_message_id  BUILD/VORTEX_MAIN_BOARD/ARMC6/mbed-os/features/netsocket/nsapi_dns.o
    0x200002b6   0x00000002   PAD
    0x200002b8   0x00000004   Data   RW        21493    .data._ZL14idle_hook_fptr  BUILD/VORTEX_MAIN_BOARD/ARMC6/mbed-os/rtos/source/TARGET_CORTEX/mbed_rtx_idle.o
    0x200002bc   0x00000001   Data   RW          127    .data._ZL14securitypolicy  BUILD/VORTEX_MAIN_BOARD/ARMC6/VORTEX_AQM/mesh_config.o
    0x200002bd   0x00000001   Data   RW        17095    .data._ZL18rf_radio_driver_id  BUILD/VORTEX_MAIN_BOARD/ARMC6/mbed-os/features/nanostack/targets/TARGET_Silicon_Labs/TARGET_SL_RAIL/NanostackRfPhyEfr32.o
    0x200002be   0x00000002   Data   RW          419    .data._ZL23solenoid_leftvalve_open  BUILD/VORTEX_MAIN_BOARD/ARMC6/main.o
    0x200002c0   0x00000002   Data   RW          415    .data._ZL24solenoid_leftvalve_close  BUILD/VORTEX_MAIN_BOARD/ARMC6/main.o
    0x200002c2   0x00000002   Data   RW          416    .data._ZL24solenoid_rightvalve_open  BUILD/VORTEX_MAIN_BOARD/ARMC6/main.o
    0x200002c4   0x00000002   Data   RW          414    .data._ZL25solenoid_rightvalve_close  BUILD/VORTEX_MAIN_BOARD/ARMC6/main.o
    0x200002c6   0x00000002   PAD
    0x200002c8   0x00000010   Data   RW          126    .data._ZL3psk       BUILD/VORTEX_MAIN_BOARD/ARMC6/VORTEX_AQM/mesh_config.o
    0x200002d8   0x00000002   Data   RW          121    .data._ZL5panid     BUILD/VORTEX_MAIN_BOARD/ARMC6/VORTEX_AQM/mesh_config.o
    0x200002da   0x00000002   Data   RW          124    .data._ZL7channel   BUILD/VORTEX_MAIN_BOARD/ARMC6/VORTEX_AQM/mesh_config.o
    0x200002dc   0x00000001   Data   RW        17089    .data._ZL7channel   BUILD/VORTEX_MAIN_BOARD/ARMC6/mbed-os/features/nanostack/targets/TARGET_Silicon_Labs/TARGET_SL_RAIL/NanostackRfPhyEfr32.o
    0x200002dd   0x00000003   PAD
    0x200002e0   0x00000124   Data   RW        17087    .data._ZL7railCfg   BUILD/VORTEX_MAIN_BOARD/ARMC6/mbed-os/features/nanostack/targets/TARGET_Silicon_Labs/TARGET_SL_RAIL/NanostackRfPhyEfr32.o
    0x20000404   0x00000004   PAD
    0x20000408   0x00000008   Data   RW          123    .data._ZL8extpanid  BUILD/VORTEX_MAIN_BOARD/ARMC6/VORTEX_AQM/mesh_config.o
    0x20000410   0x00000002   Data   RW           80    .data._ZL8fan_gpio  BUILD/VORTEX_MAIN_BOARD/ARMC6/VORTEX_AQM/fan_control.o
    0x20000412   0x00000002   PAD
    0x20000414   0x00000004   Data   RW        21213    .data._ZL9_rtc_init  BUILD/VORTEX_MAIN_BOARD/ARMC6/mbed-os/platform/source/mbed_rtc_time.o
    0x20000418   0x00000004   Data   RW        21216    .data._ZL9_rtc_read  BUILD/VORTEX_MAIN_BOARD/ARMC6/mbed-os/platform/source/mbed_rtc_time.o
    0x2000041c   0x00000010   Data   RW          120    .data._ZL9masterkey  BUILD/VORTEX_MAIN_BOARD/ARMC6/VORTEX_AQM/mesh_config.o
    0x2000042c   0x00000008   Data   RW        17387    .data._ZZL29get_interface_event_list_headvE10event_list  BUILD/VORTEX_MAIN_BOARD/ARMC6/mbed-os/features/netsocket/NetworkInterface.o
    0x20000434   0x00000008   Data   RW        14511    .data.addr_notifications  BUILD/VORTEX_MAIN_BOARD/ARMC6/mbed-os/features/nanostack/sal-stack-nanostack/source/Core/ns_address_internal.o
    0x2000043c   0x00000008   Data   RW        14510    .data.addr_policy_table  BUILD/VORTEX_MAIN_BOARD/ARMC6/mbed-os/features/nanostack/sal-stack-nanostack/source/Core/ns_address_internal.o
    0x20000444   0x00000004   Data   RW        14492    .data.addr_preferences_default  BUILD/VORTEX_MAIN_BOARD/ARMC6/mbed-os/features/nanostack/sal-stack-nanostack/source/Core/ns_address_internal.o
    0x20000448   0x00000008   Data   RW        11495    .data.arm_core_tasklet_list  BUILD/VORTEX_MAIN_BOARD/ARMC6/mbed-os/features/nanostack/sal-stack-nanostack-eventloop/source/event.o
    0x20000450   0x00000008   Data   RW        15188    .data.arm_device_driver_list  BUILD/VORTEX_MAIN_BOARD/ARMC6/mbed-os/features/nanostack/sal-stack-nanostack/source/MAC/rf_driver_storage.o
    0x20000458   0x00000004   Data   RW        22338    .data.auxHfrcoFreq  BUILD/VORTEX_MAIN_BOARD/ARMC6/mbed-os/targets/TARGET_Silicon_Labs/TARGET_EFM32/emlib/src/em_cmu.o
    0x2000045c   0x00000008   Data   RW        12009    .data.bbr_instance_list  BUILD/VORTEX_MAIN_BOARD/ARMC6/mbed-os/features/nanostack/sal-stack-nanostack/source/6LoWPAN/Thread/thread_bbr_api.o
    0x20000464   0x00000008   Data   RW        12276    .data.border_router_instance_list  BUILD/VORTEX_MAIN_BOARD/ARMC6/mbed-os/features/nanostack/sal-stack-nanostack/source/6LoWPAN/Thread/thread_border_router_api.o
    0x2000046c   0x00000004   PAD
    0x20000470   0x0000000e   Data   RW        13608    .data.cached_link_info  BUILD/VORTEX_MAIN_BOARD/ARMC6/mbed-os/features/nanostack/sal-stack-nanostack/source/6LoWPAN/Thread/thread_nvm_store.o
    0x2000047e   0x00000002   PAD
    0x20000480   0x00000008   Data   RW        12332    .data.ccm_instance_list  BUILD/VORTEX_MAIN_BOARD/ARMC6/mbed-os/features/nanostack/sal-stack-nanostack/source/6LoWPAN/Thread/thread_ccm.o
    0x20000488   0x00000001   Data   RW          361    .data.coapVersion   BUILD/VORTEX_MAIN_BOARD/ARMC6/VORTEX_AQM/vmn_coap_server.o
    0x20000489   0x00000003   PAD
    0x2000048c   0x00000004   Data   RW        10538    .data.coap_ticks    BUILD/VORTEX_MAIN_BOARD/ARMC6/mbed-os/features/nanostack/coap-service/source/coap_service_api.o
    0x20000490   0x00000001   Data   RW          276    .data.coap_version  BUILD/VORTEX_MAIN_BOARD/ARMC6/VORTEX_AQM/vmn_coap_client.o
    0x20000491   0x00000001   Data   RW          367    .data.coapserver_state_control  BUILD/VORTEX_MAIN_BOARD/ARMC6/VORTEX_AQM/vmn_coap_server.o
    0x20000492   0x00000002   PAD
    0x20000494   0x00000004   Data   RW        12966    .data.data_response_ptr  BUILD/VORTEX_MAIN_BOARD/ARMC6/mbed-os/features/nanostack/sal-stack-nanostack/source/6LoWPAN/Thread/thread_lowpower_api.o
    0x20000498   0x00000002   Data   RW        16544    .data.destination_cache_config.0  BUILD/VORTEX_MAIN_BOARD/ARMC6/mbed-os/features/nanostack/sal-stack-nanostack/source/ipv6_stack/ipv6_routing_table.o
    0x2000049a   0x00000002   Data   RW        16545    .data.destination_cache_config.1  BUILD/VORTEX_MAIN_BOARD/ARMC6/mbed-os/features/nanostack/sal-stack-nanostack/source/ipv6_stack/ipv6_routing_table.o
    0x2000049c   0x00000002   Data   RW        16546    .data.destination_cache_config.2  BUILD/VORTEX_MAIN_BOARD/ARMC6/mbed-os/features/nanostack/sal-stack-nanostack/source/ipv6_stack/ipv6_routing_table.o
    0x2000049e   0x00000002   Data   RW        16547    .data.destination_cache_config.3  BUILD/VORTEX_MAIN_BOARD/ARMC6/mbed-os/features/nanostack/sal-stack-nanostack/source/ipv6_stack/ipv6_routing_table.o
    0x200004a0   0x00000001   Data   RW          376    .data.device_node_Type_flag  BUILD/VORTEX_MAIN_BOARD/ARMC6/VORTEX_AQM/vmn_coap_server.o
    0x200004a1   0x00000003   PAD
    0x200004a4   0x00000008   Data   RW        14707    .data.dhcp_client_list  BUILD/VORTEX_MAIN_BOARD/ARMC6/mbed-os/features/nanostack/sal-stack-nanostack/source/DHCPv6_client/dhcpv6_client_service.o
    0x200004ac   0x00000008   Data   RW        16699    .data.dhcpv6_client_nonTemporal_list  BUILD/VORTEX_MAIN_BOARD/ARMC6/mbed-os/features/nanostack/sal-stack-nanostack/source/libDHCPv6/libDHCPv6.o
    0x200004b4   0x00000008   Data   RW        16728    .data.dhcpv6_gua_server_list  BUILD/VORTEX_MAIN_BOARD/ARMC6/mbed-os/features/nanostack/sal-stack-nanostack/source/libDHCPv6/libDHCPv6_server.o
    0x200004bc   0x00000004   Data   RW         9156    .data.ecp_mpi_set1.one  BUILD/VORTEX_MAIN_BOARD/ARMC6/mbed-os/features/mbedtls/src/ecp_curves.o
    0x200004c0   0x00000001   Data   RW        15701    .data.etx_info.13   BUILD/VORTEX_MAIN_BOARD/ARMC6/mbed-os/features/nanostack/sal-stack-nanostack/source/Service_Libs/etx/etx.o
    0x200004c1   0x00000003   PAD
    0x200004c4   0x00000004   Data   RW        15693    .data.etx_info.5    BUILD/VORTEX_MAIN_BOARD/ARMC6/mbed-os/features/nanostack/sal-stack-nanostack/source/Service_Libs/etx/etx.o
    0x200004c8   0x00000002   Data   RW        15695    .data.etx_info.7    BUILD/VORTEX_MAIN_BOARD/ARMC6/mbed-os/features/nanostack/sal-stack-nanostack/source/Service_Libs/etx/etx.o
    0x200004ca   0x00000002   PAD
    0x200004cc   0x00000008   Data   RW        11496    .data.event_queue_active  BUILD/VORTEX_MAIN_BOARD/ARMC6/mbed-os/features/nanostack/sal-stack-nanostack-eventloop/source/event.o
    0x200004d4   0x00000008   Data   RW        14247    .data.frag_list     BUILD/VORTEX_MAIN_BOARD/ARMC6/mbed-os/features/nanostack/sal-stack-nanostack/source/Common_Protocols/ipv6_fragmentation.o
    0x200004dc   0x00000008   Data   RW        13969    .data.fragmenter_interface_list  BUILD/VORTEX_MAIN_BOARD/ARMC6/mbed-os/features/nanostack/sal-stack-nanostack/source/6LoWPAN/adaptation_interface.o
    0x200004e4   0x00000008   Data   RW        11497    .data.free_event_entry  BUILD/VORTEX_MAIN_BOARD/ARMC6/mbed-os/features/nanostack/sal-stack-nanostack-eventloop/source/event.o
    0x200004ec   0x00000001   Data   RW           56    .data.getcmd_count  BUILD/VORTEX_MAIN_BOARD/ARMC6/VORTEX_AQM/cli_cmd.o
    0x200004ed   0x00000001   Data   RW           49    .data.id            BUILD/VORTEX_MAIN_BOARD/ARMC6/VORTEX_AQM/cli_cmd.o
    0x200004ee   0x00000002   PAD
    0x200004f0   0x00000008   Data   RW        10537    .data.instance_list  BUILD/VORTEX_MAIN_BOARD/ARMC6/mbed-os/features/nanostack/coap-service/source/coap_service_api.o
    0x200004f8   0x00000008   Data   RW        12628    .data.instance_list  BUILD/VORTEX_MAIN_BOARD/ARMC6/mbed-os/features/nanostack/sal-stack-nanostack/source/6LoWPAN/Thread/thread_diagnostic.o
    0x20000500   0x00000008   Data   RW        12873    .data.instance_list  BUILD/VORTEX_MAIN_BOARD/ARMC6/mbed-os/features/nanostack/sal-stack-nanostack/source/6LoWPAN/Thread/thread_joiner_application.o
    0x20000508   0x00000008   Data   RW        13051    .data.instance_list  BUILD/VORTEX_MAIN_BOARD/ARMC6/mbed-os/features/nanostack/sal-stack-nanostack/source/6LoWPAN/Thread/thread_management_client.o
    0x20000510   0x00000008   Data   RW        13230    .data.instance_list  BUILD/VORTEX_MAIN_BOARD/ARMC6/mbed-os/features/nanostack/sal-stack-nanostack/source/6LoWPAN/Thread/thread_management_server.o
    0x20000518   0x00000008   Data   RW        13632    .data.instance_list  BUILD/VORTEX_MAIN_BOARD/ARMC6/mbed-os/features/nanostack/sal-stack-nanostack/source/6LoWPAN/Thread/thread_resolution_client.o
    0x20000520   0x00000008   Data   RW        13643    .data.instance_list  BUILD/VORTEX_MAIN_BOARD/ARMC6/mbed-os/features/nanostack/sal-stack-nanostack/source/6LoWPAN/Thread/thread_resolution_server.o
    0x20000528   0x00000008   Data   RW        14764    .data.instance_list  BUILD/VORTEX_MAIN_BOARD/ARMC6/mbed-os/features/nanostack/sal-stack-nanostack/source/MAC/IEEE802_15_4/mac_filter.o
    0x20000530   0x00000008   Data   RW        16536    .data.ipv6_destination_cache  BUILD/VORTEX_MAIN_BOARD/ARMC6/mbed-os/features/nanostack/sal-stack-nanostack/source/ipv6_stack/ipv6_routing_table.o
    0x20000538   0x00000001   Data   RW        14233    .data.ipv6_flow_auto_label  BUILD/VORTEX_MAIN_BOARD/ARMC6/mbed-os/features/nanostack/sal-stack-nanostack/source/Common_Protocols/ipv6_flow.o
    0x20000539   0x00000001   PAD
    0x2000053a   0x00000002   Data   RW        14246    .data.ipv6_frag_mru  BUILD/VORTEX_MAIN_BOARD/ARMC6/mbed-os/features/nanostack/sal-stack-nanostack/source/Common_Protocols/ipv6_fragmentation.o
    0x2000053c   0x00000008   Data   RW        16540    .data.ipv6_routing_table  BUILD/VORTEX_MAIN_BOARD/ARMC6/mbed-os/features/nanostack/sal-stack-nanostack/source/ipv6_stack/ipv6_routing_table.o
    0x20000544   0x00000004   Data   RW        20210    .data.irq_handler   BUILD/VORTEX_MAIN_BOARD/ARMC6/mbed-os/hal/mbed_lp_ticker_api.o
    0x20000548   0x00000004   Data   RW        20286    .data.irq_handler   BUILD/VORTEX_MAIN_BOARD/ARMC6/mbed-os/hal/mbed_us_ticker_api.o
    0x2000054c   0x00000001   Data   RW        14625    .data.last_allocated_socket  BUILD/VORTEX_MAIN_BOARD/ARMC6/mbed-os/features/nanostack/sal-stack-nanostack/source/Core/ns_socket.o
    0x2000054d   0x00000003   PAD
    0x20000550   0x00000008   Data   RW        12937    .data.leader_service_instance_list  BUILD/VORTEX_MAIN_BOARD/ARMC6/mbed-os/features/nanostack/sal-stack-nanostack/source/6LoWPAN/Thread/thread_leader_service.o
    0x20000558   0x00000040   Data   RW         5565    .data.m_trace       BUILD/VORTEX_MAIN_BOARD/ARMC6/mbed-os/features/frameworks/mbed-trace/source/mbed_trace.o
    0x20000598   0x00000001   Data   RW        11755    .data.mac_data_poll_tasklet  BUILD/VORTEX_MAIN_BOARD/ARMC6/mbed-os/features/nanostack/sal-stack-nanostack/source/6LoWPAN/MAC/mac_data_poll.o
    0x20000599   0x00000003   PAD
    0x2000059c   0x00000008   Data   RW        11897    .data.mac_pairwise_info  BUILD/VORTEX_MAIN_BOARD/ARMC6/mbed-os/features/nanostack/sal-stack-nanostack/source/6LoWPAN/MAC/mac_pairwise_key.o
    0x200005a4   0x00000018   Data   RW        15161    .data.mac_store     BUILD/VORTEX_MAIN_BOARD/ARMC6/mbed-os/features/nanostack/sal-stack-nanostack/source/MAC/ethernet/ethernet_mac_api.o
    0x200005bc   0x00000001   Data   RW        14913    .data.mac_tasklet_event_handler  BUILD/VORTEX_MAIN_BOARD/ARMC6/mbed-os/features/nanostack/sal-stack-nanostack/source/MAC/IEEE802_15_4/mac_mcps_sap.o
    0x200005bd   0x00000001   Data   RW        10389    .data.max_handshakes  BUILD/VORTEX_MAIN_BOARD/ARMC6/mbed-os/features/nanostack/coap-service/source/coap_connection_handler.o
    0x200005be   0x00000001   Data   RW        10390    .data.max_sessions  BUILD/VORTEX_MAIN_BOARD/ARMC6/mbed-os/features/nanostack/coap-service/source/coap_connection_handler.o
    0x200005bf   0x00000034   Data   RW          212    .data.month_table   BUILD/VORTEX_MAIN_BOARD/ARMC6/VORTEX_AQM/realtimeclock.o
    0x200005f3   0x00000001   PAD
    0x200005f4   0x00000008   Data   RW        15377    .data.mpl_domains   BUILD/VORTEX_MAIN_BOARD/ARMC6/mbed-os/features/nanostack/sal-stack-nanostack/source/MPL/mpl.o
    0x200005fc   0x00000002   Data   RW        16548    .data.neighbour_cache_config.0  BUILD/VORTEX_MAIN_BOARD/ARMC6/mbed-os/features/nanostack/sal-stack-nanostack/source/ipv6_stack/ipv6_routing_table.o
    0x200005fe   0x00000002   Data   RW        16549    .data.neighbour_cache_config.1  BUILD/VORTEX_MAIN_BOARD/ARMC6/mbed-os/features/nanostack/sal-stack-nanostack/source/ipv6_stack/ipv6_routing_table.o
    0x20000600   0x00000002   Data   RW        16550    .data.neighbour_cache_config.2  BUILD/VORTEX_MAIN_BOARD/ARMC6/mbed-os/features/nanostack/sal-stack-nanostack/source/ipv6_stack/ipv6_routing_table.o
    0x20000602   0x00000002   Data   RW        16551    .data.neighbour_cache_config.3  BUILD/VORTEX_MAIN_BOARD/ARMC6/mbed-os/features/nanostack/sal-stack-nanostack/source/ipv6_stack/ipv6_routing_table.o
    0x20000604   0x00000008   Data   RW        11529    .data.ns_timer_list  BUILD/VORTEX_MAIN_BOARD/ARMC6/mbed-os/features/nanostack/sal-stack-nanostack-eventloop/source/ns_timer.o
    0x2000060c   0x000000a4   Data   RW        21676    .data.os            BUILD/VORTEX_MAIN_BOARD/ARMC6/mbed-os/rtos/source/TARGET_CORTEX/rtx5/RTX/Source/rtx_kernel.o
    0x200006b0   0x00000001   Data   RW          409    .data.parameter_test_byte  BUILD/VORTEX_MAIN_BOARD/ARMC6/main.o
    0x200006b1   0x00000003   PAD
    0x200006b4   0x0000001c   Data   RW        15459    .data.protocol_core_cb.event  BUILD/VORTEX_MAIN_BOARD/ARMC6/mbed-os/features/nanostack/sal-stack-nanostack/source/NWK_INTERFACE/protocol_core.o
    0x200006d0   0x00000002   Data   RW        15458    .data.protocol_core_seconds_timer  BUILD/VORTEX_MAIN_BOARD/ARMC6/mbed-os/features/nanostack/sal-stack-nanostack/source/NWK_INTERFACE/protocol_core.o
    0x200006d2   0x00000002   PAD
    0x200006d4   0x00000008   Data   RW        15454    .data.protocol_interface_info_list  BUILD/VORTEX_MAIN_BOARD/ARMC6/mbed-os/features/nanostack/sal-stack-nanostack/source/NWK_INTERFACE/protocol_core.o
    0x200006dc   0x00000001   Data   RW        15456    .data.protocol_root_tasklet_ID  BUILD/VORTEX_MAIN_BOARD/ARMC6/mbed-os/features/nanostack/sal-stack-nanostack/source/NWK_INTERFACE/protocol_core.o
    0x200006dd   0x00000001   Data   RW        15502    .data.protocol_timer_id  BUILD/VORTEX_MAIN_BOARD/ARMC6/mbed-os/features/nanostack/sal-stack-nanostack/source/NWK_INTERFACE/protocol_timer.o
    0x200006de   0x00000002   PAD
    0x200006e0   0x0000001c   Data   RW        15506    .data.protocol_timer_interrupt.event  BUILD/VORTEX_MAIN_BOARD/ARMC6/mbed-os/features/nanostack/sal-stack-nanostack/source/NWK_INTERFACE/protocol_timer.o
    0x200006fc   0x00000008   Data   RW        11660    .data.reassembly_interface_list  BUILD/VORTEX_MAIN_BOARD/ARMC6/mbed-os/features/nanostack/sal-stack-nanostack/source/6LoWPAN/Fragmentation/cipv6_fragmenter.o
    0x20000704   0x00000008   Data   RW        10435    .data.request_list  BUILD/VORTEX_MAIN_BOARD/ARMC6/mbed-os/features/nanostack/coap-service/source/coap_message_handler.o
    0x2000070c   0x00000001   Data   RW          366    .data.requested_hum_scaling  BUILD/VORTEX_MAIN_BOARD/ARMC6/VORTEX_AQM/vmn_coap_server.o
    0x2000070d   0x00000001   Data   RW          365    .data.requested_temp_scaling  BUILD/VORTEX_MAIN_BOARD/ARMC6/VORTEX_AQM/vmn_coap_server.o
    0x2000070e   0x00000002   PAD
    0x20000710   0x00000008   Data   RW        10391    .data.secure_session_list  BUILD/VORTEX_MAIN_BOARD/ARMC6/mbed-os/features/nanostack/coap-service/source/coap_connection_handler.o
    0x20000718   0x00000001   Data   RW        14621    .data.socket_event_handler  BUILD/VORTEX_MAIN_BOARD/ARMC6/mbed-os/features/nanostack/sal-stack-nanostack/source/Core/ns_socket.o
    0x20000719   0x00000003   PAD
    0x2000071c   0x00000008   Data   RW        10392    .data.socket_list   BUILD/VORTEX_MAIN_BOARD/ARMC6/mbed-os/features/nanostack/coap-service/source/coap_connection_handler.o
    0x20000724   0x00000008   Data   RW        14619    .data.socket_list   BUILD/VORTEX_MAIN_BOARD/ARMC6/mbed-os/features/nanostack/sal-stack-nanostack/source/Core/ns_socket.o
    0x2000072c   0x00000014   Data   RW        10122    .data.ssl_preset_default_hashes  BUILD/VORTEX_MAIN_BOARD/ARMC6/mbed-os/features/mbedtls/src/ssl_tls.o
    0x20000740   0x0000000c   Data   RW        10119    .data.ssl_preset_suiteb_ciphersuites  BUILD/VORTEX_MAIN_BOARD/ARMC6/mbed-os/features/mbedtls/src/ssl_tls.o
    0x2000074c   0x00000003   Data   RW        10121    .data.ssl_preset_suiteb_curves  BUILD/VORTEX_MAIN_BOARD/ARMC6/mbed-os/features/mbedtls/src/ssl_tls.o
    0x2000074f   0x00000001   PAD
    0x20000750   0x0000000c   Data   RW        10120    .data.ssl_preset_suiteb_hashes  BUILD/VORTEX_MAIN_BOARD/ARMC6/mbed-os/features/mbedtls/src/ssl_tls.o
    0x2000075c   0x00000001   Data   RW        11940    .data.support_mesh_multicast  BUILD/VORTEX_MAIN_BOARD/ARMC6/mbed-os/features/nanostack/sal-stack-nanostack/source/6LoWPAN/Mesh/mesh.o
    0x2000075d   0x00000003   PAD
    0x20000760   0x00000008   Data   RW        11567    .data.system_timer_free  BUILD/VORTEX_MAIN_BOARD/ARMC6/mbed-os/features/nanostack/sal-stack-nanostack-eventloop/source/system_timer.o
    0x20000768   0x00000008   Data   RW        11570    .data.system_timer_list  BUILD/VORTEX_MAIN_BOARD/ARMC6/mbed-os/features/nanostack/sal-stack-nanostack-eventloop/source/system_timer.o
    0x20000770   0x00000001   Data   RW        10536    .data.tasklet_id    BUILD/VORTEX_MAIN_BOARD/ARMC6/mbed-os/features/nanostack/coap-service/source/coap_service_api.o
    0x20000771   0x00000003   PAD
    0x20000774   0x00000004   Data   RW        13147    .data.thread_delay_timer_default  BUILD/VORTEX_MAIN_BOARD/ARMC6/mbed-os/features/nanostack/sal-stack-nanostack/source/6LoWPAN/Thread/thread_management_if.o
    0x20000778   0x00000001   Data   RW        12670    .data.thread_discover_tasklet_id  BUILD/VORTEX_MAIN_BOARD/ARMC6/mbed-os/features/nanostack/sal-stack-nanostack/source/6LoWPAN/Thread/thread_discovery.o
    0x20000779   0x00000003   PAD
    0x2000077c   0x00000008   Data   RW        12669    .data.thread_discovery_class_list  BUILD/VORTEX_MAIN_BOARD/ARMC6/mbed-os/features/nanostack/sal-stack-nanostack/source/6LoWPAN/Thread/thread_discovery.o
    0x20000784   0x00000002   Data   RW        13149    .data.thread_joiner_port  BUILD/VORTEX_MAIN_BOARD/ARMC6/mbed-os/features/nanostack/sal-stack-nanostack/source/6LoWPAN/Thread/thread_management_if.o
    0x20000786   0x00000006   Data   RW        13151    .data.thread_key_get.key_seed  BUILD/VORTEX_MAIN_BOARD/ARMC6/mbed-os/features/nanostack/sal-stack-nanostack/source/6LoWPAN/Thread/thread_management_if.o
    0x2000078c   0x00000008   Data   RW        12967    .data.thread_lowpower_data_metrics_instance_list  BUILD/VORTEX_MAIN_BOARD/ARMC6/mbed-os/features/nanostack/sal-stack-nanostack/source/6LoWPAN/Thread/thread_lowpower_api.o
    0x20000794   0x00000001   Data   RW        13150    .data.thread_max_mcast_addr  BUILD/VORTEX_MAIN_BOARD/ARMC6/mbed-os/features/nanostack/sal-stack-nanostack/source/6LoWPAN/Thread/thread_management_if.o
    0x20000795   0x00000001   PAD
    0x20000796   0x00000006   Data   RW        13815    .data.thread_mle_advert_trickle_params  BUILD/VORTEX_MAIN_BOARD/ARMC6/mbed-os/features/nanostack/sal-stack-nanostack/source/6LoWPAN/Thread/thread_routing.o
    0x2000079c   0x00000008   Data   RW        13542    .data.thread_network_dynamic_data_info  BUILD/VORTEX_MAIN_BOARD/ARMC6/mbed-os/features/nanostack/sal-stack-nanostack/source/6LoWPAN/Thread/thread_network_synch.o
    0x200007a4   0x00000004   Data   RW        13148    .data.thread_router_selection_jitter  BUILD/VORTEX_MAIN_BOARD/ARMC6/mbed-os/features/nanostack/sal-stack-nanostack/source/6LoWPAN/Thread/thread_management_if.o
    0x200007a8   0x00000018   Data   RW        13816    .data.thread_routing_mesh_callbacks  BUILD/VORTEX_MAIN_BOARD/ARMC6/mbed-os/features/nanostack/sal-stack-nanostack/source/6LoWPAN/Thread/thread_routing.o
    0x200007c0   0x00000001   Data   RW        12598    .data.thread_version  BUILD/VORTEX_MAIN_BOARD/ARMC6/mbed-os/features/nanostack/sal-stack-nanostack/source/6LoWPAN/Thread/thread_common.o
    0x200007c1   0x00000001   Data   RW        11572    .data.tick_timer_id  BUILD/VORTEX_MAIN_BOARD/ARMC6/mbed-os/features/nanostack/sal-stack-nanostack-eventloop/source/system_timer.o
    0x200007c2   0x00000001   Data   RW        11511    .data.timeout_tasklet_id  BUILD/VORTEX_MAIN_BOARD/ARMC6/mbed-os/features/nanostack/sal-stack-nanostack-eventloop/source/ns_timeout.o
    0x200007c3   0x00000001   Data   RW          286    .data.udp_socketopen_timeout  BUILD/VORTEX_MAIN_BOARD/ARMC6/VORTEX_AQM/vmn_coap_client.o
    0x200007c4   0x00000001   Zero   RW        23442    .bss                ./mbed-os/targets/TARGET_Silicon_Labs/TARGET_SL_RAIL/efr32-rf-driver/rail/TARGET_EFR32_12/librail_efr32xg12_release.ar(rail_singleprotocol.o)
    0x200007c5   0x00000003   PAD
    0x200007c8   0x0000001c   Zero   RW        23443    .bss                ./mbed-os/targets/TARGET_Silicon_Labs/TARGET_SL_RAIL/efr32-rf-driver/rail/TARGET_EFR32_12/librail_efr32xg12_release.ar(rail_singleprotocol.o)
    0x200007e4   0x00000010   Zero   RW        23707    .bss                ./mbed-os/targets/TARGET_Silicon_Labs/TARGET_SL_RAIL/efr32-rf-driver/rail/TARGET_EFR32_12/librail_efr32xg12_release.ar(pa_conversions_efr32.o)
    0x200007f4   0x00000008   Zero   RW        23724    .bss                ./mbed-os/targets/TARGET_Silicon_Labs/TARGET_SL_RAIL/efr32-rf-driver/rail/TARGET_EFR32_12/librail_efr32xg12_release.ar(rail_rf_hal.o)
    0x200007fc   0x0000000c   Zero   RW        23960    .bss                ./mbed-os/targets/TARGET_Silicon_Labs/TARGET_SL_RAIL/efr32-rf-driver/rail/TARGET_EFR32_12/librail_efr32xg12_release.ar(tmrdrv.o)
    0x20000808   0x0000024c   Zero   RW        23993    .bss                ./mbed-os/targets/TARGET_Silicon_Labs/TARGET_SL_RAIL/efr32-rf-driver/rail/TARGET_EFR32_12/librail_efr32xg12_release.ar(bufc.o)
    0x20000a54   0x00000015   Zero   RW        24021    .bss                ./mbed-os/targets/TARGET_Silicon_Labs/TARGET_SL_RAIL/efr32-rf-driver/rail/TARGET_EFR32_12/librail_efr32xg12_release.ar(ir_cal.o)
    0x20000a69   0x00000001   Zero   RW        24101    .bss                ./mbed-os/targets/TARGET_Silicon_Labs/TARGET_SL_RAIL/efr32-rf-driver/rail/TARGET_EFR32_12/librail_efr32xg12_release.ar(protimer.o)
    0x20000a6a   0x00000006   PAD
    0x20000a70   0x00000018   Zero   RW        24102    .bss                ./mbed-os/targets/TARGET_Silicon_Labs/TARGET_SL_RAIL/efr32-rf-driver/rail/TARGET_EFR32_12/librail_efr32xg12_release.ar(protimer.o)
    0x20000a88   0x00000010   Zero   RW        24103    .bss                ./mbed-os/targets/TARGET_Silicon_Labs/TARGET_SL_RAIL/efr32-rf-driver/rail/TARGET_EFR32_12/librail_efr32xg12_release.ar(protimer.o)
    0x20000a98   0x00000018   Zero   RW        24151    .bss                ./mbed-os/targets/TARGET_Silicon_Labs/TARGET_SL_RAIL/efr32-rf-driver/rail/TARGET_EFR32_12/librail_efr32xg12_release.ar(pti.o)
    0x20000ab0   0x00000030   Zero   RW        24231    .bss                ./mbed-os/targets/TARGET_Silicon_Labs/TARGET_SL_RAIL/efr32-rf-driver/rail/TARGET_EFR32_12/librail_efr32xg12_release.ar(rf_test.o)
    0x20000ae0   0x0000000c   Zero   RW        24248    .bss                ./mbed-os/targets/TARGET_Silicon_Labs/TARGET_SL_RAIL/efr32-rf-driver/rail/TARGET_EFR32_12/librail_efr32xg12_release.ar(rfsense.o)
    0x20000aec   0x0000000c   Zero   RW        24265    .bss                ./mbed-os/targets/TARGET_Silicon_Labs/TARGET_SL_RAIL/efr32-rf-driver/rail/TARGET_EFR32_12/librail_efr32xg12_release.ar(rtccsync.o)
    0x20000af8   0x00000004   Zero   RW        24320    .bss                ./mbed-os/targets/TARGET_Silicon_Labs/TARGET_SL_RAIL/efr32-rf-driver/rail/TARGET_EFR32_12/librail_efr32xg12_release.ar(timings.o)
    0x20000afc   0x00000004   PAD
    0x20000b00   0x00000014   Zero   RW        24365    .bss                ./mbed-os/targets/TARGET_Silicon_Labs/TARGET_SL_RAIL/efr32-rf-driver/rail/TARGET_EFR32_12/librail_efr32xg12_release.ar(generic_phy.o)
    0x20000b14   0x00000001   Zero   RW        24366    .bss                ./mbed-os/targets/TARGET_Silicon_Labs/TARGET_SL_RAIL/efr32-rf-driver/rail/TARGET_EFR32_12/librail_efr32xg12_release.ar(generic_phy.o)
    0x20000b15   0x00000003   PAD
    0x20000b18   0x00000054   Zero   RW        24716    .bss                c:\ProgramData\Mbed Studio\mbed-studio-tools\ac6\bin\..\lib\armlib\c_w.l(stdio_streams.o)
    0x20000b6c   0x00000054   Zero   RW        24717    .bss                c:\ProgramData\Mbed Studio\mbed-studio-tools\ac6\bin\..\lib\armlib\c_w.l(stdio_streams.o)
    0x20000bc0   0x00000054   Zero   RW        24718    .bss                c:\ProgramData\Mbed Studio\mbed-studio-tools\ac6\bin\..\lib\armlib\c_w.l(stdio_streams.o)
    0x20000c14   0x000000e4   Zero   RW        24740    .bss                c:\ProgramData\Mbed Studio\mbed-studio-tools\ac6\bin\..\lib\armlib\c_w.l(rand.o)
    0x20000cf8   0x0000002c   Zero   RW        24797    .bss                c:\ProgramData\Mbed Studio\mbed-studio-tools\ac6\bin\..\lib\armlib\c_w.l(localtime.o)
    0x20000d24   0x00000060   Zero   RW        24924    .bss                c:\ProgramData\Mbed Studio\mbed-studio-tools\ac6\bin\..\lib\armlib\c_w.l(libspace.o)
    0x20000d84   0x00000044   Zero   RW        25058    .bss                c:\ProgramData\Mbed Studio\mbed-studio-tools\ac6\bin\..\lib\armlib\c_w.l(asctime.o)
    0x20000dc8   0x00000001   Zero   RW          244    .bss.RH_percentage  BUILD/VORTEX_MAIN_BOARD/ARMC6/VORTEX_AQM/temp_humidity_sensor.o
    0x20000dc9   0x00000003   PAD
    0x20000dcc   0x00000004   Zero   RW           55    .bss.Receive_buff_length  BUILD/VORTEX_MAIN_BOARD/ARMC6/VORTEX_AQM/cli_cmd.o
    0x20000dd0   0x00000400   Zero   RW           59    .bss.Rx_buff        BUILD/VORTEX_MAIN_BOARD/ARMC6/VORTEX_AQM/cli_cmd.o
    0x200011d0   0x00000004   Zero   RW        22163    .bss.SystemCoreClock  BUILD/VORTEX_MAIN_BOARD/ARMC6/mbed-os/targets/TARGET_Silicon_Labs/TARGET_EFM32/TARGET_EFR32MG12/device/system_efr32mg12p.o
    0x200011d4   0x00000001   Zero   RW          245    .bss.Temp_centigrade  BUILD/VORTEX_MAIN_BOARD/ARMC6/VORTEX_AQM/temp_humidity_sensor.o
    0x200011d5   0x00000003   PAD
    0x200011d8   0x00000004   Zero   RW        21179    .bss._ZGVZL15default_consolevE7console  BUILD/VORTEX_MAIN_BOARD/ARMC6/mbed-os/platform/source/mbed_retarget.o
    0x200011dc   0x00000004   Zero   RW        10939    .bss._ZGVZN13MeshInterface27get_target_default_instanceEvE9interface  BUILD/VORTEX_MAIN_BOARD/ARMC6/mbed-os/features/nanostack/mbed-mesh-api/source/ThreadInterface.o
    0x200011e0   0x00000004   Zero   RW        17085    .bss._ZGVZN14NanostackRfPhy20get_default_instanceEvE6rf_phy  BUILD/VORTEX_MAIN_BOARD/ARMC6/mbed-os/features/nanostack/targets/TARGET_Silicon_Labs/TARGET_SL_RAIL/NanostackRfPhyEfr32.o
    0x200011e4   0x00000004   Zero   RW         3271    .bss._ZGVZN4mbed33do_shared_event_queue_with_threadIL12osPriority_t40ELj256ELj1024EEEPN6events10EventQueueEPKcE5queue  BUILD/VORTEX_MAIN_BOARD/ARMC6/mbed-os/events/source/mbed_shared_queues.o
    0x200011e8   0x00000004   Zero   RW         3274    .bss._ZGVZN4mbed33do_shared_event_queue_with_threadIL12osPriority_t40ELj256ELj1024EEEPN6events10EventQueueEPKcE6thread  BUILD/VORTEX_MAIN_BOARD/ARMC6/mbed-os/events/source/mbed_shared_queues.o
    0x200011ec   0x00000004   Zero   RW        11442    .bss._ZGVZN9Nanostack12get_instanceEvE9nanostack  BUILD/VORTEX_MAIN_BOARD/ARMC6/mbed-os/features/nanostack/nanostack-interface/Nanostack.o
    0x200011f0   0x00000004   Zero   RW        10719    .bss._ZL10single_phy  BUILD/VORTEX_MAIN_BOARD/ARMC6/mbed-os/features/nanostack/mbed-mesh-api/source/NanostackEMACInterface.o
    0x200011f4   0x00000004   Zero   RW        10867    .bss._ZL10single_phy  BUILD/VORTEX_MAIN_BOARD/ARMC6/mbed-os/features/nanostack/mbed-mesh-api/source/NanostackPPPInterface.o
    0x200011f8   0x00000040   Zero   RW        11440    .bss._ZL10socket_tbl  BUILD/VORTEX_MAIN_BOARD/ARMC6/mbed-os/features/nanostack/nanostack-interface/Nanostack.o
    0x20001238   0x00000008   Zero   RW        17083    .bss._ZL11MAC_address  BUILD/VORTEX_MAIN_BOARD/ARMC6/mbed-os/features/nanostack/targets/TARGET_Silicon_Labs/TARGET_SL_RAIL/NanostackRfPhyEfr32.o
    0x20001240   0x00000014   Zero   RW        17945    .bss._ZL11dns_call_in  BUILD/VORTEX_MAIN_BOARD/ARMC6/mbed-os/features/netsocket/nsapi_dns.o
    0x20001254   0x00000004   Zero   RW        17088    .bss._ZL11gRailHandle  BUILD/VORTEX_MAIN_BOARD/ARMC6/mbed-os/features/nanostack/targets/TARGET_Silicon_Labs/TARGET_SL_RAIL/NanostackRfPhyEfr32.o
    0x20001258   0x00000001   Zero   RW        17086    .bss._ZL11radio_state  BUILD/VORTEX_MAIN_BOARD/ARMC6/mbed-os/features/nanostack/targets/TARGET_Silicon_Labs/TARGET_SL_RAIL/NanostackRfPhyEfr32.o
    0x20001259   0x0000002c   Zero   RW           67    .bss._ZL11time_buffer  BUILD/VORTEX_MAIN_BOARD/ARMC6/VORTEX_AQM/cli_cmd.o
    0x20001285   0x00000001   Zero   RW        17104    .bss._ZL12data_pending  BUILD/VORTEX_MAIN_BOARD/ARMC6/mbed-os/features/nanostack/targets/TARGET_Silicon_Labs/TARGET_SL_RAIL/NanostackRfPhyEfr32.o
    0x20001286   0x00000002   Zero   RW           79    .bss._ZL12mcp23_IODIRA  BUILD/VORTEX_MAIN_BOARD/ARMC6/VORTEX_AQM/fan_control.o
    0x20001288   0x00000002   Zero   RW          223    .bss._ZL12mcp23_IODIRA  BUILD/VORTEX_MAIN_BOARD/ARMC6/VORTEX_AQM/solenoid.o
    0x2000128a   0x00000002   PAD
    0x2000128c   0x00000004   Zero   RW        17099    .bss._ZL12rf_thread_id  BUILD/VORTEX_MAIN_BOARD/ARMC6/mbed-os/features/nanostack/targets/TARGET_Silicon_Labs/TARGET_SL_RAIL/NanostackRfPhyEfr32.o
    0x20001290   0x0000004c   Zero   RW        17093    .bss._ZL13device_driver  BUILD/VORTEX_MAIN_BOARD/ARMC6/mbed-os/features/nanostack/targets/TARGET_Silicon_Labs/TARGET_SL_RAIL/NanostackRfPhyEfr32.o
    0x200012dc   0x00000004   Zero   RW        17096    .bss._ZL13rx_queue_head  BUILD/VORTEX_MAIN_BOARD/ARMC6/mbed-os/features/nanostack/targets/TARGET_Silicon_Labs/TARGET_SL_RAIL/NanostackRfPhyEfr32.o
    0x200012e0   0x00000004   Zero   RW        17097    .bss._ZL13rx_queue_tail  BUILD/VORTEX_MAIN_BOARD/ARMC6/mbed-os/features/nanostack/targets/TARGET_Silicon_Labs/TARGET_SL_RAIL/NanostackRfPhyEfr32.o
    0x200012e4   0x00000001   Zero   RW        17108    .bss._ZL13sleep_blocked  BUILD/VORTEX_MAIN_BOARD/ARMC6/mbed-os/features/nanostack/targets/TARGET_Silicon_Labs/TARGET_SL_RAIL/NanostackRfPhyEfr32.o
    0x200012e5   0x00000010   Zero   RW        21168    .bss._ZL13stdio_in_prev  BUILD/VORTEX_MAIN_BOARD/ARMC6/mbed-os/platform/source/mbed_retarget.o
    0x200012f5   0x00000003   PAD
    0x200012f8   0x00000024   Zero   RW          401    .bss._ZL14SerialOutMutex  BUILD/VORTEX_MAIN_BOARD/ARMC6/main.o
    0x2000131c   0x00000010   Zero   RW        21169    .bss._ZL14stdio_out_prev  BUILD/VORTEX_MAIN_BOARD/ARMC6/mbed-os/platform/source/mbed_retarget.o
    0x2000132c   0x00000028   Zero   RW        17952    .bss._ZL15dns_cache_mutex  BUILD/VORTEX_MAIN_BOARD/ARMC6/mbed-os/features/netsocket/nsapi_dns.o
    0x20001354   0x00000014   Zero   RW        17949    .bss._ZL15dns_query_queue  BUILD/VORTEX_MAIN_BOARD/ARMC6/mbed-os/features/netsocket/nsapi_dns.o
    0x20001368   0x00000001   Zero   RW        17100    .bss._ZL15waiting_for_ack  BUILD/VORTEX_MAIN_BOARD/ARMC6/mbed-os/features/nanostack/targets/TARGET_Silicon_Labs/TARGET_SL_RAIL/NanostackRfPhyEfr32.o
    0x20001369   0x00000003   PAD
    0x2000136c   0x00000004   Zero   RW        11274    .bss._ZL16arm_hal_callback  BUILD/VORTEX_MAIN_BOARD/ARMC6/mbed-os/features/nanostack/nanostack-hal-mbed-cmsis-rtos/arm_hal_timer.o
    0x20001370   0x000000c8   Zero   RW          374    .bss._ZL16coap_msg_payload  BUILD/VORTEX_MAIN_BOARD/ARMC6/VORTEX_AQM/vmn_coap_server.o
    0x20001438   0x00000028   Zero   RW        21165    .bss._ZL16filehandle_mutex  BUILD/VORTEX_MAIN_BOARD/ARMC6/mbed-os/platform/source/mbed_retarget.o
    0x20001460   0x00000001   Zero   RW        17110    .bss._ZL17current_tx_handle  BUILD/VORTEX_MAIN_BOARD/ARMC6/mbed-os/features/nanostack/targets/TARGET_Silicon_Labs/TARGET_SL_RAIL/NanostackRfPhyEfr32.o
    0x20001461   0x00000001   Zero   RW        17950    .bss._ZL17dns_timer_running  BUILD/VORTEX_MAIN_BOARD/ARMC6/mbed-os/features/netsocket/nsapi_dns.o
    0x20001462   0x00000001   Zero   RW        17101    .bss._ZL19current_tx_sequence  BUILD/VORTEX_MAIN_BOARD/ARMC6/mbed-os/features/nanostack/targets/TARGET_Silicon_Labs/TARGET_SL_RAIL/NanostackRfPhyEfr32.o
    0x20001463   0x00000001   PAD
    0x20001464   0x00000002   Zero   RW          375    .bss._ZL20coap_msg_payload_len  BUILD/VORTEX_MAIN_BOARD/ARMC6/VORTEX_AQM/vmn_coap_server.o
    0x20001466   0x00000001   Zero   RW        17102    .bss._ZL20last_ack_pending_bit  BUILD/VORTEX_MAIN_BOARD/ARMC6/mbed-os/features/nanostack/targets/TARGET_Silicon_Labs/TARGET_SL_RAIL/NanostackRfPhyEfr32.o
    0x20001467   0x00000001   PAD
    0x20001468   0x00000004   Zero   RW        17082    .bss._ZL2rf         BUILD/VORTEX_MAIN_BOARD/ARMC6/mbed-os/features/nanostack/targets/TARGET_Silicon_Labs/TARGET_SL_RAIL/NanostackRfPhyEfr32.o
    0x2000146c   0x00000004   Zero   RW        11275    .bss._ZL3due        BUILD/VORTEX_MAIN_BOARD/ARMC6/mbed-os/features/nanostack/nanostack-hal-mbed-cmsis-rtos/arm_hal_timer.o
    0x20001470   0x0000007c   Zero   RW           78    .bss._ZL3i2c        BUILD/VORTEX_MAIN_BOARD/ARMC6/VORTEX_AQM/fan_control.o
    0x200014ec   0x0000007c   Zero   RW           93    .bss._ZL3i2c        BUILD/VORTEX_MAIN_BOARD/ARMC6/VORTEX_AQM/gas_sensor.o
    0x20001568   0x0000007c   Zero   RW          202    .bss._ZL3i2c        BUILD/VORTEX_MAIN_BOARD/ARMC6/VORTEX_AQM/pm_sensor_sds011.o
    0x200015e4   0x0000007c   Zero   RW          222    .bss._ZL3i2c        BUILD/VORTEX_MAIN_BOARD/ARMC6/VORTEX_AQM/solenoid.o
    0x20001660   0x0000007c   Zero   RW          243    .bss._ZL3i2c        BUILD/VORTEX_MAIN_BOARD/ARMC6/VORTEX_AQM/temp_humidity_sensor.o
    0x200016dc   0x0000007c   Zero   RW          356    .bss._ZL3i2c        BUILD/VORTEX_MAIN_BOARD/ARMC6/VORTEX_AQM/vmn_coap_server.o
    0x20001758   0x0000007c   Zero   RW          400    .bss._ZL3i2c        BUILD/VORTEX_MAIN_BOARD/ARMC6/main.o
    0x200017d4   0x00000004   PAD
    0x200017d8   0x00000028   Zero   RW        11272    .bss._ZL5timer      BUILD/VORTEX_MAIN_BOARD/ARMC6/mbed-os/features/nanostack/nanostack-hal-mbed-cmsis-rtos/arm_hal_timer.o
    0x20001800   0x00000028   Zero   RW        21212    .bss._ZL6_mutex     BUILD/VORTEX_MAIN_BOARD/ARMC6/mbed-os/platform/source/mbed_rtc_time.o
    0x20001828   0x00000004   Zero   RW        11270    .bss._ZL6equeue     BUILD/VORTEX_MAIN_BOARD/ARMC6/mbed-os/features/nanostack/nanostack-hal-mbed-cmsis-rtos/arm_hal_timer.o
    0x2000182c   0x00000100   Zero   RW        17091    .bss._ZL6txFifo     BUILD/VORTEX_MAIN_BOARD/ARMC6/mbed-os/features/nanostack/targets/TARGET_Silicon_Labs/TARGET_SL_RAIL/NanostackRfPhyEfr32.o
    0x2000192c   0x00000004   Zero   RW        17105    .bss._ZL7last_tx    BUILD/VORTEX_MAIN_BOARD/ARMC6/mbed-os/features/nanostack/targets/TARGET_Silicon_Labs/TARGET_SL_RAIL/NanostackRfPhyEfr32.o
    0x20001930   0x00000048   Zero   RW        11273    .bss._ZL7timeout    BUILD/VORTEX_MAIN_BOARD/ARMC6/mbed-os/features/nanostack/nanostack-hal-mbed-cmsis-rtos/arm_hal_timer.o
    0x20001978   0x00000004   Zero   RW        10545    .bss._ZL8_handler   BUILD/VORTEX_MAIN_BOARD/ARMC6/mbed-os/features/nanostack/mbed-mesh-api/source/CallbackHandler.o
    0x2000197c   0x00000410   Zero   RW        17103    .bss._ZL8rx_queue   BUILD/VORTEX_MAIN_BOARD/ARMC6/mbed-os/features/nanostack/targets/TARGET_Silicon_Labs/TARGET_SL_RAIL/NanostackRfPhyEfr32.o
    0x20001d8c   0x0000000c   Zero   RW        17953    .bss._ZL9dns_cache  BUILD/VORTEX_MAIN_BOARD/ARMC6/mbed-os/features/netsocket/nsapi_dns.o
    0x20001d98   0x00000028   Zero   RW        17948    .bss._ZL9dns_mutex  BUILD/VORTEX_MAIN_BOARD/ARMC6/mbed-os/features/netsocket/nsapi_dns.o
    0x20001dc0   0x00000004   Zero   RW        20375    .bss._ZN10CThunkBase17_cthunk_free_realE  BUILD/VORTEX_MAIN_BOARD/ARMC6/mbed-os/platform/source/CThunkBase.o
    0x20001dc4   0x00000028   Zero   RW         1437    .bss._ZN4mbed3I2C6_mutexE  BUILD/VORTEX_MAIN_BOARD/ARMC6/mbed-os/drivers/source/I2C.o
    0x20001dec   0x00000004   Zero   RW         1436    .bss._ZN4mbed3I2C6_ownerE  BUILD/VORTEX_MAIN_BOARD/ARMC6/mbed-os/drivers/source/I2C.o
    0x20001df0   0x00000144   Zero   RW         1748    .bss._ZN4mbed3SPI12_peripheralsE  BUILD/VORTEX_MAIN_BOARD/ARMC6/mbed-os/drivers/source/SPI.o
    0x20001f34   0x00000004   Zero   RW         1749    .bss._ZN4mbed3SPI17_peripherals_usedE  BUILD/VORTEX_MAIN_BOARD/ARMC6/mbed-os/drivers/source/SPI.o
    0x20001f38   0x00000004   Zero   RW        20460    .bss._ZN4mbed8FileBase5_headE  BUILD/VORTEX_MAIN_BOARD/ARMC6/mbed-os/platform/source/FileBase.o
    0x20001f3c   0x00000028   Zero   RW        20461    .bss._ZN4mbed8FileBase6_mutexE  BUILD/VORTEX_MAIN_BOARD/ARMC6/mbed-os/platform/source/FileBase.o
    0x20001f64   0x00000004   Zero   RW        20462    .bss._ZN4mbed8FileBase8_defaultE  BUILD/VORTEX_MAIN_BOARD/ARMC6/mbed-os/platform/source/FileBase.o
    0x20001f68   0x00000038   Zero   RW        20968    .bss._ZN4mbed8internal12_GLOBAL__N_113os_timer_dataE  BUILD/VORTEX_MAIN_BOARD/ARMC6/mbed-os/platform/source/mbed_os_timer.o
    0x20001fa0   0x00000004   Zero   RW        20967    .bss._ZN4mbed8internal8os_timerE  BUILD/VORTEX_MAIN_BOARD/ARMC6/mbed-os/platform/source/mbed_os_timer.o
    0x20001fa4   0x00000004   Zero   RW        21178    .bss._ZZL15default_consolevE7console  BUILD/VORTEX_MAIN_BOARD/ARMC6/mbed-os/platform/source/mbed_retarget.o
    0x20001fa8   0x00000001   Zero   RW        10937    .bss._ZZN13MeshInterface27get_target_default_instanceEvE6inited  BUILD/VORTEX_MAIN_BOARD/ARMC6/mbed-os/features/nanostack/mbed-mesh-api/source/ThreadInterface.o
    0x20001fa9   0x00000003   PAD
    0x20001fac   0x00000054   Zero   RW        10938    .bss._ZZN13MeshInterface27get_target_default_instanceEvE9interface  BUILD/VORTEX_MAIN_BOARD/ARMC6/mbed-os/features/nanostack/mbed-mesh-api/source/ThreadInterface.o
    0x20002000   0x00000004   Zero   RW        17084    .bss._ZZN14NanostackRfPhy20get_default_instanceEvE6rf_phy  BUILD/VORTEX_MAIN_BOARD/ARMC6/mbed-os/features/nanostack/targets/TARGET_Silicon_Labs/TARGET_SL_RAIL/NanostackRfPhyEfr32.o
    0x20002004   0x00000004   PAD
    0x20002008   0x00000100   Zero   RW         3269    .bss._ZZN4mbed33do_shared_event_queue_with_threadIL12osPriority_t40ELj256ELj1024EEEPN6events10EventQueueEPKcE12queue_buffer  BUILD/VORTEX_MAIN_BOARD/ARMC6/mbed-os/events/source/mbed_shared_queues.o
    0x20002108   0x0000005c   Zero   RW         3270    .bss._ZZN4mbed33do_shared_event_queue_with_threadIL12osPriority_t40ELj256ELj1024EEEPN6events10EventQueueEPKcE5queue  BUILD/VORTEX_MAIN_BOARD/ARMC6/mbed-os/events/source/mbed_shared_queues.o
    0x20002164   0x00000004   PAD
    0x20002168   0x00000400   Zero   RW         3272    .bss._ZZN4mbed33do_shared_event_queue_with_threadIL12osPriority_t40ELj256ELj1024EEEPN6events10EventQueueEPKcE5stack  BUILD/VORTEX_MAIN_BOARD/ARMC6/mbed-os/events/source/mbed_shared_queues.o
    0x20002568   0x000000c0   Zero   RW         3273    .bss._ZZN4mbed33do_shared_event_queue_with_threadIL12osPriority_t40ELj256ELj1024EEEPN6events10EventQueueEPKcE6thread  BUILD/VORTEX_MAIN_BOARD/ARMC6/mbed-os/events/source/mbed_shared_queues.o
    0x20002628   0x00000004   Zero   RW        21320    .bss._ZZN4rtos6Kernel12get_ms_countEvE6tick_h  BUILD/VORTEX_MAIN_BOARD/ARMC6/mbed-os/rtos/source/Kernel.o
    0x2000262c   0x00000004   Zero   RW        21321    .bss._ZZN4rtos6Kernel12get_ms_countEvE6tick_l  BUILD/VORTEX_MAIN_BOARD/ARMC6/mbed-os/rtos/source/Kernel.o
    0x20002630   0x00000034   Zero   RW        11441    .bss._ZZN9Nanostack12get_instanceEvE9nanostack  BUILD/VORTEX_MAIN_BOARD/ARMC6/mbed-os/features/nanostack/nanostack-interface/Nanostack.o
    0x20002664   0x00000004   Zero   RW        10868    .bss._ZZN9Nanostack17add_ppp_interfaceER3PPPbPPNS_12PPPInterfaceEE9interface  BUILD/VORTEX_MAIN_BOARD/ARMC6/mbed-os/features/nanostack/mbed-mesh-api/source/NanostackPPPInterface.o
    0x20002668   0x00001000   Zero   RW        21426    .bss._main_stack    BUILD/VORTEX_MAIN_BOARD/ARMC6/mbed-os/rtos/source/TARGET_CORTEX/mbed_rtos_rtx.o
    0x20003668   0x00000024   Zero   RW        21427    .bss._main_thread_attr  BUILD/VORTEX_MAIN_BOARD/ARMC6/mbed-os/rtos/source/TARGET_CORTEX/mbed_rtos_rtx.o
    0x2000368c   0x00000020   Zero   RW        21401    .bss._static_mutexes  BUILD/VORTEX_MAIN_BOARD/ARMC6/mbed-os/rtos/source/TARGET_CORTEX/TOOLCHAIN_ARM_STD/mbed_boot_arm_std.o
    0x200036ac   0x000000e0   Zero   RW        21402    .bss._static_mutexes_mem  BUILD/VORTEX_MAIN_BOARD/ARMC6/mbed-os/rtos/source/TARGET_CORTEX/TOOLCHAIN_ARM_STD/mbed_boot_arm_std.o
    0x2000378c   0x00000001   Zero   RW        20287    .bss._us_ticker_initialized  BUILD/VORTEX_MAIN_BOARD/ARMC6/mbed-os/hal/mbed_us_ticker_api.o
    0x2000378d   0x00000003   PAD
    0x20003790   0x00000004   Zero   RW         9129    .bss.add_count      BUILD/VORTEX_MAIN_BOARD/ARMC6/mbed-os/features/mbedtls/src/ecp.o
    0x20003794   0x00000004   Zero   RW        14514    .bss.addr_iid_secret_key  BUILD/VORTEX_MAIN_BOARD/ARMC6/mbed-os/features/nanostack/sal-stack-nanostack/source/Core/ns_address_internal.o
    0x20003798   0x00000001   Zero   RW        14515    .bss.addr_iid_secret_key_len  BUILD/VORTEX_MAIN_BOARD/ARMC6/mbed-os/features/nanostack/sal-stack-nanostack/source/Core/ns_address_internal.o
    0x20003799   0x00000003   PAD
    0x2000379c   0x00000004   Zero   RW        14516    .bss.addr_initial_iid  BUILD/VORTEX_MAIN_BOARD/ARMC6/mbed-os/features/nanostack/sal-stack-nanostack/source/Core/ns_address_internal.o
    0x200037a0   0x00000004   Zero   RW        12214    .bss.addr_notificastion_timer  BUILD/VORTEX_MAIN_BOARD/ARMC6/mbed-os/features/nanostack/sal-stack-nanostack/source/6LoWPAN/Thread/thread_bootstrap.o
    0x200037a4   0x00000001   Zero   RW        11941    .bss.always_add_mesh_header_as_originator  BUILD/VORTEX_MAIN_BOARD/ARMC6/mbed-os/features/nanostack/sal-stack-nanostack/source/6LoWPAN/Mesh/mesh.o
    0x200037a5   0x00000003   PAD
    0x200037a8   0x00000004   Zero   RW        11109    .bss.app_stack_heap  BUILD/VORTEX_MAIN_BOARD/ARMC6/mbed-os/features/nanostack/mbed-mesh-api/source/mesh_system.o
    0x200037ac   0x00000042   Zero   RW          411    .bss.aqmpayload     BUILD/VORTEX_MAIN_BOARD/ARMC6/main.o
    0x200037ee   0x00000002   PAD
    0x200037f0   0x00000004   Zero   RW        15647    .bss.blacklist_data  BUILD/VORTEX_MAIN_BOARD/ARMC6/mbed-os/features/nanostack/sal-stack-nanostack/source/Service_Libs/blacklist/blacklist.o
    0x200037f4   0x00000004   Zero   RW        14377    .bss.buffer_count   BUILD/VORTEX_MAIN_BOARD/ARMC6/mbed-os/features/nanostack/sal-stack-nanostack/source/Core/buffer_dyn.o
    0x200037f8   0x0000000c   Zero   RW        13609    .bss.cached_fast_data  BUILD/VORTEX_MAIN_BOARD/ARMC6/mbed-os/features/nanostack/sal-stack-nanostack/source/6LoWPAN/Thread/thread_nvm_store.o
    0x20003804   0x00000040   Zero   RW        22929    .bss.channel_ids    BUILD/VORTEX_MAIN_BOARD/ARMC6/mbed-os/targets/TARGET_Silicon_Labs/TARGET_EFM32/gpio_irq_api.o
    0x20003844   0x00000008   Zero   RW        22930    .bss.channel_ports  BUILD/VORTEX_MAIN_BOARD/ARMC6/mbed-os/targets/TARGET_Silicon_Labs/TARGET_EFM32/gpio_irq_api.o
    0x2000384c   0x00000001   Zero   RW          371    .bss.classid        BUILD/VORTEX_MAIN_BOARD/ARMC6/VORTEX_AQM/vmn_coap_server.o
    0x2000384d   0x00000003   PAD
    0x20003850   0x00000004   Zero   RW          360    .bss.coapHandle     BUILD/VORTEX_MAIN_BOARD/ARMC6/VORTEX_AQM/vmn_coap_server.o
    0x20003854   0x00000090   Zero   RW          274    .bss.coap_client_udpsock  BUILD/VORTEX_MAIN_BOARD/ARMC6/VORTEX_AQM/vmn_coap_client.o
    0x200038e4   0x00000004   Zero   RW          280    .bss.coap_payload   BUILD/VORTEX_MAIN_BOARD/ARMC6/VORTEX_AQM/vmn_coap_client.o
    0x200038e8   0x00000004   Zero   RW        10535    .bss.coap_service_handle  BUILD/VORTEX_MAIN_BOARD/ARMC6/mbed-os/features/nanostack/coap-service/source/coap_service_api.o
    0x200038ec   0x0000005c   Zero   RW          278    .bss.coapclient_eventqueue  BUILD/VORTEX_MAIN_BOARD/ARMC6/VORTEX_AQM/vmn_coap_client.o
    0x20003948   0x000000c0   Zero   RW          407    .bss.coapclient_thread  BUILD/VORTEX_MAIN_BOARD/ARMC6/main.o
    0x20003a08   0x00000004   Zero   RW          275    .bss.coaphandle     BUILD/VORTEX_MAIN_BOARD/ARMC6/VORTEX_AQM/vmn_coap_client.o
    0x20003a0c   0x0000005c   Zero   RW          358    .bss.coapserver_eventqueue  BUILD/VORTEX_MAIN_BOARD/ARMC6/VORTEX_AQM/vmn_coap_server.o
    0x20003a68   0x00000002   Zero   RW          363    .bss.coapserver_eventqueue_handle  BUILD/VORTEX_MAIN_BOARD/ARMC6/VORTEX_AQM/vmn_coap_server.o
    0x20003a6a   0x00000002   PAD
    0x20003a6c   0x000000c0   Zero   RW          405    .bss.coapserver_thread  BUILD/VORTEX_MAIN_BOARD/ARMC6/main.o
    0x20003b2c   0x00000050   Zero   RW        15585    .bss.context_list   BUILD/VORTEX_MAIN_BOARD/ARMC6/mbed-os/features/nanostack/sal-stack-nanostack/source/Service_Libs/CCM_lib/mbedOS/aes_mbedtls_adapter.o
    0x20003b7c   0x00000001   Zero   RW           94    .bss.count1         BUILD/VORTEX_MAIN_BOARD/ARMC6/VORTEX_AQM/gas_sensor.o
    0x20003b7d   0x00000001   Zero   RW           95    .bss.count2         BUILD/VORTEX_MAIN_BOARD/ARMC6/VORTEX_AQM/gas_sensor.o
    0x20003b7e   0x00000001   Zero   RW           96    .bss.count3         BUILD/VORTEX_MAIN_BOARD/ARMC6/VORTEX_AQM/gas_sensor.o
    0x20003b7f   0x00000001   Zero   RW           97    .bss.count4         BUILD/VORTEX_MAIN_BOARD/ARMC6/VORTEX_AQM/gas_sensor.o
    0x20003b80   0x00000001   Zero   RW        20176    .bss.critical_interrupts_enabled  BUILD/VORTEX_MAIN_BOARD/ARMC6/mbed-os/hal/mbed_critical_section_api.o
    0x20003b81   0x00000003   PAD
    0x20003b84   0x0000001c   Zero   RW        11249    .bss.critical_mutex  BUILD/VORTEX_MAIN_BOARD/ARMC6/mbed-os/features/nanostack/nanostack-hal-mbed-cmsis-rtos/arm_hal_interrupt.o
    0x20003ba0   0x00000004   Zero   RW        11246    .bss.critical_mutex_id  BUILD/VORTEX_MAIN_BOARD/ARMC6/mbed-os/features/nanostack/nanostack-hal-mbed-cmsis-rtos/arm_hal_interrupt.o
    0x20003ba4   0x00000004   Zero   RW        20856    .bss.critical_section_reentrancy_counter  BUILD/VORTEX_MAIN_BOARD/ARMC6/mbed-os/platform/source/mbed_critical.o
    0x20003ba8   0x00000008   Zero   RW          174    .bss.cs             BUILD/VORTEX_MAIN_BOARD/ARMC6/VORTEX_AQM/mx25r8035f.o
    0x20003bb0   0x00000001   Zero   RW        11494    .bss.curr_tasklet   BUILD/VORTEX_MAIN_BOARD/ARMC6/mbed-os/features/nanostack/sal-stack-nanostack-eventloop/source/event.o
    0x20003bb1   0x00000003   PAD
    0x20003bb4   0x00000030   Zero   RW        12965    .bss.data_response  BUILD/VORTEX_MAIN_BOARD/ARMC6/mbed-os/features/nanostack/sal-stack-nanostack/source/6LoWPAN/Thread/thread_lowpower_api.o
    0x20003be4   0x00000004   Zero   RW         9130    .bss.dbl_count      BUILD/VORTEX_MAIN_BOARD/ARMC6/mbed-os/features/mbedtls/src/ecp.o
    0x20003be8   0x00000002   Zero   RW        16537    .bss.dcache_gc_timer  BUILD/VORTEX_MAIN_BOARD/ARMC6/mbed-os/features/nanostack/sal-stack-nanostack/source/ipv6_stack/ipv6_routing_table.o
    0x20003bea   0x00000002   Zero   RW        22529    .bss.dcdcEm01LoadCurrent_mA  BUILD/VORTEX_MAIN_BOARD/ARMC6/mbed-os/targets/TARGET_Silicon_Labs/TARGET_EFM32/emlib/src/em_emu.o
    0x20003bec   0x00000002   Zero   RW        22533    .bss.dcdcMaxCurrent_mA  BUILD/VORTEX_MAIN_BOARD/ARMC6/mbed-os/targets/TARGET_Silicon_Labs/TARGET_EFM32/emlib/src/em_emu.o
    0x20003bee   0x00000002   Zero   RW        22534    .bss.dcdcReverseCurrentControl  BUILD/VORTEX_MAIN_BOARD/ARMC6/mbed-os/targets/TARGET_Silicon_Labs/TARGET_EFM32/emlib/src/em_emu.o
    0x20003bf0   0x00000004   Zero   RW         8957    .bss.debug_threshold  BUILD/VORTEX_MAIN_BOARD/ARMC6/mbed-os/features/mbedtls/src/debug.o
    0x20003bf4   0x00000002   Zero   RW        20995    .bss.deep_sleep_lock  BUILD/VORTEX_MAIN_BOARD/ARMC6/mbed-os/platform/source/mbed_power_mgmt.o
    0x20003bf6   0x00000002   PAD
    0x20003bf8   0x00000004   Zero   RW         5713    .bss.default_book   BUILD/VORTEX_MAIN_BOARD/ARMC6/mbed-os/features/frameworks/nanostack-libservice/source/nsdynmemLIB/nsdynmemLIB.o
    0x20003bfc   0x00000004   PAD
    0x20003c00   0x00000040   Zero   RW        11169    .bss.device_configuration  BUILD/VORTEX_MAIN_BOARD/ARMC6/mbed-os/features/nanostack/mbed-mesh-api/source/thread_tasklet.o
    0x20003c40   0x00000004   Zero   RW        16601    .bss.dhcp_service   BUILD/VORTEX_MAIN_BOARD/ARMC6/mbed-os/features/nanostack/sal-stack-nanostack/source/libDHCPv6/dhcp_service_api.o
    0x20003c44   0x00000004   Zero   RW        14680    .bss.dhcp_timer_storage  BUILD/VORTEX_MAIN_BOARD/ARMC6/mbed-os/features/nanostack/sal-stack-nanostack/source/DHCPv6_Server/DHCPv6_Server_service.o
    0x20003c48   0x00000001   Zero   RW        16602    .bss.dhcpv6_socket_timeout_timer_active  BUILD/VORTEX_MAIN_BOARD/ARMC6/mbed-os/features/nanostack/sal-stack-nanostack/source/libDHCPv6/dhcp_service_api.o
    0x20003c49   0x00000003   Zero   RW         9126    .bss.ecp_supported_grp_id  BUILD/VORTEX_MAIN_BOARD/ARMC6/mbed-os/features/mbedtls/src/ecp.o
    0x20003c4c   0x00000004   Zero   RW        22530    .bss.emState.cmuStatus  BUILD/VORTEX_MAIN_BOARD/ARMC6/mbed-os/targets/TARGET_Silicon_Labs/TARGET_EFM32/emlib/src/em_emu.o
    0x20003c50   0x00000001   Zero   RW        22531    .bss.emState.hfClock  BUILD/VORTEX_MAIN_BOARD/ARMC6/mbed-os/targets/TARGET_Silicon_Labs/TARGET_EFM32/emlib/src/em_emu.o
    0x20003c51   0x00000001   Zero   RW        22532    .bss.emState.vScaleStatus  BUILD/VORTEX_MAIN_BOARD/ARMC6/mbed-os/targets/TARGET_Silicon_Labs/TARGET_EFM32/emlib/src/em_emu.o
    0x20003c52   0x00000001   Zero   RW        12213    .bss.enabled        BUILD/VORTEX_MAIN_BOARD/ARMC6/mbed-os/features/nanostack/sal-stack-nanostack/source/6LoWPAN/Thread/thread_bootstrap.o
    0x20003c53   0x00000001   PAD
    0x20003c54   0x00000004   Zero   RW        20902    .bss.error_count    BUILD/VORTEX_MAIN_BOARD/ARMC6/mbed-os/platform/source/mbed_error.o
    0x20003c58   0x00000004   Zero   RW        20903    .bss.error_hook     BUILD/VORTEX_MAIN_BOARD/ARMC6/mbed-os/platform/source/mbed_error.o
    0x20003c5c   0x00000004   Zero   RW        11097    .bss.eth_mac_api    BUILD/VORTEX_MAIN_BOARD/ARMC6/mbed-os/features/nanostack/mbed-mesh-api/source/ethernet_tasklet.o
    0x20003c60   0x00000004   Zero   RW        15688    .bss.etx_info.0     BUILD/VORTEX_MAIN_BOARD/ARMC6/mbed-os/features/nanostack/sal-stack-nanostack/source/Service_Libs/etx/etx.o
    0x20003c64   0x00000004   Zero   RW        15689    .bss.etx_info.1     BUILD/VORTEX_MAIN_BOARD/ARMC6/mbed-os/features/nanostack/sal-stack-nanostack/source/Service_Libs/etx/etx.o
    0x20003c68   0x00000001   Zero   RW        15698    .bss.etx_info.10    BUILD/VORTEX_MAIN_BOARD/ARMC6/mbed-os/features/nanostack/sal-stack-nanostack/source/Service_Libs/etx/etx.o
    0x20003c69   0x00000003   PAD
    0x20003c6c   0x00000001   Zero   RW        15699    .bss.etx_info.11    BUILD/VORTEX_MAIN_BOARD/ARMC6/mbed-os/features/nanostack/sal-stack-nanostack/source/Service_Libs/etx/etx.o
    0x20003c6d   0x00000003   PAD
    0x20003c70   0x00000001   Zero   RW        15700    .bss.etx_info.12    BUILD/VORTEX_MAIN_BOARD/ARMC6/mbed-os/features/nanostack/sal-stack-nanostack/source/Service_Libs/etx/etx.o
    0x20003c71   0x00000003   PAD
    0x20003c74   0x00000004   Zero   RW        15690    .bss.etx_info.2     BUILD/VORTEX_MAIN_BOARD/ARMC6/mbed-os/features/nanostack/sal-stack-nanostack/source/Service_Libs/etx/etx.o
    0x20003c78   0x00000004   Zero   RW        15691    .bss.etx_info.3     BUILD/VORTEX_MAIN_BOARD/ARMC6/mbed-os/features/nanostack/sal-stack-nanostack/source/Service_Libs/etx/etx.o
    0x20003c7c   0x00000004   Zero   RW        15692    .bss.etx_info.4     BUILD/VORTEX_MAIN_BOARD/ARMC6/mbed-os/features/nanostack/sal-stack-nanostack/source/Service_Libs/etx/etx.o
    0x20003c80   0x00000002   Zero   RW        15694    .bss.etx_info.6     BUILD/VORTEX_MAIN_BOARD/ARMC6/mbed-os/features/nanostack/sal-stack-nanostack/source/Service_Libs/etx/etx.o
    0x20003c82   0x00000002   PAD
    0x20003c84   0x00000001   Zero   RW        15696    .bss.etx_info.8     BUILD/VORTEX_MAIN_BOARD/ARMC6/mbed-os/features/nanostack/sal-stack-nanostack/source/Service_Libs/etx/etx.o
    0x20003c85   0x00000003   PAD
    0x20003c88   0x00000001   Zero   RW        15697    .bss.etx_info.9     BUILD/VORTEX_MAIN_BOARD/ARMC6/mbed-os/features/nanostack/sal-stack-nanostack/source/Service_Libs/etx/etx.o
    0x20003c89   0x00000001   Zero   RW          282    .bss.event_cancelhandle  BUILD/VORTEX_MAIN_BOARD/ARMC6/VORTEX_AQM/vmn_coap_client.o
    0x20003c8a   0x00000002   PAD
    0x20003c8c   0x0000001c   Zero   RW        11311    .bss.event_mutex    BUILD/VORTEX_MAIN_BOARD/ARMC6/mbed-os/features/nanostack/nanostack-hal-mbed-cmsis-rtos/ns_event_loop_mutex.o
    0x20003ca8   0x00000004   Zero   RW        11306    .bss.event_mutex_id  BUILD/VORTEX_MAIN_BOARD/ARMC6/mbed-os/features/nanostack/nanostack-hal-mbed-cmsis-rtos/ns_event_loop_mutex.o
    0x20003cac   0x00000004   Zero   RW        11308    .bss.event_mutex_owner_id  BUILD/VORTEX_MAIN_BOARD/ARMC6/mbed-os/features/nanostack/nanostack-hal-mbed-cmsis-rtos/ns_event_loop_mutex.o
    0x20003cb0   0x00000004   Zero   RW        11290    .bss.event_thread_id  BUILD/VORTEX_MAIN_BOARD/ARMC6/mbed-os/features/nanostack/nanostack-hal-mbed-cmsis-rtos/ns_event_loop.o
    0x20003cb4   0x00000004   PAD
    0x20003cb8   0x00001800   Zero   RW        11294    .bss.event_thread_stk  BUILD/VORTEX_MAIN_BOARD/ARMC6/mbed-os/features/nanostack/nanostack-hal-mbed-cmsis-rtos/ns_event_loop.o
    0x200054b8   0x00000044   Zero   RW        11293    .bss.event_thread_tcb  BUILD/VORTEX_MAIN_BOARD/ARMC6/mbed-os/features/nanostack/nanostack-hal-mbed-cmsis-rtos/ns_event_loop.o
    0x200054fc   0x00000004   PAD
    0x20005500   0x00000040   Zero   RW        20212    .bss.events         BUILD/VORTEX_MAIN_BOARD/ARMC6/mbed-os/hal/mbed_lp_ticker_api.o
    0x20005540   0x00000040   Zero   RW        20289    .bss.events         BUILD/VORTEX_MAIN_BOARD/ARMC6/mbed-os/hal/mbed_us_ticker_api.o
    0x20005580   0x000000c0   Zero   RW          408    .bss.externalflash_rdwr  BUILD/VORTEX_MAIN_BOARD/ARMC6/main.o
    0x20005640   0x0000005c   Zero   RW          182    .bss.externalflash_rdwr_eventqueue  BUILD/VORTEX_MAIN_BOARD/ARMC6/VORTEX_AQM/mx25r8035f.o
    0x2000569c   0x00000054   Zero   RW        20720    .bss.fault_context  BUILD/VORTEX_MAIN_BOARD/ARMC6/mbed-os/platform/source/TARGET_CORTEX_M/mbed_fault_handler.o
    0x200056f0   0x00000004   Zero   RW        16411    .bss.file_close_cb  BUILD/VORTEX_MAIN_BOARD/ARMC6/mbed-os/features/nanostack/sal-stack-nanostack/source/Service_Libs/utils/ns_file_system.o
    0x200056f4   0x00000004   Zero   RW        16410    .bss.file_open_cb   BUILD/VORTEX_MAIN_BOARD/ARMC6/mbed-os/features/nanostack/sal-stack-nanostack/source/Service_Libs/utils/ns_file_system.o
    0x200056f8   0x00000004   Zero   RW        16414    .bss.file_read_cb   BUILD/VORTEX_MAIN_BOARD/ARMC6/mbed-os/features/nanostack/sal-stack-nanostack/source/Service_Libs/utils/ns_file_system.o
    0x200056fc   0x00000004   Zero   RW        16409    .bss.file_system_root  BUILD/VORTEX_MAIN_BOARD/ARMC6/mbed-os/features/nanostack/sal-stack-nanostack/source/Service_Libs/utils/ns_file_system.o
    0x20005700   0x00000004   Zero   RW        16413    .bss.file_write_cb  BUILD/VORTEX_MAIN_BOARD/ARMC6/mbed-os/features/nanostack/sal-stack-nanostack/source/Service_Libs/utils/ns_file_system.o
    0x20005704   0x00000034   Zero   RW        20901    .bss.first_error_ctx  BUILD/VORTEX_MAIN_BOARD/ARMC6/mbed-os/platform/source/mbed_error.o
    0x20005738   0x00000001   Zero   RW           57    .bss.flag           BUILD/VORTEX_MAIN_BOARD/ARMC6/VORTEX_AQM/cli_cmd.o
    0x20005739   0x00000003   PAD
    0x2000573c   0x00000001   Zero   RW        10470    .bss.get_random.initialised  BUILD/VORTEX_MAIN_BOARD/ARMC6/mbed-os/features/nanostack/coap-service/source/coap_security_handler.o
    0x2000573d   0x00000003   PAD
    0x20005740   0x00000001   Zero   RW        22993    .bss.gpio_clock_inited  BUILD/VORTEX_MAIN_BOARD/ARMC6/mbed-os/targets/TARGET_Silicon_Labs/TARGET_EFM32/pinmap.o
    0x20005741   0x00000001   Zero   RW        20904    .bss.halt_in_progress  BUILD/VORTEX_MAIN_BOARD/ARMC6/mbed-os/platform/source/mbed_error.o
    0x20005742   0x00000002   PAD
    0x20005744   0x0000006c   Zero   RW        15608    .bss.hmac_sha_ctx   BUILD/VORTEX_MAIN_BOARD/ARMC6/mbed-os/features/nanostack/sal-stack-nanostack/source/Service_Libs/SHA256_Lib/shalib.o
    0x200057b0   0x00000010   Zero   RW          277    .bss.ipdestbuffer   BUILD/VORTEX_MAIN_BOARD/ARMC6/VORTEX_AQM/vmn_coap_client.o
    0x200057c0   0x0000005c   Zero   RW        14224    .bss.ipv6_exthdr_provider  BUILD/VORTEX_MAIN_BOARD/ARMC6/mbed-os/features/nanostack/sal-stack-nanostack/source/Common_Protocols/ipv6.o
    0x2000581c   0x0000005c   Zero   RW        16539    .bss.ipv6_route_next_hop_computation  BUILD/VORTEX_MAIN_BOARD/ARMC6/mbed-os/features/nanostack/sal-stack-nanostack/source/ipv6_stack/ipv6_routing_table.o
    0x20005878   0x0000005c   Zero   RW        16538    .bss.ipv6_route_predicate  BUILD/VORTEX_MAIN_BOARD/ARMC6/mbed-os/features/nanostack/sal-stack-nanostack/source/ipv6_stack/ipv6_routing_table.o
    0x200058d4   0x00000017   Zero   RW        16541    .bss.ipv6_route_source_invalidated  BUILD/VORTEX_MAIN_BOARD/ARMC6/mbed-os/features/nanostack/sal-stack-nanostack/source/ipv6_stack/ipv6_routing_table.o
    0x200058eb   0x00000001   PAD
    0x200058ec   0x00000004   Zero   RW        22931    .bss.irq_handler    BUILD/VORTEX_MAIN_BOARD/ARMC6/mbed-os/targets/TARGET_Silicon_Labs/TARGET_EFM32/gpio_irq_api.o
    0x200058f0   0x00000004   Zero   RW        23230    .bss.irq_handler    BUILD/VORTEX_MAIN_BOARD/ARMC6/mbed-os/targets/TARGET_Silicon_Labs/TARGET_EFM32/serial_api.o
    0x200058f4   0x00000001   Zero   RW        23365    .bss.is_trng_enabled  BUILD/VORTEX_MAIN_BOARD/ARMC6/mbed-os/targets/TARGET_Silicon_Labs/TARGET_EFM32/trng/trng_api.o
    0x200058f5   0x00000003   PAD
    0x200058f8   0x00000004   Zero   RW           65    .bss.j              BUILD/VORTEX_MAIN_BOARD/ARMC6/VORTEX_AQM/cli_cmd.o
    0x200058fc   0x00000034   Zero   RW        20900    .bss.last_error_ctx  BUILD/VORTEX_MAIN_BOARD/ARMC6/mbed-os/platform/source/mbed_error.o
    0x20005930   0x00000040   Zero   RW        22216    .bss.ldmaCallback   BUILD/VORTEX_MAIN_BOARD/ARMC6/mbed-os/targets/TARGET_Silicon_Labs/TARGET_EFM32/dma_api.o
    0x20005970   0x00000001   Zero   RW          211    .bss.leap_year_type  BUILD/VORTEX_MAIN_BOARD/ARMC6/VORTEX_AQM/realtimeclock.o
    0x20005971   0x00000007   PAD
    0x20005978   0x00000008   Zero   RW          357    .bss.led            BUILD/VORTEX_MAIN_BOARD/ARMC6/VORTEX_AQM/vmn_coap_server.o
    0x20005980   0x00000008   Zero   RW        23419    .bss.led_1          BUILD/VORTEX_MAIN_BOARD/ARMC6/mesh_led_control_example.o
    0x20005988   0x00000004   Zero   RW           48    .bss.link           BUILD/VORTEX_MAIN_BOARD/ARMC6/VORTEX_AQM/cli_cmd.o
    0x2000598c   0x00000004   Zero   RW           51    .bss.linkcopy       BUILD/VORTEX_MAIN_BOARD/ARMC6/VORTEX_AQM/cli_cmd.o
    0x20005990   0x00000001   Zero   RW        23101    .bss.lptick_inited  BUILD/VORTEX_MAIN_BOARD/ARMC6/mbed-os/targets/TARGET_Silicon_Labs/TARGET_EFM32/rtcc.o
    0x20005991   0x00000003   PAD
    0x20005994   0x00000004   Zero   RW        23099    .bss.lptick_offset  BUILD/VORTEX_MAIN_BOARD/ARMC6/mbed-os/targets/TARGET_Silicon_Labs/TARGET_EFM32/rtcc.o
    0x20005998   0x00000004   Zero   RW        11170    .bss.mac_api        BUILD/VORTEX_MAIN_BOARD/ARMC6/mbed-os/features/nanostack/mbed-mesh-api/source/thread_tasklet.o
    0x2000599c   0x00000004   Zero   RW        15133    .bss.mac_store.0    BUILD/VORTEX_MAIN_BOARD/ARMC6/mbed-os/features/nanostack/sal-stack-nanostack/source/MAC/IEEE802_15_4/sw_mac.o
    0x200059a0   0x00000004   Zero   RW        15134    .bss.mac_store.1    BUILD/VORTEX_MAIN_BOARD/ARMC6/mbed-os/features/nanostack/sal-stack-nanostack/source/MAC/IEEE802_15_4/sw_mac.o
    0x200059a4   0x00000004   Zero   RW        15135    .bss.mac_store.2    BUILD/VORTEX_MAIN_BOARD/ARMC6/mbed-os/features/nanostack/sal-stack-nanostack/source/MAC/IEEE802_15_4/sw_mac.o
    0x200059a8   0x00000004   Zero   RW        15136    .bss.mac_store.3    BUILD/VORTEX_MAIN_BOARD/ARMC6/mbed-os/features/nanostack/sal-stack-nanostack/source/MAC/IEEE802_15_4/sw_mac.o
    0x200059ac   0x00000001   Zero   RW        20899    .bss.mbed_error_in_progress  BUILD/VORTEX_MAIN_BOARD/ARMC6/mbed-os/platform/source/mbed_error.o
    0x200059ad   0x00000003   PAD
    0x200059b0   0x00000004   Zero   RW        21164    .bss.mbed_heap_size  BUILD/VORTEX_MAIN_BOARD/ARMC6/mbed-os/platform/source/mbed_retarget.o
    0x200059b4   0x00000004   Zero   RW        21163    .bss.mbed_heap_start  BUILD/VORTEX_MAIN_BOARD/ARMC6/mbed-os/platform/source/mbed_retarget.o
    0x200059b8   0x00000004   Zero   RW        21417    .bss.mbed_stack_isr_size  BUILD/VORTEX_MAIN_BOARD/ARMC6/mbed-os/rtos/source/TARGET_CORTEX/mbed_boot.o
    0x200059bc   0x00000004   Zero   RW        21416    .bss.mbed_stack_isr_start  BUILD/VORTEX_MAIN_BOARD/ARMC6/mbed-os/rtos/source/TARGET_CORTEX/mbed_boot.o
    0x200059c0   0x00000001   Zero   RW         9125    .bss.mbedtls_ecp_grp_id_list.init_done  BUILD/VORTEX_MAIN_BOARD/ARMC6/mbed-os/features/mbedtls/src/ecp.o
    0x200059c1   0x00000003   PAD
    0x200059c4   0x00000028   Zero   RW         8306    .bss.mbedtls_mutex  BUILD/VORTEX_MAIN_BOARD/ARMC6/mbed-os/features/mbedtls/platform/src/mbed_trng.o
    0x200059ec   0x00000004   Zero   RW           47    .bss.mesh           BUILD/VORTEX_MAIN_BOARD/ARMC6/VORTEX_AQM/cli_cmd.o
    0x200059f0   0x00000001   Zero   RW        11942    .bss.mesh_bc0_sequence  BUILD/VORTEX_MAIN_BOARD/ARMC6/mbed-os/features/nanostack/sal-stack-nanostack/source/6LoWPAN/Mesh/mesh.o
    0x200059f1   0x00000001   Zero   RW        11108    .bss.mesh_initialized  BUILD/VORTEX_MAIN_BOARD/ARMC6/mbed-os/features/nanostack/mbed-mesh-api/source/mesh_system.o
    0x200059f2   0x00000002   Zero   RW         5518    .bss.message_id     BUILD/VORTEX_MAIN_BOARD/ARMC6/mbed-os/features/frameworks/mbed-coap/source/sn_coap_protocol.o
    0x200059f4   0x00000002   Zero   RW          372    .bss.messageid      BUILD/VORTEX_MAIN_BOARD/ARMC6/VORTEX_AQM/vmn_coap_server.o
    0x200059f6   0x00000001   Zero   RW        14284    .bss.mld_querier    BUILD/VORTEX_MAIN_BOARD/ARMC6/mbed-os/features/nanostack/sal-stack-nanostack/source/Common_Protocols/mld.o
    0x200059f7   0x00000001   Zero   RW        14285    .bss.mld_slow_timer.query_timer  BUILD/VORTEX_MAIN_BOARD/ARMC6/mbed-os/features/nanostack/sal-stack-nanostack/source/Common_Protocols/mld.o
    0x200059f8   0x00000004   Zero   RW        16242    .bss.mle_service    BUILD/VORTEX_MAIN_BOARD/ARMC6/mbed-os/features/nanostack/sal-stack-nanostack/source/Service_Libs/mle_service/mle_service.o
    0x200059fc   0x00000004   Zero   RW        12215    .bss.mlr_timer      BUILD/VORTEX_MAIN_BOARD/ARMC6/mbed-os/features/nanostack/sal-stack-nanostack/source/6LoWPAN/Thread/thread_bootstrap.o
    0x20005a00   0x00000001   Zero   RW        15378    .bss.mpl_initted    BUILD/VORTEX_MAIN_BOARD/ARMC6/mbed-os/features/nanostack/sal-stack-nanostack/source/MPL/mpl.o
    0x20005a01   0x00000001   Zero   RW        15380    .bss.mpl_timer_running  BUILD/VORTEX_MAIN_BOARD/ARMC6/mbed-os/features/nanostack/sal-stack-nanostack/source/MPL/mpl.o
    0x20005a02   0x00000002   Zero   RW        15381    .bss.mpl_total_buffered  BUILD/VORTEX_MAIN_BOARD/ARMC6/mbed-os/features/nanostack/sal-stack-nanostack/source/MPL/mpl.o
    0x20005a04   0x00000004   Zero   RW         9131    .bss.mul_count      BUILD/VORTEX_MAIN_BOARD/ARMC6/mbed-os/features/mbedtls/src/ecp.o
    0x20005a08   0x00000034   Zero   RW        23420    .bss.my_button      BUILD/VORTEX_MAIN_BOARD/ARMC6/mesh_led_control_example.o
    0x20005a3c   0x00000001   Zero   RW        14534    .bss.ns_dyn_mem_rate_limiting_threshold_percentage  BUILD/VORTEX_MAIN_BOARD/ARMC6/mbed-os/features/nanostack/sal-stack-nanostack/source/Core/ns_monitor.o
    0x20005a3d   0x00000001   Zero   RW        11317    .bss.ns_hal_init.initted  BUILD/VORTEX_MAIN_BOARD/ARMC6/mbed-os/features/nanostack/nanostack-hal-mbed-cmsis-rtos/ns_hal_init.o
    0x20005a3e   0x00000002   PAD
    0x20005a40   0x00000004   Zero   RW        14532    .bss.ns_monitor_ptr  BUILD/VORTEX_MAIN_BOARD/ARMC6/mbed-os/features/nanostack/sal-stack-nanostack/source/Core/ns_monitor.o
    0x20005a44   0x00000001   Zero   RW        11528    .bss.ns_timer_initialized  BUILD/VORTEX_MAIN_BOARD/ARMC6/mbed-os/features/nanostack/sal-stack-nanostack-eventloop/source/ns_timer.o
    0x20005a45   0x00000001   Zero   RW        11530    .bss.ns_timer_state  BUILD/VORTEX_MAIN_BOARD/ARMC6/mbed-os/features/nanostack/sal-stack-nanostack-eventloop/source/ns_timer.o
    0x20005a46   0x00000002   PAD
    0x20005a48   0x00000004   Zero   RW        15485    .bss.nwk_stats_ptr  BUILD/VORTEX_MAIN_BOARD/ARMC6/mbed-os/features/nanostack/sal-stack-nanostack/source/NWK_INTERFACE/protocol_stats.o
    0x20005a4c   0x00000004   PAD
    0x20005a50   0x00000008   Zero   RW        17044    .bss.opt_temp       BUILD/VORTEX_MAIN_BOARD/ARMC6/mbed-os/features/nanostack/sal-stack-nanostack/source/libNET/src/socket_api.o
    0x20005a58   0x00000040   Zero   RW        21681    .bss.os             BUILD/VORTEX_MAIN_BOARD/ARMC6/mbed-os/rtos/source/TARGET_CORTEX/rtx5/RTX/Source/rtx_lib.o
    0x20005a98   0x000001f0   Zero   RW        21400    .bss.os.libspace    BUILD/VORTEX_MAIN_BOARD/ARMC6/mbed-os/rtos/source/TARGET_CORTEX/TOOLCHAIN_ARM_STD/mbed_boot_arm_std.o
    0x20005c88   0x00000034   Zero   RW        21691    .bss.os.msgqueue.cb  BUILD/VORTEX_MAIN_BOARD/ARMC6/mbed-os/rtos/source/TARGET_CORTEX/rtx5/RTX/Source/rtx_lib.o
    0x20005cbc   0x00000050   Zero   RW        21692    .bss.os.msgqueue.mem  BUILD/VORTEX_MAIN_BOARD/ARMC6/mbed-os/rtos/source/TARGET_CORTEX/rtx5/RTX/Source/rtx_lib.o
    0x20005d0c   0x00000044   Zero   RW        17111    .bss.os.thread.cb   BUILD/VORTEX_MAIN_BOARD/ARMC6/mbed-os/features/nanostack/targets/TARGET_Silicon_Labs/TARGET_SL_RAIL/NanostackRfPhyEfr32.o
    0x20005d50   0x00000044   Zero   RW        21428    .bss.os.thread.cb   BUILD/VORTEX_MAIN_BOARD/ARMC6/mbed-os/rtos/source/TARGET_CORTEX/mbed_rtos_rtx.o
    0x20005d94   0x00000088   Zero   RW        21689    .bss.os.thread.cb   BUILD/VORTEX_MAIN_BOARD/ARMC6/mbed-os/rtos/source/TARGET_CORTEX/rtx5/RTX/Source/rtx_lib.o
    0x20005e1c   0x00000004   PAD
    0x20005e20   0x00000400   Zero   RW        17112    .bss.os.thread.stack  BUILD/VORTEX_MAIN_BOARD/ARMC6/mbed-os/features/nanostack/targets/TARGET_Silicon_Labs/TARGET_SL_RAIL/NanostackRfPhyEfr32.o
    0x20006220   0x00000500   Zero   RW        21690    .bss.os.thread.stack  BUILD/VORTEX_MAIN_BOARD/ARMC6/mbed-os/rtos/source/TARGET_CORTEX/rtx5/RTX/Source/rtx_lib.o
    0x20006720   0x00000001   Zero   RW        21403    .bss.os_kernel_is_active.os_kernel_active  BUILD/VORTEX_MAIN_BOARD/ARMC6/mbed-os/rtos/source/TARGET_CORTEX/TOOLCHAIN_ARM_STD/mbed_boot_arm_std.o
    0x20006721   0x00000007   PAD
    0x20006728   0x00000008   Zero   RW        23421    .bss.output         BUILD/VORTEX_MAIN_BOARD/ARMC6/mesh_led_control_example.o
    0x20006730   0x00000004   Zero   RW        11307    .bss.owner_count    BUILD/VORTEX_MAIN_BOARD/ARMC6/mbed-os/features/nanostack/nanostack-hal-mbed-cmsis-rtos/ns_event_loop_mutex.o
    0x20006734   0x00000002   Zero   RW          284    .bss.packet_len     BUILD/VORTEX_MAIN_BOARD/ARMC6/VORTEX_AQM/vmn_coap_client.o
    0x20006736   0x00000002   Zero   RW           62    .bss.pageaddress2   BUILD/VORTEX_MAIN_BOARD/ARMC6/VORTEX_AQM/cli_cmd.o
    0x20006738   0x00000002   Zero   RW          410    .bss.pagenumber     BUILD/VORTEX_MAIN_BOARD/ARMC6/main.o
    0x2000673a   0x00000002   PAD
    0x2000673c   0x00000004   Zero   RW          279    .bss.payload_length  BUILD/VORTEX_MAIN_BOARD/ARMC6/VORTEX_AQM/vmn_coap_client.o
    0x20006740   0x000000e8   Zero   RW          402    .bss.pc             BUILD/VORTEX_MAIN_BOARD/ARMC6/main.o
    0x20006828   0x00000002   Zero   RW        14620    .bss.port_counter   BUILD/VORTEX_MAIN_BOARD/ARMC6/mbed-os/features/nanostack/sal-stack-nanostack/source/Core/ns_socket.o
    0x2000682a   0x00000002   Zero   RW          364    .bss.portnumber     BUILD/VORTEX_MAIN_BOARD/ARMC6/VORTEX_AQM/vmn_coap_server.o
    0x2000682c   0x00000001   Zero   RW        15455    .bss.power_save_state  BUILD/VORTEX_MAIN_BOARD/ARMC6/mbed-os/features/nanostack/sal-stack-nanostack/source/NWK_INTERFACE/protocol_core.o
    0x2000682d   0x00000003   PAD
    0x20006830   0x00000014   Zero   RW        15607    .bss.prf_sec        BUILD/VORTEX_MAIN_BOARD/ARMC6/mbed-os/features/nanostack/sal-stack-nanostack/source/Service_Libs/SHA256_Lib/shalib.o
    0x20006844   0x0000000a   Zero   RW        11633    .bss.protocol_6lowpan_map_ip_to_link_addr.ll_addr  BUILD/VORTEX_MAIN_BOARD/ARMC6/mbed-os/features/nanostack/sal-stack-nanostack/source/6LoWPAN/Bootstraps/Generic/protocol_6lowpan.o
    0x2000684e   0x00000002   PAD
    0x20006850   0x00000004   Zero   RW        15460    .bss.protocol_core_buffers_in_event_queue  BUILD/VORTEX_MAIN_BOARD/ARMC6/mbed-os/features/nanostack/sal-stack-nanostack/source/NWK_INTERFACE/protocol_core.o
    0x20006854   0x00000004   Zero   RW        15457    .bss.protocol_core_monotonic_time  BUILD/VORTEX_MAIN_BOARD/ARMC6/mbed-os/features/nanostack/sal-stack-nanostack/source/NWK_INTERFACE/protocol_core.o
    0x20006858   0x00000001   Zero   RW        15462    .bss.protocol_core_timer_info.0  BUILD/VORTEX_MAIN_BOARD/ARMC6/mbed-os/features/nanostack/sal-stack-nanostack/source/NWK_INTERFACE/protocol_core.o
    0x20006859   0x00000001   PAD
    0x2000685a   0x00000001   Zero   RW        15463    .bss.protocol_core_timer_info.1  BUILD/VORTEX_MAIN_BOARD/ARMC6/mbed-os/features/nanostack/sal-stack-nanostack/source/NWK_INTERFACE/protocol_core.o
    0x2000685b   0x00000001   PAD
    0x2000685c   0x00000001   Zero   RW        15464    .bss.protocol_core_timer_info.2  BUILD/VORTEX_MAIN_BOARD/ARMC6/mbed-os/features/nanostack/sal-stack-nanostack/source/NWK_INTERFACE/protocol_core.o
    0x2000685d   0x00000001   Zero   RW        15503    .bss.protocol_tick_handle_busy  BUILD/VORTEX_MAIN_BOARD/ARMC6/mbed-os/features/nanostack/sal-stack-nanostack/source/NWK_INTERFACE/protocol_timer.o
    0x2000685e   0x00000002   Zero   RW        15505    .bss.protocol_tick_update  BUILD/VORTEX_MAIN_BOARD/ARMC6/mbed-os/features/nanostack/sal-stack-nanostack/source/NWK_INTERFACE/protocol_timer.o
    0x20006860   0x0000003c   Zero   RW        15504    .bss.protocol_timer  BUILD/VORTEX_MAIN_BOARD/ARMC6/mbed-os/features/nanostack/sal-stack-nanostack/source/NWK_INTERFACE/protocol_timer.o
    0x2000689c   0x0000005c   Zero   RW        23424    .bss.queue          BUILD/VORTEX_MAIN_BOARD/ARMC6/mesh_led_control_example.o
    0x200068f8   0x00000001   Zero   RW          368    .bss.requested_msg_type  BUILD/VORTEX_MAIN_BOARD/ARMC6/VORTEX_AQM/vmn_coap_server.o
    0x200068f9   0x00000001   Zero   RW          283    .bss.retransmit_count  BUILD/VORTEX_MAIN_BOARD/ARMC6/VORTEX_AQM/vmn_coap_client.o
    0x200068fa   0x00000002   PAD
    0x200068fc   0x00000004   Zero   RW          404    .bss.seconds        BUILD/VORTEX_MAIN_BOARD/ARMC6/main.o
    0x20006900   0x00000004   Zero   RW          281    .bss.sendpacket     BUILD/VORTEX_MAIN_BOARD/ARMC6/VORTEX_AQM/vmn_coap_client.o
    0x20006904   0x0000005c   Zero   RW          246    .bss.sensor_eventqueue  BUILD/VORTEX_MAIN_BOARD/ARMC6/VORTEX_AQM/temp_humidity_sensor.o
    0x20006960   0x000000e8   Zero   RW          403    .bss.serial         BUILD/VORTEX_MAIN_BOARD/ARMC6/main.o
    0x20006a48   0x00000014   Zero   RW        23231    .bss.serial_irq_ids  BUILD/VORTEX_MAIN_BOARD/ARMC6/mbed-os/targets/TARGET_Silicon_Labs/TARGET_EFM32/serial_api.o
    0x20006a5c   0x00000004   Zero   RW          369    .bss.server_recv_coappayload  BUILD/VORTEX_MAIN_BOARD/ARMC6/VORTEX_AQM/vmn_coap_server.o
    0x20006a60   0x00000001   Zero   RW          370    .bss.server_recv_coappayload_length  BUILD/VORTEX_MAIN_BOARD/ARMC6/VORTEX_AQM/vmn_coap_server.o
    0x20006a61   0x00000001   Zero   RW          247    .bss.si7021eventhanlder  BUILD/VORTEX_MAIN_BOARD/ARMC6/VORTEX_AQM/temp_humidity_sensor.o
    0x20006a62   0x00000002   PAD
    0x20006a64   0x00000010   Zero   RW        21424    .bss.singleton_mutex_attr  BUILD/VORTEX_MAIN_BOARD/ARMC6/mbed-os/rtos/source/TARGET_CORTEX/mbed_rtos_rtx.o
    0x20006a74   0x00000004   Zero   RW        21429    .bss.singleton_mutex_id  BUILD/VORTEX_MAIN_BOARD/ARMC6/mbed-os/rtos/source/TARGET_CORTEX/mbed_rtos_rtx.o
    0x20006a78   0x0000001c   Zero   RW        21425    .bss.singleton_mutex_obj  BUILD/VORTEX_MAIN_BOARD/ARMC6/mbed-os/rtos/source/TARGET_CORTEX/mbed_rtos_rtx.o
    0x20006a94   0x00000018   Zero   RW           53    .bss.sockAddr       BUILD/VORTEX_MAIN_BOARD/ARMC6/VORTEX_AQM/cli_cmd.o
    0x20006aac   0x0000000c   Zero   RW        14623    .bss.socket_buffer_cb_run.socket_cb_buffer  BUILD/VORTEX_MAIN_BOARD/ARMC6/mbed-os/features/nanostack/sal-stack-nanostack/source/Core/ns_socket.o
    0x20006ab8   0x0000000c   Zero   RW        14626    .bss.socket_cb_event_run.socket_cb_event_buffer  BUILD/VORTEX_MAIN_BOARD/ARMC6/mbed-os/features/nanostack/sal-stack-nanostack/source/Core/ns_socket.o
    0x20006ac4   0x00000008   Zero   RW        14627    .bss.socket_cb_event_run.socket_cb_event_stucture  BUILD/VORTEX_MAIN_BOARD/ARMC6/mbed-os/features/nanostack/sal-stack-nanostack/source/Core/ns_socket.o
    0x20006acc   0x00000008   Zero   RW        14624    .bss.socket_cb_run.socket_cb_structure  BUILD/VORTEX_MAIN_BOARD/ARMC6/mbed-os/features/nanostack/sal-stack-nanostack/source/Core/ns_socket.o
    0x20006ad4   0x00000040   Zero   RW        14622    .bss.socket_instance  BUILD/VORTEX_MAIN_BOARD/ARMC6/mbed-os/features/nanostack/sal-stack-nanostack/source/Core/ns_socket.o
    0x20006b14   0x00000068   Zero   RW          173    .bss.spi            BUILD/VORTEX_MAIN_BOARD/ARMC6/VORTEX_AQM/mx25r8035f.o
    0x20006b7c   0x00000008   Zero   RW        16285    .bss.srv_buf_list   BUILD/VORTEX_MAIN_BOARD/ARMC6/mbed-os/features/nanostack/sal-stack-nanostack/source/Service_Libs/mle_service/mle_service_buffer.o
    0x20006b84   0x00000008   Zero   RW        16302    .bss.srv_framecounter_instance_list  BUILD/VORTEX_MAIN_BOARD/ARMC6/mbed-os/features/nanostack/sal-stack-nanostack/source/Service_Libs/mle_service/mle_service_frame_counter_table.o
    0x20006b8c   0x00000008   Zero   RW        16315    .bss.srv_interface_list  BUILD/VORTEX_MAIN_BOARD/ARMC6/mbed-os/features/nanostack/sal-stack-nanostack/source/Service_Libs/mle_service/mle_service_interface.o
    0x20006b94   0x00000008   Zero   RW        16346    .bss.srv_security_instance_list  BUILD/VORTEX_MAIN_BOARD/ARMC6/mbed-os/features/nanostack/sal-stack-nanostack/source/Service_Libs/mle_service/mle_service_security.o
    0x20006b9c   0x00000118   Zero   RW        11498    .bss.startup_event_pool  BUILD/VORTEX_MAIN_BOARD/ARMC6/mbed-os/features/nanostack/sal-stack-nanostack-eventloop/source/event.o
    0x20006cb4   0x000000d8   Zero   RW        11568    .bss.startup_sys_timer_pool  BUILD/VORTEX_MAIN_BOARD/ARMC6/mbed-os/features/nanostack/sal-stack-nanostack-eventloop/source/system_timer.o
    0x20006d8c   0x00000004   PAD
    0x20006d90   0x00000008   Zero   RW         5430    .bss.state.0        BUILD/VORTEX_MAIN_BOARD/ARMC6/mbed-os/features/frameworks/mbed-client-randlib/source/randLIB.o
    0x20006d98   0x00000008   Zero   RW         5431    .bss.state.1        BUILD/VORTEX_MAIN_BOARD/ARMC6/mbed-os/features/frameworks/mbed-client-randlib/source/randLIB.o
    0x20006da0   0x00000001   Zero   RW        20175    .bss.state_saved    BUILD/VORTEX_MAIN_BOARD/ARMC6/mbed-os/hal/mbed_critical_section_api.o
    0x20006da1   0x00000003   PAD
    0x20006da4   0x00000060   Zero   RW        23229    .bss.stdio_uart     BUILD/VORTEX_MAIN_BOARD/ARMC6/mbed-os/targets/TARGET_Silicon_Labs/TARGET_EFM32/serial_api.o
    0x20006e04   0x00000004   Zero   RW        23227    .bss.stdio_uart_inited  BUILD/VORTEX_MAIN_BOARD/ARMC6/mbed-os/targets/TARGET_Silicon_Labs/TARGET_EFM32/serial_api.o
    0x20006e08   0x0000006c   Zero   RW         9719    .bss.supported_ciphersuites  BUILD/VORTEX_MAIN_BOARD/ARMC6/mbed-os/features/mbedtls/src/ssl_ciphersuites.o
    0x20006e74   0x00000001   Zero   RW         9717    .bss.supported_init  BUILD/VORTEX_MAIN_BOARD/ARMC6/mbed-os/features/mbedtls/src/ssl_ciphersuites.o
    0x20006e75   0x00000001   Zero   RW        11248    .bss.sys_irq_disable_counter  BUILD/VORTEX_MAIN_BOARD/ARMC6/mbed-os/features/nanostack/nanostack-hal-mbed-cmsis-rtos/arm_hal_interrupt.o
    0x20006e76   0x00000002   PAD
    0x20006e78   0x00000004   Zero   RW        11096    .bss.tasklet_data_ptr  BUILD/VORTEX_MAIN_BOARD/ARMC6/mbed-os/features/nanostack/mbed-mesh-api/source/ethernet_tasklet.o
    0x20006e7c   0x00000004   Zero   RW        14335    .bss.tcp_generate_isn.fudge  BUILD/VORTEX_MAIN_BOARD/ARMC6/mbed-os/features/nanostack/sal-stack-nanostack/source/Common_Protocols/tcp.o
    0x20006e80   0x00000011   Zero   RW        14334    .bss.tcp_generate_isn.secret  BUILD/VORTEX_MAIN_BOARD/ARMC6/mbed-os/features/nanostack/sal-stack-nanostack/source/Common_Protocols/tcp.o
    0x20006e91   0x00000001   PAD
    0x20006e92   0x00000002   Zero   RW        14332    .bss.tcp_session_count  BUILD/VORTEX_MAIN_BOARD/ARMC6/mbed-os/features/nanostack/sal-stack-nanostack/source/Common_Protocols/tcp.o
    0x20006e94   0x000000c0   Zero   RW          406    .bss.temp_hum_sensor_thread  BUILD/VORTEX_MAIN_BOARD/ARMC6/main.o
    0x20006f54   0x00000004   Zero   RW        21462    .bss.terminate_hook  BUILD/VORTEX_MAIN_BOARD/ARMC6/mbed-os/rtos/source/TARGET_CORTEX/mbed_rtx_handlers.o
    0x20006f58   0x00000004   Zero   RW        13152    .bss.thread_key_get.temp32_buf  BUILD/VORTEX_MAIN_BOARD/ARMC6/mbed-os/features/nanostack/sal-stack-nanostack/source/6LoWPAN/Thread/thread_management_if.o
    0x20006f5c   0x00000004   Zero   RW        11167    .bss.thread_tasklet_data_ptr  BUILD/VORTEX_MAIN_BOARD/ARMC6/mbed-os/features/nanostack/mbed-mesh-api/source/thread_tasklet.o
    0x20006f60   0x00000004   Zero   RW        11571    .bss.tick_timer_callback  BUILD/VORTEX_MAIN_BOARD/ARMC6/mbed-os/features/nanostack/sal-stack-nanostack-eventloop/source/system_timer.o
    0x20006f64   0x00000004   PAD
    0x20006f68   0x00000040   Zero   RW        23425    .bss.ticker         BUILD/VORTEX_MAIN_BOARD/ARMC6/mesh_led_control_example.o
    0x20006fa8   0x00000004   Zero   RW        11569    .bss.timer_sys_ticks  BUILD/VORTEX_MAIN_BOARD/ARMC6/mbed-os/features/nanostack/sal-stack-nanostack-eventloop/source/system_timer.o
    0x20006fac   0x00000002   Zero   RW          179    .bss.total_written_flashpages_count  BUILD/VORTEX_MAIN_BOARD/ARMC6/VORTEX_AQM/mx25r8035f.o
    0x20006fae   0x00000002   PAD
    0x20006fb0   0x00000090   Zero   RW          359    .bss.udpsock        BUILD/VORTEX_MAIN_BOARD/ARMC6/VORTEX_AQM/vmn_coap_server.o
    0x20007040   0x00000001   Zero   RW        23385    .bss.us_ticker_inited  BUILD/VORTEX_MAIN_BOARD/ARMC6/mbed-os/targets/TARGET_Silicon_Labs/TARGET_EFM32/us_ticker.o
    0x20007041   0x00000001   Zero   RW        22535    .bss.vScaleEM01Config.0  BUILD/VORTEX_MAIN_BOARD/ARMC6/mbed-os/targets/TARGET_Silicon_Labs/TARGET_EFM32/emlib/src/em_emu.o
    0x20007042   0x00000002   Zero   RW           64    .bss.written_pages_count  BUILD/VORTEX_MAIN_BOARD/ARMC6/VORTEX_AQM/cli_cmd.o


    Execution Region ARM_LIB_STACK (Base: 0x2003fc00, Size: 0x00000400, Max: 0x00000400, ABSOLUTE)

    Base Addr    Size         Type   Attr      Idx    E Section Name        Object

    0x2003fc00   0x00000400   Zero   RW            1    ARM_LIB_STACK.bss   anon$$obj.o


==============================================================================

Image component sizes


      Code (inc. data)   RO Data    RW Data    ZI Data      Debug   

    445042      12084      38580       1544      26236     146116   Object Totals
         0          0         32          0       1024          0   (incl. Generated)
       976          0         27         77        160          0   (incl. Padding)
     50330       3468       6616        172       1540      90891   Library Totals
        56          0        244          6         16          0   (incl. Padding)

==============================================================================


      Code (inc. data)   RO Data    RW Data    ZI Data      Debug   

    495372      15552      45196       1716      27776     160715   Grand Totals
    495372      15552      45196        616      27776     160715   ELF Image Totals (compressed)
    495372      15552      45196        616          0          0   ROM Totals

==============================================================================

    Total RO  Size (Code + RO Data)               540568 ( 527.90kB)
    Total RW  Size (RW Data + ZI Data)             29492 (  28.80kB)
    Total ROM Size (Code + RO Data + RW Data)     541184 ( 528.50kB)

==============================================================================

